FILE_TYPE=LIBRARY_PARTS;
PRIMITIVE 'P6SMBJ5.0CA','P6SMBJ5.0CA_Diodes Moulded Non Polarised';
  PIN
    '1':
      PIN_NUMBER='(1)';
      NO_LOAD_CHECK=BOTH;
      NO_IO_CHECK=BOTH;
      ALLOW_CONNECT=TRUE;
      PINUSE='UNSPEC';
    '2':
      PIN_NUMBER='(2)';
      NO_LOAD_CHECK=BOTH;
      NO_IO_CHECK=BOTH;
      ALLOW_CONNECT=TRUE;
      PINUSE='UNSPEC';
  END_PIN;
  BODY
    PART_NAME='P6SMBJ5.0CA';
    PHYS_DES_PREFIX='D';
    NO_LOAD_CHECK='TRUE';
    PIN_COUNT='2';
    BODY_NAME='P6SMBJ5.0CA';
    JEDEC_TYPE='DIONM5437X240N';
  END_BODY;
END_PRIMITIVE;
END.
