Removed Pin From Net: NetName=GND1 Pin=R10-2
Removed Pin From Net: NetName=GND1 Pin=R21-1
Removed Member From Class: ClassName=Principal.V01.R00 Member=R10
Removed Member From Class: ClassName=Principal.V01.R00 Member=R20
Removed Member From Class: ClassName=Principal.V01.R00 Member=R21
Added Pin To Net: NetName=GND1 Pin=B1-11
Added Pin To Net: NetName=GND1 Pin=B1-12
Added Pin To Net: NetName=GND1 Pin=B2-9
Added Pin To Net: NetName=GND1 Pin=B2-10
Added Pin To Net: NetName=GND1 Pin=B2-11
Added Pin To Net: NetName=GND1 Pin=B2-12
Added Pin To Net: NetName=GND1 Pin=C3-2
Added Pin To Net: NetName=GND1 Pin=C6-2
Added Pin To Net: NetName=GND1 Pin=C7-2
Added Pin To Net: NetName=GND1 Pin=C11-2
Added Pin To Net: NetName=GND1 Pin=C13-2
Added Pin To Net: NetName=GND1 Pin=C14-2
Added Pin To Net: NetName=GND1 Pin=C15-2
Added Pin To Net: NetName=GND1 Pin=C16-2
Added Pin To Net: NetName=GND1 Pin=C17-1
Added Pin To Net: NetName=GND1 Pin=C18-1
Added Pin To Net: NetName=GND1 Pin=C19-2
Added Pin To Net: NetName=GND1 Pin=C20-2
Added Pin To Net: NetName=GND1 Pin=C21-1
Added Pin To Net: NetName=GND1 Pin=C22-1
Added Pin To Net: NetName=GND1 Pin=C23-1
Added Pin To Net: NetName=GND1 Pin=C24-2
Added Pin To Net: NetName=GND1 Pin=C25-2
Added Pin To Net: NetName=GND1 Pin=C26-2
Added Pin To Net: NetName=GND1 Pin=C27-1
Added Pin To Net: NetName=GND1 Pin=C28-1
Added Pin To Net: NetName=GND1 Pin=C29-1
Added Pin To Net: NetName=GND1 Pin=D4-2
Added Pin To Net: NetName=GND1 Pin=D10-2
Added Pin To Net: NetName=GND1 Pin=D12-1
Added Pin To Net: NetName=GND1 Pin=D13-2
Added Pin To Net: NetName=GND1 Pin=L1-2
Added Pin To Net: NetName=GND1 Pin=L4-2
Added Pin To Net: NetName=GND1 Pin=R9-1
Added Pin To Net: NetName=GND1 Pin=R16-1
Added Pin To Net: NetName=GND1 Pin=R17-1
Added Pin To Net: NetName=GND1 Pin=R18-1
Added Pin To Net: NetName=GND1 Pin=R19-1
Added Pin To Net: NetName=GND1 Pin=U1-3
Added Pin To Net: NetName=GND1 Pin=U1-6
Change Net Name : Old Net Name=GND1 New Net Name=GND
Change Net Color : Old Net Color=Red New Net Color=Default
