Removed Member From Class: ClassName=Offset2 Member=B1
Removed Member From Class: ClassName=ConexionesPanelFrontal/Perifericos Member=B6
Removed Member From Class: ClassName=Conversor_Diff_A_Simple1 Member=B15
Removed Member From Class: ClassName=MICROCONTROLADOR RP2040 Member=B15
Removed Member From Class: ClassName=DAC_BIPOLAR_CH1-CH2 Member=B18
Removed Member From Class: ClassName=Offset1 Member=B18
Removed Member From Class: ClassName=Atenuador_Digital_Pasos1 Member=B19
Removed Member From Class: ClassName=Offset1 Member=C1
Removed Member From Class: ClassName=Offset1 Member=C3
Removed Member From Class: ClassName=Offset1 Member=C5
Removed Member From Class: ClassName=Offset2 Member=C7
Removed Member From Class: ClassName=Offset2 Member=C9
Removed Member From Class: ClassName=Offset2 Member=C11
Removed Member From Class: ClassName=Offset2 Member=C13
Removed Member From Class: ClassName=Offset2 Member=C15
Removed Member From Class: ClassName=Conversor_Diff_A_Simple2 Member=C17
Removed Member From Class: ClassName=DAC_BIPOLAR_CH1-CH2 Member=C17
Removed Member From Class: ClassName=Conversor_Diff_A_Simple2 Member=C18
Removed Member From Class: ClassName=DAC_BIPOLAR_CH1-CH2 Member=C18
Removed Member From Class: ClassName=Conversor_Diff_A_Simple2 Member=C19
Removed Member From Class: ClassName=DAC_BIPOLAR_CH1-CH2 Member=C19
Removed Member From Class: ClassName=DAC_BIPOLAR_CH1-CH2 Member=C20
Removed Member From Class: ClassName=DAC_BIPOLAR_CH1-CH2 Member=C21
Removed Member From Class: ClassName=DAC_OFFSET_CANAL1 Member=C21
Removed Member From Class: ClassName=DAC_BIPOLAR_CH1-CH2 Member=C22
Removed Member From Class: ClassName=DAC_OFFSET_CANAL2 Member=C22
Removed Member From Class: ClassName=DAC_BIPOLAR_CH1-CH2 Member=C23
Removed Member From Class: ClassName=DAC_OFFSET_CANAL2 Member=C23
Removed Member From Class: ClassName=DAC_BIPOLAR_CH1-CH2 Member=C24
Removed Member From Class: ClassName=MICROCONTROLADOR RP2040 Member=C24
Removed Member From Class: ClassName=Atenuador_Digital_Pasos1 Member=C25
Removed Member From Class: ClassName=Atenuador_Digital_Pasos1 Member=C26
Removed Member From Class: ClassName=Atenuador_Digital_Pasos1 Member=C27
Removed Member From Class: ClassName=Offset1 Member=C44
Removed Member From Class: ClassName=Offset1 Member=C45
Removed Member From Class: ClassName=Alimentacion y Filtro Member=C71
Removed Member From Class: ClassName=Offset1 Member=C71
Removed Member From Class: ClassName=Alimentacion y Filtro Member=C72
Removed Member From Class: ClassName=Alimentacion y Filtro Member=C73
Removed Member From Class: ClassName=Offset1 Member=C73
Removed Member From Class: ClassName=Alimentacion y Filtro Member=C74
Removed Member From Class: ClassName=Alimentacion y Filtro Member=C75
Removed Member From Class: ClassName=Offset1 Member=C75
Removed Member From Class: ClassName=Alimentacion y Filtro Member=C76
Removed Member From Class: ClassName=Alimentacion y Filtro Member=C77
Removed Member From Class: ClassName=Offset2 Member=C77
Removed Member From Class: ClassName=Alimentacion y Filtro Member=C78
Removed Member From Class: ClassName=Alimentacion y Filtro Member=C79
Removed Member From Class: ClassName=Offset2 Member=C79
Removed Member From Class: ClassName=Alimentacion y Filtro Member=C80
Removed Member From Class: ClassName=Alimentacion y Filtro Member=C81
Removed Member From Class: ClassName=Offset2 Member=C81
Removed Member From Class: ClassName=Alimentacion y Filtro Member=C82
Removed Member From Class: ClassName=Alimentacion y Filtro Member=C83
Removed Member From Class: ClassName=Offset2 Member=C83
Removed Member From Class: ClassName=Alimentacion y Filtro Member=C84
Removed Member From Class: ClassName=Alimentacion y Filtro Member=C85
Removed Member From Class: ClassName=Offset2 Member=C85
Removed Member From Class: ClassName=Alimentacion y Filtro Member=C86
Removed Member From Class: ClassName=DAC_OFFSET_CANAL1 Member=C110
Removed Member From Class: ClassName=Conversor_Diff_A_Simple1 Member=C167
Removed Member From Class: ClassName=Conversor_Diff_A_Simple2 Member=C168
Removed Member From Class: ClassName=Conversor_Diff_A_Simple2 Member=C169
Removed Member From Class: ClassName=Conversor_Diff_A_Simple2 Member=C170
Removed Member From Class: ClassName=Conversor_Diff_A_Simple2 Member=C171
Removed Member From Class: ClassName=Conversor_Diff_A_Simple2 Member=C172
Removed Member From Class: ClassName=Atenuador_Digital_Pasos1 Member=C173
Removed Member From Class: ClassName=Atenuador_Digital_Pasos1 Member=C174
Removed Member From Class: ClassName=Atenuador_Digital_Pasos1 Member=C175
Removed Member From Class: ClassName=Atenuador_Digital_Pasos1 Member=C176
Removed Member From Class: ClassName=Atenuador_Digital_Pasos1 Member=C177
Removed Member From Class: ClassName=Atenuador_Digital_Pasos1 Member=C178
Removed Member From Class: ClassName=Atenuador_Digital_Pasos1 Member=C179
Removed Member From Class: ClassName=Atenuador_Digital_Pasos1 Member=C180
Removed Member From Class: ClassName=Atenuador_Digital_Pasos2 Member=C181
Removed Member From Class: ClassName=Atenuador_Digital_Pasos2 Member=C182
Removed Member From Class: ClassName=Atenuador_Digital_Pasos2 Member=C183
Removed Member From Class: ClassName=Atenuador_Digital_Pasos2 Member=C184
Removed Member From Class: ClassName=Atenuador_Digital_Pasos2 Member=C185
Removed Member From Class: ClassName=Atenuador_Digital_Pasos2 Member=C186
Removed Member From Class: ClassName=Atenuador_Digital_Pasos2 Member=C187
Removed Member From Class: ClassName=Atenuador_Digital_Pasos2 Member=C188
Removed Member From Class: ClassName=Atenuador_Digital_Pasos2 Member=C189
Removed Member From Class: ClassName=Atenuador_Digital_Pasos2 Member=C190
Removed Member From Class: ClassName=Atenuador_Digital_Pasos2 Member=C191
Removed Member From Class: ClassName=Conversor_Diff_A_Simple1 Member=C192
Removed Member From Class: ClassName=RELOJ_SI5351 Member=C192
Removed Member From Class: ClassName=Conversor_Diff_A_Simple1 Member=C193
Removed Member From Class: ClassName=RELOJ_SI5351 Member=C193
Removed Member From Class: ClassName=DDS1 Member=C194
Removed Member From Class: ClassName=DDS1 Member=C195
Removed Member From Class: ClassName=DDS1 Member=C196
Removed Member From Class: ClassName=DDS1 Member=C197
Removed Member From Class: ClassName=DDS1 Member=C198
Removed Member From Class: ClassName=DDS1 Member=C199
Removed Member From Class: ClassName=DDS1 Member=C200
Removed Member From Class: ClassName=SALIDA_BNC Member=D3
Removed Member From Class: ClassName=SALIDA_BNC Member=D4
Removed Member From Class: ClassName=Control-Principal.V03.R00 Member=D5
Removed Member From Class: ClassName=Control-Principal.V03.R00 Member=D6
Removed Member From Class: ClassName=MICROCONTROLADOR RP2040 Member=D8
Removed Member From Class: ClassName=MICROCONTROLADOR RP2040 Member=D9
Removed Member From Class: ClassName=MICROCONTROLADOR RP2040 Member=D10
Removed Member From Class: ClassName=Alimentacion y Filtro Member=D11
Removed Member From Class: ClassName=MICROCONTROLADOR RP2040 Member=D11
Removed Member From Class: ClassName=MICROCONTROLADOR RP2040 Member=FB4
Removed Member From Class: ClassName=Alimentacion y Filtro Member=FB6
Removed Member From Class: ClassName=MICROCONTROLADOR RP2040 Member=J1
Removed Member From Class: ClassName=SALIDA_BNC Member=J1
Removed Member From Class: ClassName=ConexionesPanelFrontal/Perifericos Member=J2
Removed Member From Class: ClassName=ConexionesPanelFrontal/Perifericos Member=J3
Removed Member From Class: ClassName=Alimentacion y Filtro Member=J5
Removed Member From Class: ClassName=MICROCONTROLADOR RP2040 Member=J5
Removed Member From Class: ClassName=MICROCONTROLADOR RP2040 Member=J6
Removed Member From Class: ClassName=SALIDA_BNC Member=J6
Removed Member From Class: ClassName=DAC_BIPOLAR_CH1-CH2 Member=R1
Removed Member From Class: ClassName=DAC_OFFSET_CANAL1 Member=R1
Removed Member From Class: ClassName=DAC_BIPOLAR_CH1-CH2 Member=R3
Removed Member From Class: ClassName=DAC_OFFSET_CANAL2 Member=R3
Removed Member From Class: ClassName=Atenuador_Digital_Pasos1 Member=R5
Removed Member From Class: ClassName=Offset1 Member=R19
Removed Member From Class: ClassName=Offset2 Member=R21
Removed Member From Class: ClassName=Offset2 Member=R28
Removed Member From Class: ClassName=Offset2 Member=R29
Removed Member From Class: ClassName=Offset2 Member=R30
Removed Member From Class: ClassName=Conversor_Diff_A_Simple1 Member=R31
Removed Member From Class: ClassName=DAC_BIPOLAR_CH1-CH2 Member=R31
Removed Member From Class: ClassName=DAC_BIPOLAR_CH1-CH2 Member=R32
Removed Member From Class: ClassName=Conversor_Diff_A_Simple1 Member=R33
Removed Member From Class: ClassName=DAC_BIPOLAR_CH1-CH2 Member=R33
Removed Member From Class: ClassName=Conversor_Diff_A_Simple2 Member=R34
Removed Member From Class: ClassName=DAC_BIPOLAR_CH1-CH2 Member=R34
Removed Member From Class: ClassName=Conversor_Diff_A_Simple2 Member=R35
Removed Member From Class: ClassName=DAC_BIPOLAR_CH1-CH2 Member=R35
Removed Member From Class: ClassName=DAC_BIPOLAR_CH1-CH2 Member=R36
Removed Member From Class: ClassName=Conversor_Diff_A_Simple2 Member=R37
Removed Member From Class: ClassName=DAC_BIPOLAR_CH1-CH2 Member=R37
Removed Member From Class: ClassName=Alimentacion y Filtro Member=R38
Removed Member From Class: ClassName=Alimentacion y Filtro Member=R39
Removed Member From Class: ClassName=DAC_BIPOLAR_CH1-CH2 Member=R39
Removed Member From Class: ClassName=Amplificador1 Member=R45
Removed Member From Class: ClassName=Amplificador1 Member=R47
Removed Member From Class: ClassName=Amplificador2 Member=R49
Removed Member From Class: ClassName=Amplificador2 Member=R50
Removed Member From Class: ClassName=Amplificador2 Member=R63
Removed Member From Class: ClassName=Amplificador2 Member=R64
Removed Member From Class: ClassName=Amplificador2 Member=R65
Removed Member From Class: ClassName=Amplificador2 Member=R66
Removed Member From Class: ClassName=Offset1 Member=R67
Removed Member From Class: ClassName=SALIDA_BNC Member=R67
Removed Member From Class: ClassName=SALIDA_BNC Member=R68
Removed Member From Class: ClassName=Offset2 Member=R69
Removed Member From Class: ClassName=SALIDA_BNC Member=R69
Removed Member From Class: ClassName=Conversor_Diff_A_Simple1 Member=R81
Removed Member From Class: ClassName=Conversor_Diff_A_Simple2 Member=R85
Removed Member From Class: ClassName=DAC_OFFSET_CANAL1 Member=R88
Removed Member From Class: ClassName=Atenuador_Digital_Pasos2 Member=R136
Removed Member From Class: ClassName=Atenuador_Digital_Pasos2 Member=R137
Removed Member From Class: ClassName=Atenuador_Digital_Pasos2 Member=R138
Removed Member From Class: ClassName=Atenuador_Digital_Pasos2 Member=R139
Removed Member From Class: ClassName=DDS1 Member=R140
Removed Member From Class: ClassName=DDS1 Member=R141
Removed Member From Class: ClassName=DDS1 Member=R142
Removed Member From Class: ClassName=DDS2 Member=R143
Removed Member From Class: ClassName=DDS2 Member=R144
Removed Member From Class: ClassName=DDS2 Member=R145
Removed Member From Class: ClassName=Alimentacion y Filtro Member=R146
Removed Member From Class: ClassName=Control-Principal.V03.R00 Member=R146
Removed Member From Class: ClassName=CONVERSOR_CMOS_A_LVPECL Member=R146
Removed Member From Class: ClassName=Alimentacion y Filtro Member=R147
Removed Member From Class: ClassName=Atenuador_Digital_Pasos1 Member=R147
Removed Member From Class: ClassName=Control-Principal.V03.R00 Member=R147
Removed Member From Class: ClassName=CONVERSOR_CMOS_A_LVPECL Member=R147
Removed Member From Class: ClassName=Alimentacion y Filtro Member=R148
Removed Member From Class: ClassName=Control-Principal.V03.R00 Member=R148
Removed Member From Class: ClassName=CONVERSOR_CMOS_A_LVPECL Member=R148
Removed Member From Class: ClassName=Amplificador1 Member=R149
Removed Member From Class: ClassName=Control-Principal.V03.R00 Member=R149
Removed Member From Class: ClassName=CONVERSOR_CMOS_A_LVPECL Member=R149
Removed Member From Class: ClassName=Amplificador1 Member=R150
Removed Member From Class: ClassName=Control-Principal.V03.R00 Member=R150
Removed Member From Class: ClassName=CONVERSOR_CMOS_A_LVPECL Member=R150
Removed Member From Class: ClassName=Control-Principal.V03.R00 Member=R151
Removed Member From Class: ClassName=CONVERSOR_CMOS_A_LVPECL Member=R151
Removed Member From Class: ClassName=Amplificador1 Member=R152
Removed Member From Class: ClassName=Control-Principal.V03.R00 Member=R152
Removed Member From Class: ClassName=CONVERSOR_CMOS_A_LVPECL Member=R152
Removed Member From Class: ClassName=Control-Principal.V03.R00 Member=R153
Removed Member From Class: ClassName=CONVERSOR_CMOS_A_LVPECL Member=R153
Removed Member From Class: ClassName=Amplificador1 Member=R154
Removed Member From Class: ClassName=Control-Principal.V03.R00 Member=R154
Removed Member From Class: ClassName=CONVERSOR_CMOS_A_LVPECL Member=R154
Removed Member From Class: ClassName=Control-Principal.V03.R00 Member=R155
Removed Member From Class: ClassName=CONVERSOR_CMOS_A_LVPECL Member=R155
Removed Member From Class: ClassName=Atenuador_Digital_Pasos1 Member=R156
Removed Member From Class: ClassName=Referencia Tension/Ajuste Fino Amplitud - DDS Member=R156
Removed Member From Class: ClassName=Atenuador_Digital_Pasos1 Member=R157
Removed Member From Class: ClassName=Referencia Tension/Ajuste Fino Amplitud - DDS Member=R157
Removed Member From Class: ClassName=Atenuador_Digital_Pasos1 Member=R158
Removed Member From Class: ClassName=Referencia Tension/Ajuste Fino Amplitud - DDS Member=R158
Removed Member From Class: ClassName=Atenuador_Digital_Pasos1 Member=R159
Removed Member From Class: ClassName=Referencia Tension/Ajuste Fino Amplitud - DDS Member=R159
Removed Member From Class: ClassName=Atenuador_Digital_Pasos1 Member=R160
Removed Member From Class: ClassName=Referencia Tension/Ajuste Fino Amplitud - DDS Member=R160
Removed Member From Class: ClassName=Atenuador_Digital_Pasos1 Member=R161
Removed Member From Class: ClassName=Referencia Tension/Ajuste Fino Amplitud - DDS Member=R161
Removed Member From Class: ClassName=Atenuador_Digital_Pasos1 Member=R162
Removed Member From Class: ClassName=Referencia Tension/Ajuste Fino Amplitud - DDS Member=R162
Removed Member From Class: ClassName=Atenuador_Digital_Pasos2 Member=R163
Removed Member From Class: ClassName=Referencia Tension/Ajuste Fino Amplitud - DDS Member=R163
Removed Member From Class: ClassName=Atenuador_Digital_Pasos2 Member=R164
Removed Member From Class: ClassName=Memoria EEPROM Member=R164
Removed Member From Class: ClassName=Atenuador_Digital_Pasos2 Member=R165
Removed Member From Class: ClassName=Memoria EEPROM Member=R165
Removed Member From Class: ClassName=Atenuador_Digital_Pasos2 Member=R166
Removed Member From Class: ClassName=Memoria EEPROM Member=R166
Removed Member From Class: ClassName=Atenuador_Digital_Pasos2 Member=R167
Removed Member From Class: ClassName=Memoria EEPROM Member=R167
Removed Member From Class: ClassName=DAC_OFFSET_CANAL2 Member=TP1
Removed Member From Class: ClassName=DDS_CANAL2 Member=TP2
Removed Member From Class: ClassName=MICROCONTROLADOR RP2040 Member=TP2
Removed Member From Class: ClassName=Control-Principal.V03.R00 Member=TP3
Removed Member From Class: ClassName=MICROCONTROLADOR RP2040 Member=TP3
Removed Member From Class: ClassName=Control-Principal.V03.R00 Member=TP4
Removed Member From Class: ClassName=MICROCONTROLADOR RP2040 Member=TP4
Removed Member From Class: ClassName=Control-Principal.V03.R00 Member=TP5
Removed Member From Class: ClassName=MICROCONTROLADOR RP2040 Member=TP5
Removed Member From Class: ClassName=Control-Principal.V03.R00 Member=TP6
Removed Member From Class: ClassName=MICROCONTROLADOR RP2040 Member=TP6
Removed Member From Class: ClassName=Control-Principal.V03.R00 Member=TP7
Removed Member From Class: ClassName=MICROCONTROLADOR RP2040 Member=TP7
Removed Member From Class: ClassName=Control-Principal.V03.R00 Member=TP8
Removed Member From Class: ClassName=MICROCONTROLADOR RP2040 Member=TP8
Removed Member From Class: ClassName=Offset1 Member=TP9
Removed Member From Class: ClassName=Offset1 Member=TP10
Removed Member From Class: ClassName=Offset1 Member=TP11
Removed Member From Class: ClassName=Offset1 Member=TP12
Removed Member From Class: ClassName=Offset1 Member=TP13
Removed Member From Class: ClassName=Alimentacion y Filtro Member=TP24
Removed Member From Class: ClassName=Alimentacion y Filtro Member=TP25
Removed Member From Class: ClassName=Alimentacion y Filtro Member=TP26
Removed Member From Class: ClassName=Alimentacion y Filtro Member=TP27
Removed Member From Class: ClassName=Alimentacion y Filtro Member=TP28
Removed Member From Class: ClassName=Alimentacion y Filtro Member=TP29
Removed Member From Class: ClassName=Alimentacion y Filtro Member=TP30
Removed Member From Class: ClassName=Alimentacion y Filtro Member=TP31
Removed Member From Class: ClassName=Alimentacion y Filtro Member=TP32
Removed Member From Class: ClassName=Alimentacion y Filtro Member=TP33
Removed Member From Class: ClassName=Alimentacion y Filtro Member=TP34
Removed Member From Class: ClassName=Alimentacion y Filtro Member=TP35
Removed Member From Class: ClassName=Alimentacion y Filtro Member=TP36
Removed Member From Class: ClassName=Amplificador1 Member=TP37
Removed Member From Class: ClassName=Amplificador1 Member=TP38
Removed Member From Class: ClassName=Amplificador1 Member=TP40
Removed Member From Class: ClassName=Amplificador2 Member=TP42
Removed Member From Class: ClassName=Amplificador2 Member=TP43
Removed Member From Class: ClassName=Amplificador2 Member=TP44
Removed Member From Class: ClassName=DDS_CANAL1 Member=TP45
Removed Member From Class: ClassName=Control-Principal.V03.R00 Member=TP69
Removed Member From Class: ClassName=Amplificador1 Member=TP70
Removed Member From Class: ClassName=Control-Principal.V03.R00 Member=TP70
Removed Member From Class: ClassName=Control-Principal.V03.R00 Member=TP71
Removed Member From Class: ClassName=Amplificador2 Member=TP72
Removed Member From Class: ClassName=Control-Principal.V03.R00 Member=TP72
Removed Member From Class: ClassName=Offset2 Member=TP81
Removed Member From Class: ClassName=Offset2 Member=TP82
Removed Member From Class: ClassName=Offset2 Member=TP83
Removed Member From Class: ClassName=Offset2 Member=TP84
Removed Member From Class: ClassName=Amplificador1 Member=U7
Removed Member From Class: ClassName=Amplificador2 Member=U9
Removed Member From Class: ClassName=Amplificador2 Member=U10
Removed Member From Class: ClassName=Amplificador1 Member=U11
Removed Member From Class: ClassName=MICROCONTROLADOR RP2040 Member=U11
Removed Member From Class: ClassName=MICROCONTROLADOR RP2040 Member=U12
Added Member To Class: ClassName=ConexionesPanelFrontal/Perifericos Member=Component B1 (B11) MCP23S17-E_SS
Added Member To Class: ClassName=Conversor_Diff_A_Simple1 Member=Component B2 (B4) LMH6612MAX_NOPB
Added Member To Class: ClassName=MICROCONTROLADOR RP2040 Member=Component B7 (B2) W25Q128JVSIM_TR
Added Member To Class: ClassName=Offset1 Member=Component B8 (B9) THS4271D
Added Member To Class: ClassName=Offset2 Member=Component B11 (B10) THS4271D
Added Member To Class: ClassName=DAC_BIPOLAR_CH1-CH2 Member=Component B12 (B8) OPA4197ID
Added Member To Class: ClassName=Atenuador_Digital_Pasos1 Member=Component B13 (B6) PE4312C-Z
Added Member To Class: ClassName=Alimentacion y Filtro Member=Component C1 (C91) 100n
Added Member To Class: ClassName=Alimentacion y Filtro Member=Component C2 (C92) 10u
Added Member To Class: ClassName=Alimentacion y Filtro Member=Component C3 (C93) 10u
Added Member To Class: ClassName=Alimentacion y Filtro Member=Component C4 (C94) 100n
Added Member To Class: ClassName=Alimentacion y Filtro Member=Component C5 (C95) 100n
Added Member To Class: ClassName=Alimentacion y Filtro Member=Component C6 (C96) 100n
Added Member To Class: ClassName=Alimentacion y Filtro Member=Component C7 (C97) 10u
Added Member To Class: ClassName=Alimentacion y Filtro Member=Component C8 (C98) 10u
Added Member To Class: ClassName=Alimentacion y Filtro Member=Component C9 (C99) 100n
Added Member To Class: ClassName=Alimentacion y Filtro Member=Component C10 (C100) 100n
Added Member To Class: ClassName=Alimentacion y Filtro Member=Component C11 (C101) 100n
Added Member To Class: ClassName=Alimentacion y Filtro Member=Component C12 (C102) 10u
Added Member To Class: ClassName=Alimentacion y Filtro Member=Component C13 (C103) 10u
Added Member To Class: ClassName=Alimentacion y Filtro Member=Component C14 (C104) 100n
Added Member To Class: ClassName=Alimentacion y Filtro Member=Component C15 (C105) 100n
Added Member To Class: ClassName=Alimentacion y Filtro Member=Component C16 (C106) 100n
Added Member To Class: ClassName=Alimentacion y Filtro Member=Component C17 (C107) 10u
Added Member To Class: ClassName=Conversor_Diff_A_Simple1 Member=Component C53 (C39) 10u
Added Member To Class: ClassName=Conversor_Diff_A_Simple1 Member=Component C54 (C40) 100n
Added Member To Class: ClassName=Conversor_Diff_A_Simple1 Member=Component C55 (C41) 100n
Added Member To Class: ClassName=Conversor_Diff_A_Simple2 Member=Component C56 (C32) 10u
Added Member To Class: ClassName=Conversor_Diff_A_Simple2 Member=Component C57 (C33) 100n
Added Member To Class: ClassName=Conversor_Diff_A_Simple2 Member=Component C58 (C34) 10u
Added Member To Class: ClassName=Conversor_Diff_A_Simple2 Member=Component C59 (C35) 100n
Added Member To Class: ClassName=Conversor_Diff_A_Simple2 Member=Component C60 (C36) 100n
Added Member To Class: ClassName=Conversor_Diff_A_Simple2 Member=Component C63 (C39) 10u
Added Member To Class: ClassName=Conversor_Diff_A_Simple2 Member=Component C64 (C40) 100n
Added Member To Class: ClassName=Conversor_Diff_A_Simple2 Member=Component C65 (C41) 100n
Added Member To Class: ClassName=DAC_OFFSET_CANAL1 Member=Component C66 (C61) 0.1u
Added Member To Class: ClassName=DAC_OFFSET_CANAL1 Member=Component C67 (C62) 10u_0603
Added Member To Class: ClassName=DAC_OFFSET_CANAL2 Member=Component C68 (C61) 0.1u
Added Member To Class: ClassName=DAC_OFFSET_CANAL2 Member=Component C69 (C62) 10u_0603
Added Member To Class: ClassName=MICROCONTROLADOR RP2040 Member=Component C70 (C1) 10u
Added Member To Class: ClassName=Offset1 Member=Component C89 (C73) 10u
Added Member To Class: ClassName=Offset1 Member=Component C90 (C74) 100n
Added Member To Class: ClassName=Offset1 Member=Component C91 (C75) 100n
Added Member To Class: ClassName=Offset1 Member=Component C92 (C76) 100n
Added Member To Class: ClassName=Offset1 Member=Component C93 (C77) 10u
Added Member To Class: ClassName=Offset1 Member=Component C94 (C78) 100n
Added Member To Class: ClassName=Offset1 Member=Component C95 (C79) 10u
Added Member To Class: ClassName=Offset1 Member=Component C96 (C80) 100n
Added Member To Class: ClassName=Offset2 Member=Component C97 (C71) 10u
Added Member To Class: ClassName=Offset2 Member=Component C98 (C72) 100n
Added Member To Class: ClassName=Offset2 Member=Component C99 (C73) 10u
Added Member To Class: ClassName=Offset2 Member=Component C100 (C74) 100n
Added Member To Class: ClassName=Offset2 Member=Component C101 (C75) 100n
Added Member To Class: ClassName=Offset2 Member=Component C102 (C76) 100n
Added Member To Class: ClassName=Offset2 Member=Component C103 (C77) 10u
Added Member To Class: ClassName=Offset2 Member=Component C104 (C78) 100n
Added Member To Class: ClassName=Offset2 Member=Component C105 (C79) 10u
Added Member To Class: ClassName=Offset2 Member=Component C106 (C80) 100n
Added Member To Class: ClassName=DAC_BIPOLAR_CH1-CH2 Member=Component C107 (C63) 0.1u
Added Member To Class: ClassName=DAC_BIPOLAR_CH1-CH2 Member=Component C108 (C64) 0.1u
Added Member To Class: ClassName=DAC_BIPOLAR_CH1-CH2 Member=Component C109 (C65) C0805
Added Member To Class: ClassName=DAC_BIPOLAR_CH1-CH2 Member=Component C110 (C66) 0.1u
Added Member To Class: ClassName=DAC_BIPOLAR_CH1-CH2 Member=Component C111 (C67) 100n
Added Member To Class: ClassName=DAC_BIPOLAR_CH1-CH2 Member=Component C112 (C68) 100n
Added Member To Class: ClassName=DAC_BIPOLAR_CH1-CH2 Member=Component C113 (C69) 100n
Added Member To Class: ClassName=DAC_BIPOLAR_CH1-CH2 Member=Component C114 (C70) 100n
Added Member To Class: ClassName=Atenuador_Digital_Pasos1 Member=Component C115 (C42) 100p
Added Member To Class: ClassName=Atenuador_Digital_Pasos1 Member=Component C116 (C43) 0.1u
Added Member To Class: ClassName=Atenuador_Digital_Pasos1 Member=Component C117 (C44) 100p
Added Member To Class: ClassName=Atenuador_Digital_Pasos1 Member=Component C118 (C45) 100p
Added Member To Class: ClassName=Atenuador_Digital_Pasos1 Member=Component C119 (C46) 100p
Added Member To Class: ClassName=Atenuador_Digital_Pasos1 Member=Component C120 (C47) 100p
Added Member To Class: ClassName=Atenuador_Digital_Pasos1 Member=Component C121 (C48) 100p
Added Member To Class: ClassName=Atenuador_Digital_Pasos1 Member=Component C122 (C49) 100p
Added Member To Class: ClassName=Atenuador_Digital_Pasos1 Member=Component C123 (C50) 100p
Added Member To Class: ClassName=Atenuador_Digital_Pasos1 Member=Component C124 (C51) 0.1u
Added Member To Class: ClassName=Atenuador_Digital_Pasos1 Member=Component C125 (C52) 100p
Added Member To Class: ClassName=Atenuador_Digital_Pasos2 Member=Component C126 (C42) 100p
Added Member To Class: ClassName=Atenuador_Digital_Pasos2 Member=Component C127 (C43) 0.1u
Added Member To Class: ClassName=Atenuador_Digital_Pasos2 Member=Component C128 (C44) 100p
Added Member To Class: ClassName=Atenuador_Digital_Pasos2 Member=Component C129 (C45) 100p
Added Member To Class: ClassName=Atenuador_Digital_Pasos2 Member=Component C130 (C46) 100p
Added Member To Class: ClassName=Atenuador_Digital_Pasos2 Member=Component C131 (C47) 100p
Added Member To Class: ClassName=Atenuador_Digital_Pasos2 Member=Component C132 (C48) 100p
Added Member To Class: ClassName=Atenuador_Digital_Pasos2 Member=Component C133 (C49) 100p
Added Member To Class: ClassName=Atenuador_Digital_Pasos2 Member=Component C134 (C50) 100p
Added Member To Class: ClassName=Atenuador_Digital_Pasos2 Member=Component C135 (C51) 0.1u
Added Member To Class: ClassName=Atenuador_Digital_Pasos2 Member=Component C136 (C52) 100p
Added Member To Class: ClassName=RELOJ_SI5351 Member=Component C137 (C53) 100n
Added Member To Class: ClassName=RELOJ_SI5351 Member=Component C138 (C54) 100n
Added Member To Class: ClassName=DDS1 Member=Component C139 (C18) 100n
Added Member To Class: ClassName=DDS1 Member=Component C140 (C19) 100n
Added Member To Class: ClassName=DDS1 Member=Component C141 (C20) 100n
Added Member To Class: ClassName=DDS1 Member=Component C142 (C21) 100n
Added Member To Class: ClassName=DDS1 Member=Component C143 (C22) 100n
Added Member To Class: ClassName=DDS1 Member=Component C144 (C23) 100n
Added Member To Class: ClassName=DDS1 Member=Component C145 (C24) 8.2p
Added Member To Class: ClassName=Alimentacion y Filtro Member=Component D3 (D11) SMF5.0AT1G
Added Member To Class: ClassName=Alimentacion y Filtro Member=Component D7 (D15) GREEN
Added Member To Class: ClassName=SALIDA_BNC Member=Component D11 (D7) 1N4148WSF-7
Added Member To Class: ClassName=SALIDA_BNC Member=Component D12 (D8) 1N4148WSF-7
Added Member To Class: ClassName=Control-Principal.V03.R00 Member=Component D13 (D1) BLUE
Added Member To Class: ClassName=Control-Principal.V03.R00 Member=Component D14 (D2) GREEN
Added Member To Class: ClassName=MICROCONTROLADOR RP2040 Member=Component D15 (D3) MBR120VLSFT1G
Added Member To Class: ClassName=MICROCONTROLADOR RP2040 Member=Component D16 (D4) MBR120VLSFT1G
Added Member To Class: ClassName=MICROCONTROLADOR RP2040 Member=Component D17 (D5) MBR120VLSFT1G
Added Member To Class: ClassName=MICROCONTROLADOR RP2040 Member=Component D18 (D6) MBR120VLSFT1G
Added Member To Class: ClassName=Alimentacion y Filtro Member=Component FB1 (FB2) FB0805
Added Member To Class: ClassName=Alimentacion y Filtro Member=Component FB3 (FB4) FB0805
Added Member To Class: ClassName=Alimentacion y Filtro Member=Component FB5 (FB6) FB0805
Added Member To Class: ClassName=MICROCONTROLADOR RP2040 Member=Component FB6 (FB1) MPZ1608S331ATA00
Added Member To Class: ClassName=Alimentacion y Filtro Member=Component J1 (J9A) SBH11-PBPC-D08-ST-BK
Added Member To Class: ClassName=SALIDA_BNC Member=Component J2 (J4) 5413879-2
Added Member To Class: ClassName=SALIDA_BNC Member=Component J3 (J5) 5413879-2
Added Member To Class: ClassName=ConexionesPanelFrontal/Perifericos Member=Component J5 (J7) NEXTION_PINS
Added Member To Class: ClassName=ConexionesPanelFrontal/Perifericos Member=Component J6 (J8A) SBH11-PBPC-D08-ST-BK
Added Member To Class: ClassName=MICROCONTROLADOR RP2040 Member=Component J7 (J1) USB4105-GF-A
Added Member To Class: ClassName=MICROCONTROLADOR RP2040 Member=Component J8 (J2) DEBUG PINS
Added Member To Class: ClassName=MICROCONTROLADOR RP2040 Member=Component J9 (J3) SSQ-103-01-T-S
Added Member To Class: ClassName=Alimentacion y Filtro Member=Component R1 (R87) 1K
Added Member To Class: ClassName=Alimentacion y Filtro Member=Component R2 (R88) 1K
Added Member To Class: ClassName=Alimentacion y Filtro Member=Component R3 (R89) 1K
Added Member To Class: ClassName=Alimentacion y Filtro Member=Component R4 (R90) 1K
Added Member To Class: ClassName=Alimentacion y Filtro Member=Component R5 (R91) 1K
Added Member To Class: ClassName=Amplificador1 Member=Component R6 (R67) 1K5 0.1%
Added Member To Class: ClassName=Amplificador1 Member=Component R7 (R68) 300R 0.1%
Added Member To Class: ClassName=Amplificador1 Member=Component R8 (R69) 100R 0.1%
Added Member To Class: ClassName=Amplificador1 Member=Component R9 (R70) 1K5 0.1%
Added Member To Class: ClassName=Amplificador1 Member=Component R10 (R71) 300R 0.1%
Added Member To Class: ClassName=Amplificador1 Member=Component R11 (R72) 100R 0.1%
Added Member To Class: ClassName=Amplificador2 Member=Component R12 (R67) 1K5 0.1%
Added Member To Class: ClassName=Amplificador2 Member=Component R13 (R68) 300R 0.1%
Added Member To Class: ClassName=Amplificador2 Member=Component R14 (R69) 100R 0.1%
Added Member To Class: ClassName=Amplificador2 Member=Component R15 (R70) 1K5 0.1%
Added Member To Class: ClassName=Amplificador2 Member=Component R16 (R71) 300R 0.1%
Added Member To Class: ClassName=Amplificador2 Member=Component R17 (R72) 100R 0.1%
Added Member To Class: ClassName=SALIDA_BNC Member=Component R18 (R73) 1K 1%
Added Member To Class: ClassName=SALIDA_BNC Member=Component R19 (R74) 50 Ohm
Added Member To Class: ClassName=SALIDA_BNC Member=Component R20 (R75) 1K 1%
Added Member To Class: ClassName=Control-Principal.V03.R00 Member=Component R40 (R3) 0R
Added Member To Class: ClassName=Control-Principal.V03.R00 Member=Component R41 (R4) 0R
Added Member To Class: ClassName=Control-Principal.V03.R00 Member=Component R42 (R5) 0R
Added Member To Class: ClassName=Control-Principal.V03.R00 Member=Component R43 (R6) 0R
Added Member To Class: ClassName=Control-Principal.V03.R00 Member=Component R44 (R7) 0R
Added Member To Class: ClassName=Control-Principal.V03.R00 Member=Component R45 (R8) 0R
Added Member To Class: ClassName=Control-Principal.V03.R00 Member=Component R46 (R9) 0R
Added Member To Class: ClassName=Control-Principal.V03.R00 Member=Component R47 (R10) 10K
Added Member To Class: ClassName=Control-Principal.V03.R00 Member=Component R48 (R11) 10K
Added Member To Class: ClassName=Control-Principal.V03.R00 Member=Component R49 (R12) 1K
Added Member To Class: ClassName=Conversor_Diff_A_Simple1 Member=Component R52 (R25) 249 0.1%
Added Member To Class: ClassName=Conversor_Diff_A_Simple1 Member=Component R53 (R26) 249 0.1%
Added Member To Class: ClassName=Conversor_Diff_A_Simple1 Member=Component R54 (R27) 499 0.1%
Added Member To Class: ClassName=Conversor_Diff_A_Simple2 Member=Component R55 (R24) 499 0.1%
Added Member To Class: ClassName=Conversor_Diff_A_Simple2 Member=Component R56 (R25) 249 0.1%
Added Member To Class: ClassName=Conversor_Diff_A_Simple2 Member=Component R57 (R26) 249 0.1%
Added Member To Class: ClassName=Conversor_Diff_A_Simple2 Member=Component R58 (R27) 499 0.1%
Added Member To Class: ClassName=DAC_OFFSET_CANAL1 Member=Component R59 (R50) R0805
Added Member To Class: ClassName=DAC_OFFSET_CANAL1 Member=Component R60 (R51) R0805
Added Member To Class: ClassName=DAC_OFFSET_CANAL2 Member=Component R61 (R50) R0805
Added Member To Class: ClassName=Offset1 Member=Component R73 (R65) 49.9 0.1%
Added Member To Class: ClassName=Offset1 Member=Component R74 (R66) 0 Ohm
Added Member To Class: ClassName=Offset2 Member=Component R75 (R62) 1K 0.1%
Added Member To Class: ClassName=Offset2 Member=Component R76 (R63) 1K 0.1%
Added Member To Class: ClassName=Offset2 Member=Component R77 (R64) 1K 0.1%
Added Member To Class: ClassName=Offset2 Member=Component R78 (R65) 49.9 0.1%
Added Member To Class: ClassName=Offset2 Member=Component R79 (R66) 0 Ohm
Added Member To Class: ClassName=DAC_BIPOLAR_CH1-CH2 Member=Component R80 (R52) R0805
Added Member To Class: ClassName=DAC_BIPOLAR_CH1-CH2 Member=Component R81 (R53) R0805
Added Member To Class: ClassName=DAC_BIPOLAR_CH1-CH2 Member=Component R82 (R54) R0805
Added Member To Class: ClassName=DAC_BIPOLAR_CH1-CH2 Member=Component R83 (R55) R0805
Added Member To Class: ClassName=DAC_BIPOLAR_CH1-CH2 Member=Component R84 (R56) R0805
Added Member To Class: ClassName=DAC_BIPOLAR_CH1-CH2 Member=Component R85 (R57) R0805
Added Member To Class: ClassName=DAC_BIPOLAR_CH1-CH2 Member=Component R86 (R58) R0805
Added Member To Class: ClassName=DAC_BIPOLAR_CH1-CH2 Member=Component R87 (R59) R0805
Added Member To Class: ClassName=DAC_BIPOLAR_CH1-CH2 Member=Component R88 (R60) R0805
Added Member To Class: ClassName=DAC_BIPOLAR_CH1-CH2 Member=Component R89 (R61) R0805
Added Member To Class: ClassName=Atenuador_Digital_Pasos1 Member=Component R90 (R31) 0 Ohm
Added Member To Class: ClassName=Atenuador_Digital_Pasos1 Member=Component R91 (R32) 0 Ohm
Added Member To Class: ClassName=Atenuador_Digital_Pasos1 Member=Component R92 (R33) 0 Ohm
Added Member To Class: ClassName=Atenuador_Digital_Pasos1 Member=Component R93 (R34) 0 Ohm
Added Member To Class: ClassName=Atenuador_Digital_Pasos1 Member=Component R94 (R35) 10K
Added Member To Class: ClassName=Atenuador_Digital_Pasos1 Member=Component R95 (R36) 10K
Added Member To Class: ClassName=Atenuador_Digital_Pasos1 Member=Component R96 (R37) 0 Ohm
Added Member To Class: ClassName=Atenuador_Digital_Pasos1 Member=Component R97 (R38) 0 Ohm
Added Member To Class: ClassName=Atenuador_Digital_Pasos1 Member=Component R98 (R39) 0 Ohm
Added Member To Class: ClassName=Atenuador_Digital_Pasos2 Member=Component R99 (R31) 0 Ohm
Added Member To Class: ClassName=Atenuador_Digital_Pasos2 Member=Component R100 (R32) 0 Ohm
Added Member To Class: ClassName=Atenuador_Digital_Pasos2 Member=Component R101 (R33) 0 Ohm
Added Member To Class: ClassName=Atenuador_Digital_Pasos2 Member=Component R102 (R34) 0 Ohm
Added Member To Class: ClassName=Atenuador_Digital_Pasos2 Member=Component R103 (R35) 10K
Added Member To Class: ClassName=Atenuador_Digital_Pasos2 Member=Component R104 (R36) 10K
Added Member To Class: ClassName=Atenuador_Digital_Pasos2 Member=Component R105 (R37) 0 Ohm
Added Member To Class: ClassName=Atenuador_Digital_Pasos2 Member=Component R106 (R38) 0 Ohm
Added Member To Class: ClassName=Atenuador_Digital_Pasos2 Member=Component R107 (R39) 0 Ohm
Added Member To Class: ClassName=DDS1 Member=Component R108 (R21) 10K 0.1%
Added Member To Class: ClassName=DDS1 Member=Component R109 (R22) 249 0.1%
Added Member To Class: ClassName=DDS1 Member=Component R110 (R23) 249 0.1%
Added Member To Class: ClassName=DDS2 Member=Component R111 (R21) 10K 0.1%
Added Member To Class: ClassName=DDS2 Member=Component R112 (R22) 249 0.1%
Added Member To Class: ClassName=DDS2 Member=Component R113 (R23) 249 0.1%
Added Member To Class: ClassName=CONVERSOR_CMOS_A_LVPECL Member=Component R114 (R40) 120R
Added Member To Class: ClassName=CONVERSOR_CMOS_A_LVPECL Member=Component R115 (R41) 120R
Added Member To Class: ClassName=CONVERSOR_CMOS_A_LVPECL Member=Component R116 (R42) 120R
Added Member To Class: ClassName=CONVERSOR_CMOS_A_LVPECL Member=Component R117 (R43) 120R
Added Member To Class: ClassName=CONVERSOR_CMOS_A_LVPECL Member=Component R118 (R44) R0805
Added Member To Class: ClassName=CONVERSOR_CMOS_A_LVPECL Member=Component R119 (R45) R0805
Added Member To Class: ClassName=CONVERSOR_CMOS_A_LVPECL Member=Component R120 (R46) 82R
Added Member To Class: ClassName=CONVERSOR_CMOS_A_LVPECL Member=Component R121 (R47) 82R
Added Member To Class: ClassName=CONVERSOR_CMOS_A_LVPECL Member=Component R122 (R48) 82R
Added Member To Class: ClassName=CONVERSOR_CMOS_A_LVPECL Member=Component R123 (R49) 82R
Added Member To Class: ClassName=Referencia Tension/Ajuste Fino Amplitud - DDS Member=Component R124 (R92) 10K 0.1%
Added Member To Class: ClassName=Referencia Tension/Ajuste Fino Amplitud - DDS Member=Component R125 (R93) 5K
Added Member To Class: ClassName=Referencia Tension/Ajuste Fino Amplitud - DDS Member=Component R126 (R94) 33R
Added Member To Class: ClassName=Referencia Tension/Ajuste Fino Amplitud - DDS Member=Component R127 (R95) 10K 0.1%
Added Member To Class: ClassName=Referencia Tension/Ajuste Fino Amplitud - DDS Member=Component R128 (R96) 10K 0.1%
Added Member To Class: ClassName=Referencia Tension/Ajuste Fino Amplitud - DDS Member=Component R129 (R97) 5K
Added Member To Class: ClassName=Referencia Tension/Ajuste Fino Amplitud - DDS Member=Component R130 (R98) 33R
Added Member To Class: ClassName=Referencia Tension/Ajuste Fino Amplitud - DDS Member=Component R131 (R99) 10K 0.1%
Added Member To Class: ClassName=Memoria EEPROM Member=Component R132 (R100) 0R
Added Member To Class: ClassName=Memoria EEPROM Member=Component R133 (R101) 0R
Added Member To Class: ClassName=Memoria EEPROM Member=Component R134 (R102) 0R
Added Member To Class: ClassName=Memoria EEPROM Member=Component R135 (R103) 0R
Added Member To Class: ClassName=Alimentacion y Filtro Member=Component TP1 (TP51) TP_NOBOM
Added Member To Class: ClassName=Alimentacion y Filtro Member=Component TP2 (TP52) TP_NOBOM
Added Member To Class: ClassName=Alimentacion y Filtro Member=Component TP3 (TP53) TP_NOBOM
Added Member To Class: ClassName=Alimentacion y Filtro Member=Component TP4 (TP54) TP_NOBOM
Added Member To Class: ClassName=Alimentacion y Filtro Member=Component TP5 (TP55) TP_NOBOM
Added Member To Class: ClassName=Alimentacion y Filtro Member=Component TP6 (TP56) TP_NOBOM
Added Member To Class: ClassName=Alimentacion y Filtro Member=Component TP7 (TP57) TP_NOBOM
Added Member To Class: ClassName=Alimentacion y Filtro Member=Component TP8 (TP58) TP_NOBOM
Added Member To Class: ClassName=Alimentacion y Filtro Member=Component TP9 (TP59) TP_NOBOM
Added Member To Class: ClassName=Alimentacion y Filtro Member=Component TP10 (TP60) TP_NOBOM
Added Member To Class: ClassName=Alimentacion y Filtro Member=Component TP11 (TP61) TP_NOBOM
Added Member To Class: ClassName=Alimentacion y Filtro Member=Component TP12 (TP62) TP_NOBOM
Added Member To Class: ClassName=Alimentacion y Filtro Member=Component TP13 (TP63) TP_NOBOM
Added Member To Class: ClassName=Amplificador1 Member=Component TP14 (TP47) TP_NOBOM
Added Member To Class: ClassName=Amplificador1 Member=Component TP15 (TP48) TP_NOBOM
Added Member To Class: ClassName=Amplificador1 Member=Component TP16 (TP49) TP_NOBOM
Added Member To Class: ClassName=Amplificador1 Member=Component TP17 (TP50) TP_NOBOM
Added Member To Class: ClassName=Amplificador2 Member=Component TP18 (TP47) TP_NOBOM
Added Member To Class: ClassName=Amplificador2 Member=Component TP19 (TP48) TP_NOBOM
Added Member To Class: ClassName=Amplificador2 Member=Component TP20 (TP49) TP_NOBOM
Added Member To Class: ClassName=Amplificador2 Member=Component TP21 (TP50) TP_NOBOM
Added Member To Class: ClassName=DDS_CANAL1 Member=Component TP22 (TP32) TP_NOBOM
Added Member To Class: ClassName=DDS_CANAL2 Member=Component TP23 (TP32) TP_NOBOM
Added Member To Class: ClassName=Control-Principal.V03.R00 Member=Component TP24 (TP1) TP_NOBOM
Added Member To Class: ClassName=Control-Principal.V03.R00 Member=Component TP25 (TP2) TP_NOBOM
Added Member To Class: ClassName=Control-Principal.V03.R00 Member=Component TP26 (TP3) TP_NOBOM
Added Member To Class: ClassName=Control-Principal.V03.R00 Member=Component TP27 (TP4) TP_NOBOM
Added Member To Class: ClassName=Control-Principal.V03.R00 Member=Component TP28 (TP5) TP_NOBOM
Added Member To Class: ClassName=Control-Principal.V03.R00 Member=Component TP29 (TP6) TP_NOBOM
Added Member To Class: ClassName=Control-Principal.V03.R00 Member=Component TP38 (TP15) TP_NOBOM
Added Member To Class: ClassName=Control-Principal.V03.R00 Member=Component TP39 (TP16) TP_NOBOM
Added Member To Class: ClassName=Control-Principal.V03.R00 Member=Component TP40 (TP17) TP_NOBOM
Added Member To Class: ClassName=Control-Principal.V03.R00 Member=Component TP41 (TP18) TP_NOBOM
Added Member To Class: ClassName=DAC_OFFSET_CANAL2 Member=Component TP51 (TP37) TP_NOBOM
Added Member To Class: ClassName=MICROCONTROLADOR RP2040 Member=Component TP52 (TP23) TP_NOBOM
Added Member To Class: ClassName=MICROCONTROLADOR RP2040 Member=Component TP53 (TP24) TP_NOBOM
Added Member To Class: ClassName=MICROCONTROLADOR RP2040 Member=Component TP54 (TP25) TP_NOBOM
Added Member To Class: ClassName=MICROCONTROLADOR RP2040 Member=Component TP55 (TP26) TP_NOBOM
Added Member To Class: ClassName=MICROCONTROLADOR RP2040 Member=Component TP56 (TP27) TP_NOBOM
Added Member To Class: ClassName=MICROCONTROLADOR RP2040 Member=Component TP57 (TP28) TP_NOBOM
Added Member To Class: ClassName=MICROCONTROLADOR RP2040 Member=Component TP58 (TP29) TP_NOBOM
Added Member To Class: ClassName=Offset1 Member=Component TP59 (TP42) TP_NOBOM
Added Member To Class: ClassName=Offset1 Member=Component TP60 (TP43) TP_NOBOM
Added Member To Class: ClassName=Offset1 Member=Component TP61 (TP44) TP_NOBOM
Added Member To Class: ClassName=Offset1 Member=Component TP62 (TP45) TP_NOBOM
Added Member To Class: ClassName=Offset1 Member=Component TP63 (TP46) TP_NOBOM
Added Member To Class: ClassName=Offset2 Member=Component TP64 (TP42) TP_NOBOM
Added Member To Class: ClassName=Offset2 Member=Component TP65 (TP43) TP_NOBOM
Added Member To Class: ClassName=Offset2 Member=Component TP66 (TP44) TP_NOBOM
Added Member To Class: ClassName=Offset2 Member=Component TP67 (TP45) TP_NOBOM
Added Member To Class: ClassName=Amplificador1 Member=Component U1 (U6A) THS3091DDARG3
Added Member To Class: ClassName=Amplificador1 Member=Component U2 (U7A) THS3091DDARG3
Added Member To Class: ClassName=Amplificador2 Member=Component U3 (U6A) THS3091DDARG3
Added Member To Class: ClassName=Amplificador2 Member=Component U4 (U7A) THS3091DDARG3
Added Member To Class: ClassName=MICROCONTROLADOR RP2040 Member=Component U8 (U2) W25Q16JVUXIQ
Added Member To Class: ClassName=MICROCONTROLADOR RP2040 Member=Component U9 (U3) RP2040
Added Room: Name=Ethernet
