Change Component Physical Designator: Old Designator=B11 New Designator=B17
Change Component Physical Designator: Old Designator=C115 New Designator=C170
Change Component Physical Designator: Old Designator=C116 New Designator=C171
Change Component Physical Designator: Old Designator=C117 New Designator=C172
Change Component Physical Designator: Old Designator=C118 New Designator=C173
Change Component Physical Designator: Old Designator=C119 New Designator=C174
Change Component Physical Designator: Old Designator=C120 New Designator=C175
Change Component Physical Designator: Old Designator=C121 New Designator=C176
Change Component Physical Designator: Old Designator=R85 New Designator=R118
Change Component Physical Designator: Old Designator=R86 New Designator=R119
Change Component Physical Designator: Old Designator=R87 New Designator=R120
Change Component Physical Designator: Old Designator=R88 New Designator=R121
Change Component Physical Designator: Old Designator=R89 New Designator=R122
Change Component Physical Designator: Old Designator=R90 New Designator=R123
Change Component Physical Designator: Old Designator=R91 New Designator=R124
Change Component Physical Designator: Old Designator=R92_DDS_CANAL1 New Designator=R116
Change Component Physical Designator: Old Designator=R92_DDS_CANAL2 New Designator=R117
Change Component Physical Designator: Old Designator=R93 New Designator=R125
Change Component Physical Designator: Old Designator=R94 New Designator=R126
Change Component Physical Designator: Old Designator=R95 New Designator=R127
Change Component Physical Designator: Old Designator=R96 New Designator=R128
Change Component Physical Designator: Old Designator=R97 New Designator=R129
Change Component Physical Designator: Old Designator=R98 New Designator=R130
Change Component Physical Designator: Old Designator=R99 New Designator=R131
Change Component Physical Designator: Old Designator=R100 New Designator=R132
Change Component Physical Designator: Old Designator=U8 New Designator=U11
Change Component Physical Designator: Old Designator=U8 New Designator=U11
