Change Component Physical Designator: Old Designator=TP1 New Designator=TP7
Change Component Physical Designator: Old Designator=TP2 New Designator=TP8
Change Component Physical Designator: Old Designator=TP3 New Designator=TP9
Change Component Physical Designator: Old Designator=TP4 New Designator=TP10
Change Component Physical Designator: Old Designator=TP5 New Designator=TP11
Change Component Physical Designator: Old Designator=TP6 New Designator=TP1
Change Component Physical Designator: Old Designator=TP7 New Designator=TP2
Change Component Physical Designator: Old Designator=TP8 New Designator=TP5
Change Component Physical Designator: Old Designator=TP9 New Designator=TP6
Change Component Physical Designator: Old Designator=TP10 New Designator=TP12
Change Component Physical Designator: Old Designator=TP11 New Designator=TP13
Change Component Physical Designator: Old Designator=TP12 New Designator=TP14
Change Component Physical Designator: Old Designator=TP13 New Designator=TP53
Change Component Physical Designator: Old Designator=TP14 New Designator=TP54
Change Component Physical Designator: Old Designator=TP15 New Designator=TP55
Change Component Physical Designator: Old Designator=TP16 New Designator=TP56
Change Component Physical Designator: Old Designator=TP17 New Designator=TP57
Change Component Physical Designator: Old Designator=TP18 New Designator=TP58
Change Component Physical Designator: Old Designator=TP19 New Designator=TP59
Change Component Physical Designator: Old Designator=TP20 New Designator=TP3
Change Component Physical Designator: Old Designator=TP21 New Designator=TP4
Change Component Physical Designator: Old Designator=TP22 New Designator=TP23
Change Component Physical Designator: Old Designator=TP23 New Designator=TP24
Change Component Physical Designator: Old Designator=TP24 New Designator=TP25
Change Component Physical Designator: Old Designator=TP25 New Designator=TP26
Change Component Physical Designator: Old Designator=TP26 New Designator=TP27
Change Component Physical Designator: Old Designator=TP27 New Designator=TP28
Change Component Physical Designator: Old Designator=TP28 New Designator=TP29
Change Component Physical Designator: Old Designator=TP29 New Designator=TP30
Change Component Physical Designator: Old Designator=TP30 New Designator=TP31
Change Component Physical Designator: Old Designator=TP31 New Designator=TP32
Change Component Physical Designator: Old Designator=TP32 New Designator=TP33
Change Component Physical Designator: Old Designator=TP33 New Designator=TP34
Change Component Physical Designator: Old Designator=TP34 New Designator=TP35
Change Component Physical Designator: Old Designator=TP35 New Designator=TP36
Change Component Physical Designator: Old Designator=TP36 New Designator=TP37
Change Component Physical Designator: Old Designator=TP37 New Designator=TP38
Change Component Physical Designator: Old Designator=TP38 New Designator=TP39
Change Component Physical Designator: Old Designator=TP39 New Designator=TP40
Change Component Physical Designator: Old Designator=TP40 New Designator=TP41
Change Component Physical Designator: Old Designator=TP41 New Designator=TP42
Change Component Physical Designator: Old Designator=TP42 New Designator=TP43
Change Component Physical Designator: Old Designator=TP43 New Designator=TP44
Change Component Physical Designator: Old Designator=TP44_Conversor_Diff_A_Simple1 New Designator=TP45
Change Component Physical Designator: Old Designator=TP44_Conversor_Diff_A_Simple2 New Designator=TP48
Change Component Physical Designator: Old Designator=TP45_Conversor_Diff_A_Simple1 New Designator=TP46
Change Component Physical Designator: Old Designator=TP45_Conversor_Diff_A_Simple2 New Designator=TP49
Change Component Physical Designator: Old Designator=TP46_Conversor_Diff_A_Simple1 New Designator=TP47
Change Component Physical Designator: Old Designator=TP46_Conversor_Diff_A_Simple2 New Designator=TP50
Change Component Physical Designator: Old Designator=TP47_DDS_CANAL1 New Designator=TP21
Change Component Physical Designator: Old Designator=TP47_DDS_CANAL2 New Designator=TP22
Change Component Physical Designator: Old Designator=TP48_Atenuador_Digital_Pasos1 New Designator=TP70
Change Component Physical Designator: Old Designator=TP48_Atenuador_Digital_Pasos2 New Designator=TP72
Change Component Physical Designator: Old Designator=TP49_Atenuador_Digital_Pasos1 New Designator=TP71
Change Component Physical Designator: Old Designator=TP49_Atenuador_Digital_Pasos2 New Designator=TP73
Change Component Physical Designator: Old Designator=TP50_DAC_OFFSET_CANAL1 New Designator=TP51
Change Component Physical Designator: Old Designator=TP50_DAC_OFFSET_CANAL2 New Designator=TP52
Change Component Physical Designator: Old Designator=TP51 New Designator=TP66
Change Component Physical Designator: Old Designator=TP52 New Designator=TP67
Change Component Physical Designator: Old Designator=TP53 New Designator=TP68
Change Component Physical Designator: Old Designator=TP54 New Designator=TP69
Change Component Physical Designator: Old Designator=TP55_Offset1 New Designator=TP60
Change Component Physical Designator: Old Designator=TP55_Offset2 New Designator=TP63
Change Component Physical Designator: Old Designator=TP56_Offset1 New Designator=TP61
Change Component Physical Designator: Old Designator=TP56_Offset2 New Designator=TP64
Change Component Physical Designator: Old Designator=TP57_Offset1 New Designator=TP62
Change Component Physical Designator: Old Designator=TP57_Offset2 New Designator=TP65
Change Component Physical Designator: Old Designator=TP58_Amplificador1 New Designator=TP15
Change Component Physical Designator: Old Designator=TP58_Amplificador2 New Designator=TP18
Change Component Physical Designator: Old Designator=TP59_Amplificador1 New Designator=TP16
Change Component Physical Designator: Old Designator=TP59_Amplificador2 New Designator=TP19
Change Component Physical Designator: Old Designator=TP60_Amplificador1 New Designator=TP17
Change Component Physical Designator: Old Designator=TP60_Amplificador2 New Designator=TP20
Change Component Physical Designator: Old Designator=TP61 New Designator=TP74
Change Component Physical Designator: Old Designator=TP62 New Designator=TP75
Change Component Physical Designator: Old Designator=TP63 New Designator=TP76
Change Component Physical Designator: Old Designator=TP64 New Designator=TP77
