Reset Component Physical Designator: Old Designator=B1 New Designator=B11
Reset Component Physical Designator: Old Designator=B2 New Designator=B4_Conversor_Diff_A_Simple1
Reset Component Physical Designator: Old Designator=B3 New Designator=B5_Conversor_Diff_A_Simple1
Reset Component Physical Designator: Old Designator=B4 New Designator=B4_Conversor_Diff_A_Simple2
Reset Component Physical Designator: Old Designator=B5 New Designator=B5_Conversor_Diff_A_Simple2
Reset Component Physical Designator: Old Designator=B6 New Designator=B1
Reset Component Physical Designator: Old Designator=B7 New Designator=B9_Offset1
Reset Component Physical Designator: Old Designator=B8 New Designator=B10_Offset1
Reset Component Physical Designator: Old Designator=B9 New Designator=B9_Offset2
Reset Component Physical Designator: Old Designator=B10 New Designator=B10_Offset2
Reset Component Physical Designator: Old Designator=B11 New Designator=B8
Reset Component Physical Designator: Old Designator=B12 New Designator=B6_Atenuador_Digital_Pasos1
Reset Component Physical Designator: Old Designator=B13 New Designator=B6_Atenuador_Digital_Pasos2
Reset Component Physical Designator: Old Designator=B14 New Designator=B7
Reset Component Physical Designator: Old Designator=B15 New Designator=B3_DDS1
Reset Component Physical Designator: Old Designator=B16 New Designator=B3_DDS2
Reset Component Physical Designator: Old Designator=B17 New Designator=B12
Reset Component Physical Designator: Old Designator=C1 New Designator=C90
Reset Component Physical Designator: Old Designator=C2 New Designator=C91
Reset Component Physical Designator: Old Designator=C3 New Designator=C92
Reset Component Physical Designator: Old Designator=C4 New Designator=C93
Reset Component Physical Designator: Old Designator=C5 New Designator=C94
Reset Component Physical Designator: Old Designator=C6 New Designator=C95
Reset Component Physical Designator: Old Designator=C7 New Designator=C96
Reset Component Physical Designator: Old Designator=C8 New Designator=C97
Reset Component Physical Designator: Old Designator=C9 New Designator=C98
Reset Component Physical Designator: Old Designator=C10 New Designator=C99
Reset Component Physical Designator: Old Designator=C11 New Designator=C100
Reset Component Physical Designator: Old Designator=C12 New Designator=C101
Reset Component Physical Designator: Old Designator=C13 New Designator=C102
Reset Component Physical Designator: Old Designator=C14 New Designator=C103
Reset Component Physical Designator: Old Designator=C15 New Designator=C104
Reset Component Physical Designator: Old Designator=C16 New Designator=C105
Reset Component Physical Designator: Old Designator=C17 New Designator=C106
Reset Component Physical Designator: Old Designator=C18 New Designator=C107
Reset Component Physical Designator: Old Designator=C19 New Designator=C108
Reset Component Physical Designator: Old Designator=C20 New Designator=C109
Reset Component Physical Designator: Old Designator=C21 New Designator=C110
Reset Component Physical Designator: Old Designator=C22 New Designator=C111
Reset Component Physical Designator: Old Designator=C23 New Designator=C112
Reset Component Physical Designator: Old Designator=C24 New Designator=C113
Reset Component Physical Designator: Old Designator=C25 New Designator=C114
Reset Component Physical Designator: Old Designator=C26 New Designator=C80_Amplificador1
Reset Component Physical Designator: Old Designator=C27 New Designator=C81_Amplificador1
Reset Component Physical Designator: Old Designator=C28 New Designator=C82_Amplificador1
Reset Component Physical Designator: Old Designator=C29 New Designator=C83_Amplificador1
Reset Component Physical Designator: Old Designator=C30 New Designator=C84_Amplificador1
Reset Component Physical Designator: Old Designator=C31 New Designator=C85_Amplificador1
Reset Component Physical Designator: Old Designator=C32 New Designator=C86_Amplificador1
Reset Component Physical Designator: Old Designator=C33 New Designator=C87_Amplificador1
Reset Component Physical Designator: Old Designator=C34 New Designator=C80_Amplificador2
Reset Component Physical Designator: Old Designator=C35 New Designator=C81_Amplificador2
Reset Component Physical Designator: Old Designator=C36 New Designator=C82_Amplificador2
Reset Component Physical Designator: Old Designator=C37 New Designator=C83_Amplificador2
Reset Component Physical Designator: Old Designator=C38 New Designator=C84_Amplificador2
Reset Component Physical Designator: Old Designator=C39 New Designator=C85_Amplificador2
Reset Component Physical Designator: Old Designator=C40 New Designator=C86_Amplificador2
Reset Component Physical Designator: Old Designator=C41 New Designator=C87_Amplificador2
Reset Component Physical Designator: Old Designator=C42 New Designator=C88
Reset Component Physical Designator: Old Designator=C43 New Designator=C89
Reset Component Physical Designator: Old Designator=C44 New Designator=C32_Conversor_Diff_A_Simple1
Reset Component Physical Designator: Old Designator=C45 New Designator=C33_Conversor_Diff_A_Simple1
Reset Component Physical Designator: Old Designator=C46 New Designator=C34_Conversor_Diff_A_Simple1
Reset Component Physical Designator: Old Designator=C47 New Designator=C35_Conversor_Diff_A_Simple1
Reset Component Physical Designator: Old Designator=C48 New Designator=C36_Conversor_Diff_A_Simple1
Reset Component Physical Designator: Old Designator=C49 New Designator=C37_Conversor_Diff_A_Simple1
Reset Component Physical Designator: Old Designator=C50 New Designator=C38_Conversor_Diff_A_Simple1
Reset Component Physical Designator: Old Designator=C51 New Designator=C39_Conversor_Diff_A_Simple1
Reset Component Physical Designator: Old Designator=C52 New Designator=C40_Conversor_Diff_A_Simple1
Reset Component Physical Designator: Old Designator=C53 New Designator=C41_Conversor_Diff_A_Simple1
Reset Component Physical Designator: Old Designator=C54 New Designator=C32_Conversor_Diff_A_Simple2
Reset Component Physical Designator: Old Designator=C55 New Designator=C33_Conversor_Diff_A_Simple2
Reset Component Physical Designator: Old Designator=C56 New Designator=C34_Conversor_Diff_A_Simple2
Reset Component Physical Designator: Old Designator=C57 New Designator=C35_Conversor_Diff_A_Simple2
Reset Component Physical Designator: Old Designator=C58 New Designator=C36_Conversor_Diff_A_Simple2
Reset Component Physical Designator: Old Designator=C59 New Designator=C37_Conversor_Diff_A_Simple2
Reset Component Physical Designator: Old Designator=C60 New Designator=C38_Conversor_Diff_A_Simple2
Reset Component Physical Designator: Old Designator=C61 New Designator=C39_Conversor_Diff_A_Simple2
Reset Component Physical Designator: Old Designator=C62 New Designator=C40_Conversor_Diff_A_Simple2
Reset Component Physical Designator: Old Designator=C63 New Designator=C41_Conversor_Diff_A_Simple2
Reset Component Physical Designator: Old Designator=C64 New Designator=C61_DAC_OFFSET_CANAL1
Reset Component Physical Designator: Old Designator=C65 New Designator=C62_DAC_OFFSET_CANAL1
Reset Component Physical Designator: Old Designator=C66 New Designator=C61_DAC_OFFSET_CANAL2
Reset Component Physical Designator: Old Designator=C67 New Designator=C62_DAC_OFFSET_CANAL2
Reset Component Physical Designator: Old Designator=C68 New Designator=C1
Reset Component Physical Designator: Old Designator=C69 New Designator=C2
Reset Component Physical Designator: Old Designator=C70 New Designator=C3
Reset Component Physical Designator: Old Designator=C71 New Designator=C4
Reset Component Physical Designator: Old Designator=C72 New Designator=C5
Reset Component Physical Designator: Old Designator=C73 New Designator=C6
Reset Component Physical Designator: Old Designator=C74 New Designator=C7
Reset Component Physical Designator: Old Designator=C75 New Designator=C8
Reset Component Physical Designator: Old Designator=C76 New Designator=C9
Reset Component Physical Designator: Old Designator=C77 New Designator=C10
Reset Component Physical Designator: Old Designator=C78 New Designator=C11
Reset Component Physical Designator: Old Designator=C79 New Designator=C12
Reset Component Physical Designator: Old Designator=C80 New Designator=C13
Reset Component Physical Designator: Old Designator=C81 New Designator=C14
Reset Component Physical Designator: Old Designator=C82 New Designator=C15
Reset Component Physical Designator: Old Designator=C83 New Designator=C16
Reset Component Physical Designator: Old Designator=C84 New Designator=C17
Reset Component Physical Designator: Old Designator=C85 New Designator=C70_Offset1
Reset Component Physical Designator: Old Designator=C86 New Designator=C71_Offset1
Reset Component Physical Designator: Old Designator=C87 New Designator=C72_Offset1
Reset Component Physical Designator: Old Designator=C88 New Designator=C73_Offset1
Reset Component Physical Designator: Old Designator=C89 New Designator=C74_Offset1
Reset Component Physical Designator: Old Designator=C90 New Designator=C75_Offset1
Reset Component Physical Designator: Old Designator=C91 New Designator=C76_Offset1
Reset Component Physical Designator: Old Designator=C92 New Designator=C77_Offset1
Reset Component Physical Designator: Old Designator=C93 New Designator=C78_Offset1
Reset Component Physical Designator: Old Designator=C94 New Designator=C79_Offset1
Reset Component Physical Designator: Old Designator=C95 New Designator=C70_Offset2
Reset Component Physical Designator: Old Designator=C96 New Designator=C71_Offset2
Reset Component Physical Designator: Old Designator=C97 New Designator=C72_Offset2
Reset Component Physical Designator: Old Designator=C98 New Designator=C73_Offset2
Reset Component Physical Designator: Old Designator=C99 New Designator=C74_Offset2
Reset Component Physical Designator: Old Designator=C100 New Designator=C75_Offset2
Reset Component Physical Designator: Old Designator=C101 New Designator=C76_Offset2
Reset Component Physical Designator: Old Designator=C102 New Designator=C77_Offset2
Reset Component Physical Designator: Old Designator=C103 New Designator=C78_Offset2
Reset Component Physical Designator: Old Designator=C104 New Designator=C79_Offset2
Reset Component Physical Designator: Old Designator=C105 New Designator=C63
Reset Component Physical Designator: Old Designator=C106 New Designator=C64
Reset Component Physical Designator: Old Designator=C107 New Designator=C65
Reset Component Physical Designator: Old Designator=C108 New Designator=C66
Reset Component Physical Designator: Old Designator=C109 New Designator=C67
Reset Component Physical Designator: Old Designator=C110 New Designator=C68
Reset Component Physical Designator: Old Designator=C111 New Designator=C69
Reset Component Physical Designator: Old Designator=C112 New Designator=C42_Atenuador_Digital_Pasos1
Reset Component Physical Designator: Old Designator=C113 New Designator=C43_Atenuador_Digital_Pasos1
Reset Component Physical Designator: Old Designator=C114 New Designator=C44_Atenuador_Digital_Pasos1
Reset Component Physical Designator: Old Designator=C115 New Designator=C45_Atenuador_Digital_Pasos1
Reset Component Physical Designator: Old Designator=C116 New Designator=C46_Atenuador_Digital_Pasos1
Reset Component Physical Designator: Old Designator=C117 New Designator=C47_Atenuador_Digital_Pasos1
Reset Component Physical Designator: Old Designator=C118 New Designator=C48_Atenuador_Digital_Pasos1
Reset Component Physical Designator: Old Designator=C119 New Designator=C49_Atenuador_Digital_Pasos1
Reset Component Physical Designator: Old Designator=C120 New Designator=C50_Atenuador_Digital_Pasos1
Reset Component Physical Designator: Old Designator=C121 New Designator=C51_Atenuador_Digital_Pasos1
Reset Component Physical Designator: Old Designator=C122 New Designator=C52_Atenuador_Digital_Pasos1
Reset Component Physical Designator: Old Designator=C123 New Designator=C42_Atenuador_Digital_Pasos2
Reset Component Physical Designator: Old Designator=C124 New Designator=C43_Atenuador_Digital_Pasos2
Reset Component Physical Designator: Old Designator=C125 New Designator=C44_Atenuador_Digital_Pasos2
Reset Component Physical Designator: Old Designator=C126 New Designator=C45_Atenuador_Digital_Pasos2
Reset Component Physical Designator: Old Designator=C127 New Designator=C46_Atenuador_Digital_Pasos2
Reset Component Physical Designator: Old Designator=C128 New Designator=C47_Atenuador_Digital_Pasos2
Reset Component Physical Designator: Old Designator=C129 New Designator=C48_Atenuador_Digital_Pasos2
Reset Component Physical Designator: Old Designator=C130 New Designator=C49_Atenuador_Digital_Pasos2
Reset Component Physical Designator: Old Designator=C131 New Designator=C50_Atenuador_Digital_Pasos2
Reset Component Physical Designator: Old Designator=C132 New Designator=C51_Atenuador_Digital_Pasos2
Reset Component Physical Designator: Old Designator=C133 New Designator=C52_Atenuador_Digital_Pasos2
Reset Component Physical Designator: Old Designator=C134 New Designator=C53
Reset Component Physical Designator: Old Designator=C135 New Designator=C54
Reset Component Physical Designator: Old Designator=C136 New Designator=C18_DDS1
Reset Component Physical Designator: Old Designator=C137 New Designator=C19_DDS1
Reset Component Physical Designator: Old Designator=C138 New Designator=C20_DDS1
Reset Component Physical Designator: Old Designator=C139 New Designator=C21_DDS1
Reset Component Physical Designator: Old Designator=C140 New Designator=C22_DDS1
Reset Component Physical Designator: Old Designator=C141 New Designator=C23_DDS1
Reset Component Physical Designator: Old Designator=C142 New Designator=C24_DDS1
Reset Component Physical Designator: Old Designator=C143 New Designator=C25_DDS1
Reset Component Physical Designator: Old Designator=C144 New Designator=C26_DDS1
Reset Component Physical Designator: Old Designator=C145 New Designator=C27_DDS1
Reset Component Physical Designator: Old Designator=C146 New Designator=C28_DDS1
Reset Component Physical Designator: Old Designator=C147 New Designator=C29_DDS1
Reset Component Physical Designator: Old Designator=C148 New Designator=C30_DDS1
Reset Component Physical Designator: Old Designator=C149 New Designator=C31_DDS1
Reset Component Physical Designator: Old Designator=C150 New Designator=C18_DDS2
Reset Component Physical Designator: Old Designator=C151 New Designator=C19_DDS2
Reset Component Physical Designator: Old Designator=C152 New Designator=C20_DDS2
Reset Component Physical Designator: Old Designator=C153 New Designator=C21_DDS2
Reset Component Physical Designator: Old Designator=C154 New Designator=C22_DDS2
Reset Component Physical Designator: Old Designator=C155 New Designator=C23_DDS2
Reset Component Physical Designator: Old Designator=C156 New Designator=C24_DDS2
Reset Component Physical Designator: Old Designator=C157 New Designator=C25_DDS2
Reset Component Physical Designator: Old Designator=C158 New Designator=C26_DDS2
Reset Component Physical Designator: Old Designator=C159 New Designator=C27_DDS2
Reset Component Physical Designator: Old Designator=C160 New Designator=C28_DDS2
Reset Component Physical Designator: Old Designator=C161 New Designator=C29_DDS2
Reset Component Physical Designator: Old Designator=C162 New Designator=C30_DDS2
Reset Component Physical Designator: Old Designator=C163 New Designator=C31_DDS2
Reset Component Physical Designator: Old Designator=C164 New Designator=C55
Reset Component Physical Designator: Old Designator=C165 New Designator=C56
Reset Component Physical Designator: Old Designator=C166 New Designator=C57
Reset Component Physical Designator: Old Designator=C167 New Designator=C58
Reset Component Physical Designator: Old Designator=C168 New Designator=C59
Reset Component Physical Designator: Old Designator=C169 New Designator=C60
Reset Component Physical Designator: Old Designator=C170 New Designator=C115
Reset Component Physical Designator: Old Designator=C171 New Designator=C116
Reset Component Physical Designator: Old Designator=C172 New Designator=C117
Reset Component Physical Designator: Old Designator=C173 New Designator=C118
Reset Component Physical Designator: Old Designator=C174 New Designator=C119
Reset Component Physical Designator: Old Designator=C175 New Designator=C120
Reset Component Physical Designator: Old Designator=C176 New Designator=C121
Reset Component Physical Designator: Old Designator=D1 New Designator=D7
Reset Component Physical Designator: Old Designator=D2 New Designator=D8
Reset Component Physical Designator: Old Designator=D3 New Designator=D9
Reset Component Physical Designator: Old Designator=D4 New Designator=D10
Reset Component Physical Designator: Old Designator=D5 New Designator=D11
Reset Component Physical Designator: Old Designator=D6 New Designator=D12
Reset Component Physical Designator: Old Designator=D7 New Designator=D13
Reset Component Physical Designator: Old Designator=D8 New Designator=D14
Reset Component Physical Designator: Old Designator=D9 New Designator=D15
Reset Component Physical Designator: Old Designator=D10 New Designator=D16
Reset Component Physical Designator: Old Designator=D11 New Designator=D1
Reset Component Physical Designator: Old Designator=D12 New Designator=D2
Reset Component Physical Designator: Old Designator=D13 New Designator=D3
Reset Component Physical Designator: Old Designator=D14 New Designator=D4
Reset Component Physical Designator: Old Designator=D15 New Designator=D5
Reset Component Physical Designator: Old Designator=D16 New Designator=D6
Reset Component Physical Designator: Old Designator=FB1 New Designator=FB2
Reset Component Physical Designator: Old Designator=FB2 New Designator=FB3
Reset Component Physical Designator: Old Designator=FB3 New Designator=FB4
Reset Component Physical Designator: Old Designator=FB4 New Designator=FB5
Reset Component Physical Designator: Old Designator=FB5 New Designator=FB6
Reset Component Physical Designator: Old Designator=FB6 New Designator=FB1
Reset Component Physical Designator: Old Designator=J1 New Designator=J10
Reset Component Physical Designator: Old Designator=J1 New Designator=J10
Reset Component Physical Designator: Old Designator=J2 New Designator=J4
Reset Component Physical Designator: Old Designator=J3 New Designator=J5
Reset Component Physical Designator: Old Designator=J4 New Designator=J6
Reset Component Physical Designator: Old Designator=J4 New Designator=J6
Reset Component Physical Designator: Old Designator=J5 New Designator=J7
Reset Component Physical Designator: Old Designator=J6 New Designator=J8
Reset Component Physical Designator: Old Designator=J7 New Designator=J9
Reset Component Physical Designator: Old Designator=J7 New Designator=J9
Reset Component Physical Designator: Old Designator=J8 New Designator=J1
Reset Component Physical Designator: Old Designator=J9 New Designator=J2
Reset Component Physical Designator: Old Designator=J10 New Designator=J3
Reset Component Physical Designator: Old Designator=NT1 New Designator=NT1
Reset Component Physical Designator: Old Designator=Q1 New Designator=Q1
Reset Component Physical Designator: Old Designator=Q2 New Designator=Q2
Reset Component Physical Designator: Old Designator=R1 New Designator=R88
Reset Component Physical Designator: Old Designator=R2 New Designator=R89
Reset Component Physical Designator: Old Designator=R3 New Designator=R90
Reset Component Physical Designator: Old Designator=R4 New Designator=R91
Reset Component Physical Designator: Old Designator=R5 New Designator=R92
Reset Component Physical Designator: Old Designator=R6 New Designator=R70_Amplificador1
Reset Component Physical Designator: Old Designator=R7 New Designator=R71_Amplificador1
Reset Component Physical Designator: Old Designator=R8 New Designator=R72_Amplificador1
Reset Component Physical Designator: Old Designator=R9 New Designator=R73_Amplificador1
Reset Component Physical Designator: Old Designator=R10 New Designator=R74_Amplificador1
Reset Component Physical Designator: Old Designator=R11 New Designator=R75_Amplificador1
Reset Component Physical Designator: Old Designator=R12 New Designator=R70_Amplificador2
Reset Component Physical Designator: Old Designator=R13 New Designator=R71_Amplificador2
Reset Component Physical Designator: Old Designator=R14 New Designator=R72_Amplificador2
Reset Component Physical Designator: Old Designator=R15 New Designator=R73_Amplificador2
Reset Component Physical Designator: Old Designator=R16 New Designator=R74_Amplificador2
Reset Component Physical Designator: Old Designator=R17 New Designator=R75_Amplificador2
Reset Component Physical Designator: Old Designator=R18 New Designator=R76
Reset Component Physical Designator: Old Designator=R19 New Designator=R77
Reset Component Physical Designator: Old Designator=R20 New Designator=R78
Reset Component Physical Designator: Old Designator=R21 New Designator=R79
Reset Component Physical Designator: Old Designator=R22 New Designator=R33_DDS_CANAL1
Reset Component Physical Designator: Old Designator=R23 New Designator=R34_DDS_CANAL1
Reset Component Physical Designator: Old Designator=R24 New Designator=R33_DDS_CANAL2
Reset Component Physical Designator: Old Designator=R25 New Designator=R34_DDS_CANAL2
Reset Component Physical Designator: Old Designator=R26 New Designator=R80
Reset Component Physical Designator: Old Designator=R27 New Designator=R81
Reset Component Physical Designator: Old Designator=R28 New Designator=R82
Reset Component Physical Designator: Old Designator=R29 New Designator=R83
Reset Component Physical Designator: Old Designator=R30 New Designator=R84
Reset Component Physical Designator: Old Designator=R31 New Designator=R85
Reset Component Physical Designator: Old Designator=R32 New Designator=R86
Reset Component Physical Designator: Old Designator=R33 New Designator=R87
Reset Component Physical Designator: Old Designator=R34 New Designator=R5
Reset Component Physical Designator: Old Designator=R35 New Designator=R6
Reset Component Physical Designator: Old Designator=R36 New Designator=R7
Reset Component Physical Designator: Old Designator=R37 New Designator=R8
Reset Component Physical Designator: Old Designator=R38 New Designator=R10
Reset Component Physical Designator: Old Designator=R39 New Designator=R12
Reset Component Physical Designator: Old Designator=R40 New Designator=R14
Reset Component Physical Designator: Old Designator=R41 New Designator=R15
Reset Component Physical Designator: Old Designator=R42 New Designator=R16
Reset Component Physical Designator: Old Designator=R43 New Designator=R17
Reset Component Physical Designator: Old Designator=R44 New Designator=R28_Conversor_Diff_A_Simple1
Reset Component Physical Designator: Old Designator=R45 New Designator=R29_Conversor_Diff_A_Simple1
Reset Component Physical Designator: Old Designator=R46 New Designator=R30_Conversor_Diff_A_Simple1
Reset Component Physical Designator: Old Designator=R47 New Designator=R31_Conversor_Diff_A_Simple1
Reset Component Physical Designator: Old Designator=R48 New Designator=R28_Conversor_Diff_A_Simple2
Reset Component Physical Designator: Old Designator=R49 New Designator=R29_Conversor_Diff_A_Simple2
Reset Component Physical Designator: Old Designator=R50 New Designator=R30_Conversor_Diff_A_Simple2
Reset Component Physical Designator: Old Designator=R51 New Designator=R31_Conversor_Diff_A_Simple2
Reset Component Physical Designator: Old Designator=R52 New Designator=R54_DAC_OFFSET_CANAL1
Reset Component Physical Designator: Old Designator=R53 New Designator=R55_DAC_OFFSET_CANAL1
Reset Component Physical Designator: Old Designator=R54 New Designator=R54_DAC_OFFSET_CANAL2
Reset Component Physical Designator: Old Designator=R55 New Designator=R55_DAC_OFFSET_CANAL2
Reset Component Physical Designator: Old Designator=R56 New Designator=R18
Reset Component Physical Designator: Old Designator=R57 New Designator=R19
Reset Component Physical Designator: Old Designator=R58 New Designator=R20
Reset Component Physical Designator: Old Designator=R59 New Designator=R21
Reset Component Physical Designator: Old Designator=R60 New Designator=R22
Reset Component Physical Designator: Old Designator=R61 New Designator=R23
Reset Component Physical Designator: Old Designator=R62 New Designator=R24
Reset Component Physical Designator: Old Designator=R63 New Designator=R65_Offset1
Reset Component Physical Designator: Old Designator=R64 New Designator=R66_Offset1
Reset Component Physical Designator: Old Designator=R65 New Designator=R67_Offset1
Reset Component Physical Designator: Old Designator=R66 New Designator=R68_Offset1
Reset Component Physical Designator: Old Designator=R67 New Designator=R69_Offset1
Reset Component Physical Designator: Old Designator=R68 New Designator=R65_Offset2
Reset Component Physical Designator: Old Designator=R69 New Designator=R66_Offset2
Reset Component Physical Designator: Old Designator=R70 New Designator=R67_Offset2
Reset Component Physical Designator: Old Designator=R71 New Designator=R68_Offset2
Reset Component Physical Designator: Old Designator=R72 New Designator=R69_Offset2
Reset Component Physical Designator: Old Designator=R73 New Designator=R56
Reset Component Physical Designator: Old Designator=R74 New Designator=R57
Reset Component Physical Designator: Old Designator=R75 New Designator=R58
Reset Component Physical Designator: Old Designator=R76 New Designator=R59
Reset Component Physical Designator: Old Designator=R77 New Designator=R60
Reset Component Physical Designator: Old Designator=R78 New Designator=R61
Reset Component Physical Designator: Old Designator=R79 New Designator=R62
Reset Component Physical Designator: Old Designator=R80 New Designator=R63
Reset Component Physical Designator: Old Designator=R81 New Designator=R64
Reset Component Physical Designator: Old Designator=R82 New Designator=R35_Atenuador_Digital_Pasos1
Reset Component Physical Designator: Old Designator=R83 New Designator=R36_Atenuador_Digital_Pasos1
Reset Component Physical Designator: Old Designator=R84 New Designator=R37_Atenuador_Digital_Pasos1
Reset Component Physical Designator: Old Designator=R85 New Designator=R38_Atenuador_Digital_Pasos1
Reset Component Physical Designator: Old Designator=R86 New Designator=R39_Atenuador_Digital_Pasos1
Reset Component Physical Designator: Old Designator=R87 New Designator=R40_Atenuador_Digital_Pasos1
Reset Component Physical Designator: Old Designator=R88 New Designator=R41_Atenuador_Digital_Pasos1
Reset Component Physical Designator: Old Designator=R89 New Designator=R42_Atenuador_Digital_Pasos1
Reset Component Physical Designator: Old Designator=R90 New Designator=R43_Atenuador_Digital_Pasos1
Reset Component Physical Designator: Old Designator=R91 New Designator=R35_Atenuador_Digital_Pasos2
Reset Component Physical Designator: Old Designator=R92 New Designator=R36_Atenuador_Digital_Pasos2
Reset Component Physical Designator: Old Designator=R93 New Designator=R37_Atenuador_Digital_Pasos2
Reset Component Physical Designator: Old Designator=R94 New Designator=R38_Atenuador_Digital_Pasos2
Reset Component Physical Designator: Old Designator=R95 New Designator=R39_Atenuador_Digital_Pasos2
Reset Component Physical Designator: Old Designator=R96 New Designator=R40_Atenuador_Digital_Pasos2
Reset Component Physical Designator: Old Designator=R97 New Designator=R41_Atenuador_Digital_Pasos2
Reset Component Physical Designator: Old Designator=R98 New Designator=R42_Atenuador_Digital_Pasos2
Reset Component Physical Designator: Old Designator=R99 New Designator=R43_Atenuador_Digital_Pasos2
Reset Component Physical Designator: Old Designator=R100 New Designator=R25_DDS1
Reset Component Physical Designator: Old Designator=R101 New Designator=R26_DDS1
Reset Component Physical Designator: Old Designator=R102 New Designator=R27_DDS1
Reset Component Physical Designator: Old Designator=R103 New Designator=R25_DDS2
Reset Component Physical Designator: Old Designator=R104 New Designator=R26_DDS2
Reset Component Physical Designator: Old Designator=R105 New Designator=R27_DDS2
Reset Component Physical Designator: Old Designator=R106 New Designator=R44
Reset Component Physical Designator: Old Designator=R107 New Designator=R45
Reset Component Physical Designator: Old Designator=R108 New Designator=R46
Reset Component Physical Designator: Old Designator=R109 New Designator=R47
Reset Component Physical Designator: Old Designator=R110 New Designator=R48
Reset Component Physical Designator: Old Designator=R111 New Designator=R49
Reset Component Physical Designator: Old Designator=R112 New Designator=R50
Reset Component Physical Designator: Old Designator=R113 New Designator=R51
Reset Component Physical Designator: Old Designator=R114 New Designator=R52
Reset Component Physical Designator: Old Designator=R115 New Designator=R53
Reset Component Physical Designator: Old Designator=R116 New Designator=R32_DDS_CANAL1
Reset Component Physical Designator: Old Designator=R117 New Designator=R32_DDS_CANAL2
Reset Component Physical Designator: Old Designator=R118 New Designator=R1
Reset Component Physical Designator: Old Designator=R119 New Designator=R2
Reset Component Physical Designator: Old Designator=R120 New Designator=R3
Reset Component Physical Designator: Old Designator=R121 New Designator=R4
Reset Component Physical Designator: Old Designator=R122 New Designator=R9
Reset Component Physical Designator: Old Designator=R123 New Designator=R13
Reset Component Physical Designator: Old Designator=R124 New Designator=R11
Reset Component Physical Designator: Old Designator=R125 New Designator=R93
Reset Component Physical Designator: Old Designator=R126 New Designator=R94
Reset Component Physical Designator: Old Designator=R127 New Designator=R95
Reset Component Physical Designator: Old Designator=R128 New Designator=R96
Reset Component Physical Designator: Old Designator=R129 New Designator=R97
Reset Component Physical Designator: Old Designator=R130 New Designator=R98
Reset Component Physical Designator: Old Designator=R131 New Designator=R99
Reset Component Physical Designator: Old Designator=R132 New Designator=R100
Reset Component Physical Designator: Old Designator=RLY1 New Designator=RLY1
Reset Component Physical Designator: Old Designator=RLY2 New Designator=RLY2
Reset Component Physical Designator: Old Designator=SW1 New Designator=SW1
Reset Component Physical Designator: Old Designator=SW2 New Designator=SW2
Reset Component Physical Designator: Old Designator=U1 New Designator=U6_Amplificador1
Reset Component Physical Designator: Old Designator=U1 New Designator=U6_Amplificador1
Reset Component Physical Designator: Old Designator=U2 New Designator=U7_Amplificador1
Reset Component Physical Designator: Old Designator=U2 New Designator=U7_Amplificador1
Reset Component Physical Designator: Old Designator=U3 New Designator=U6_Amplificador2
Reset Component Physical Designator: Old Designator=U3 New Designator=U6_Amplificador2
Reset Component Physical Designator: Old Designator=U4 New Designator=U7_Amplificador2
Reset Component Physical Designator: Old Designator=U4 New Designator=U7_Amplificador2
Reset Component Physical Designator: Old Designator=U5 New Designator=U5_DAC_OFFSET_CANAL1
Reset Component Physical Designator: Old Designator=U6 New Designator=U5_DAC_OFFSET_CANAL2
Reset Component Physical Designator: Old Designator=U7 New Designator=U1
Reset Component Physical Designator: Old Designator=U8 New Designator=U2
Reset Component Physical Designator: Old Designator=U9 New Designator=U3
Reset Component Physical Designator: Old Designator=U10 New Designator=U4
Reset Component Physical Designator: Old Designator=U11 New Designator=U8
Reset Component Physical Designator: Old Designator=U11 New Designator=U8
Reset Component Physical Designator: Old Designator=X1 New Designator=X1
Reset Component Physical Designator: Old Designator=Y1 New Designator=Y1
