Removed Pin From Net: NetName=GND Pin=NT1-1
Removed Pin From Net: NetName=GND Pin=NT1-2
Removed Pin From Net: NetName=GND Pin=TP14-1
Removed Member From Class: ClassName=Alimentacion Member=NT1
Removed Member From Class: ClassName=Alimentacion Member=TP14
Change Component Designator: OldDesignator=BOOT NewDesignator=SW1
Change Component Designator: OldDesignator=RESET NewDesignator=SW2
Change Component Designator: OldDesignator=TP15 NewDesignator=TP14
Change Component Designator: OldDesignator=TP16 NewDesignator=TP15
Change Component Designator: OldDesignator=TP17 NewDesignator=TP16
Change Component Designator: OldDesignator=TP18 NewDesignator=TP17
Change Component Designator: OldDesignator=TP19 NewDesignator=TP18
Change Component Designator: OldDesignator=TP20 NewDesignator=TP19
Change Component Designator: OldDesignator=TP21 NewDesignator=TP20
Change Component Designator: OldDesignator=TP22 NewDesignator=TP21
Change Component Designator: OldDesignator=TP23 NewDesignator=TP22
Change Component Designator: OldDesignator=TP24 NewDesignator=TP23
Change Component Designator: OldDesignator=TP25 NewDesignator=TP24
Change Component Designator: OldDesignator=TP26 NewDesignator=TP25
Change Component Designator: OldDesignator=TP27 NewDesignator=TP26
Change Component Designator: OldDesignator=TP28 NewDesignator=TP27
Change Component Designator: OldDesignator=TP29 NewDesignator=TP28
Change Component Designator: OldDesignator=TP30 NewDesignator=TP29
Change Component Designator: OldDesignator=TP31 NewDesignator=TP30
Change Component Designator: OldDesignator=TP32 NewDesignator=TP31
Change Component Designator: OldDesignator=TP33 NewDesignator=TP32
Change Component Designator: OldDesignator=TP34 NewDesignator=TP33
Change Component Designator: OldDesignator=TP35 NewDesignator=TP34
Change Component Designator: OldDesignator=TP36 NewDesignator=TP35
Change Component Designator: OldDesignator=TP37 NewDesignator=TP36
Change Component Designator: OldDesignator=TP38 NewDesignator=TP37
Change Component Designator: OldDesignator=TP39 NewDesignator=TP38
Change Component Designator: OldDesignator=TP40 NewDesignator=TP39
Change Component Designator: OldDesignator=TP41 NewDesignator=TP40
Change Component Designator: OldDesignator=TP42 NewDesignator=TP41
Change Component Designator: OldDesignator=TP43 NewDesignator=TP42
Change Component Designator: OldDesignator=TP44 NewDesignator=TP43
Change Component Designator: OldDesignator=TP45 NewDesignator=TP44
Change Component Designator: OldDesignator=TP46 NewDesignator=TP45
Change Component Designator: OldDesignator=TP47 NewDesignator=TP46
Change Component Designator: OldDesignator=TP48 NewDesignator=TP47
Change Component Designator: OldDesignator=TP49 NewDesignator=TP48
Change Component Designator: OldDesignator=TP50 NewDesignator=TP49
Change Component Designator: OldDesignator=TP51 NewDesignator=TP50
Change Component Designator: OldDesignator=TP52 NewDesignator=TP51
Change Component Designator: OldDesignator=TP53 NewDesignator=TP52
Change Component Designator: OldDesignator=TP54 NewDesignator=TP53
Change Component Designator: OldDesignator=TP55 NewDesignator=TP54
Change Component Designator: OldDesignator=TP56 NewDesignator=TP55
Change Component Designator: OldDesignator=TP57 NewDesignator=TP56
Change Component Designator: OldDesignator=TP58 NewDesignator=TP57
Change Component Designator: OldDesignator=TP59 NewDesignator=TP58
Change Component Designator: OldDesignator=TP60 NewDesignator=TP59
Change Component Designator: OldDesignator=TP61 NewDesignator=TP60
Change Component Designator: OldDesignator=TP62 NewDesignator=TP61
Change Component Designator: OldDesignator=TP63 NewDesignator=TP62
Change Component Designator: OldDesignator=TP64 NewDesignator=TP63
Change Component Designator: OldDesignator=TP65 NewDesignator=TP64
Change Component Designator: OldDesignator=TP66 NewDesignator=TP65
Change Component Designator: OldDesignator=TP67 NewDesignator=TP66
Change Component Designator: OldDesignator=TP68 NewDesignator=TP67
Change Component Designator: OldDesignator=TP69 NewDesignator=TP68
Change Component Designator: OldDesignator=TP70 NewDesignator=TP69
Change Component Designator: OldDesignator=TP71 NewDesignator=TP70
Change Component Designator: OldDesignator=TP72 NewDesignator=TP71
Change Component Designator: OldDesignator=TP73 NewDesignator=TP72
Change Component Designator: OldDesignator=TP74 NewDesignator=TP73
Change Component Designator: OldDesignator=TP75 NewDesignator=TP74
Change Component Designator: OldDesignator=TP76 NewDesignator=TP75
Change Component Designator: OldDesignator=TP77 NewDesignator=TP76
