Removed Pin From Net: NetName=AGND Pin=B9-3
Removed Pin From Net: NetName=AGND Pin=B11-3
Removed Pin From Net: NetName=AGND Pin=C64-2
Removed Pin From Net: NetName=AGND Pin=C65-K
Removed Pin From Net: NetName=AGND Pin=C66-2
Removed Pin From Net: NetName=AGND Pin=C67-K
Removed Pin From Net: NetName=AGND Pin=C85-1
Removed Pin From Net: NetName=AGND Pin=C86-1
Removed Pin From Net: NetName=AGND Pin=C87-1
Removed Pin From Net: NetName=AGND Pin=C88-1
Removed Pin From Net: NetName=AGND Pin=C91-2
Removed Pin From Net: NetName=AGND Pin=C92-2
Removed Pin From Net: NetName=AGND Pin=C93-2
Removed Pin From Net: NetName=AGND Pin=C94-2
Removed Pin From Net: NetName=AGND Pin=C95-1
Removed Pin From Net: NetName=AGND Pin=C96-1
Removed Pin From Net: NetName=AGND Pin=C97-1
Removed Pin From Net: NetName=AGND Pin=C98-1
Removed Pin From Net: NetName=AGND Pin=C101-2
Removed Pin From Net: NetName=AGND Pin=C102-2
Removed Pin From Net: NetName=AGND Pin=C103-2
Removed Pin From Net: NetName=AGND Pin=C104-2
Removed Pin From Net: NetName=AGND Pin=R62-1
Removed Pin From Net: NetName=AGND Pin=R64-1
Removed Pin From Net: NetName=AGND Pin=R75-1
Removed Pin From Net: NetName=AGND Pin=R80-1
Removed Pin From Net: NetName=AGND Pin=U5-2
Removed Pin From Net: NetName=AGND Pin=U6-2
Added Pin To Net: NetName=AGND Pin=B6-2
Added Pin To Net: NetName=AGND Pin=B7-4
Added Pin To Net: NetName=AGND Pin=B15-8
Added Pin To Net: NetName=AGND Pin=B16-3
Added Pin To Net: NetName=AGND Pin=B16-19
Added Pin To Net: NetName=AGND Pin=B17-3
Added Pin To Net: NetName=AGND Pin=B17-19
Added Pin To Net: NetName=AGND Pin=C1-2
Added Pin To Net: NetName=AGND Pin=C2-2
Added Pin To Net: NetName=AGND Pin=C6-2
Added Pin To Net: NetName=AGND Pin=C7-2
Added Pin To Net: NetName=AGND Pin=C11-2
Added Pin To Net: NetName=AGND Pin=C12-2
Added Pin To Net: NetName=AGND Pin=C16-2
Added Pin To Net: NetName=AGND Pin=C17-2
Added Pin To Net: NetName=AGND Pin=C21-2
Added Pin To Net: NetName=AGND Pin=C22-2
Added Pin To Net: NetName=AGND Pin=C42-1
Added Pin To Net: NetName=AGND Pin=C43-1
Added Pin To Net: NetName=AGND Pin=C68-2
Added Pin To Net: NetName=AGND Pin=C69-2
Added Pin To Net: NetName=AGND Pin=C70-2
Added Pin To Net: NetName=AGND Pin=C71-2
Added Pin To Net: NetName=AGND Pin=C72-2
Added Pin To Net: NetName=AGND Pin=C73-2
Added Pin To Net: NetName=AGND Pin=C74-2
Added Pin To Net: NetName=AGND Pin=C75-2
Added Pin To Net: NetName=AGND Pin=C76-2
Added Pin To Net: NetName=AGND Pin=C77-2
Added Pin To Net: NetName=AGND Pin=C78-2
Added Pin To Net: NetName=AGND Pin=C79-2
Added Pin To Net: NetName=AGND Pin=C80-2
Added Pin To Net: NetName=AGND Pin=C81-1
Added Pin To Net: NetName=AGND Pin=C82-2
Added Pin To Net: NetName=AGND Pin=C83-1
Added Pin To Net: NetName=AGND Pin=C84-1
Added Pin To Net: NetName=AGND Pin=C135-1
Added Pin To Net: NetName=AGND Pin=C136-1
Added Pin To Net: NetName=AGND Pin=C137-2
Added Pin To Net: NetName=AGND Pin=C138-2
Added Pin To Net: NetName=AGND Pin=C139-2
Added Pin To Net: NetName=AGND Pin=C145-1
Added Pin To Net: NetName=AGND Pin=C146-1
Added Pin To Net: NetName=AGND Pin=C147-1
Added Pin To Net: NetName=AGND Pin=C148-1
Added Pin To Net: NetName=AGND Pin=C149-1
Added Pin To Net: NetName=AGND Pin=C150-1
Added Pin To Net: NetName=AGND Pin=C151-2
Added Pin To Net: NetName=AGND Pin=C152-2
Added Pin To Net: NetName=AGND Pin=C153-2
Added Pin To Net: NetName=AGND Pin=C159-1
Added Pin To Net: NetName=AGND Pin=C160-1
Added Pin To Net: NetName=AGND Pin=C161-1
Added Pin To Net: NetName=AGND Pin=C162-1
Added Pin To Net: NetName=AGND Pin=C163-1
Added Pin To Net: NetName=AGND Pin=C164-1
Added Pin To Net: NetName=AGND Pin=C169-1
Added Pin To Net: NetName=AGND Pin=C170-1
Added Pin To Net: NetName=AGND Pin=C178-1
Added Pin To Net: NetName=AGND Pin=C179-1
Added Pin To Net: NetName=AGND Pin=D1-2
Added Pin To Net: NetName=AGND Pin=D2-2
Added Pin To Net: NetName=AGND Pin=D3-1
Added Pin To Net: NetName=AGND Pin=D4-1
Added Pin To Net: NetName=AGND Pin=D5-K
Added Pin To Net: NetName=AGND Pin=D6-K
Added Pin To Net: NetName=AGND Pin=D7-K
Added Pin To Net: NetName=AGND Pin=D8-A
Added Pin To Net: NetName=AGND Pin=D9-A
Added Pin To Net: NetName=AGND Pin=D10-2
Added Pin To Net: NetName=AGND Pin=J1-1
Added Pin To Net: NetName=AGND Pin=J1-2
Added Pin To Net: NetName=AGND Pin=J1-5
Added Pin To Net: NetName=AGND Pin=J1-6
Added Pin To Net: NetName=AGND Pin=J1-9
Added Pin To Net: NetName=AGND Pin=J1-10
Added Pin To Net: NetName=AGND Pin=J1-13
Added Pin To Net: NetName=AGND Pin=J1-14
Added Pin To Net: NetName=AGND Pin=J4-3
Added Pin To Net: NetName=AGND Pin=J5-5
Added Pin To Net: NetName=AGND Pin=J6-4
Added Pin To Net: NetName=AGND Pin=J8-1
Added Pin To Net: NetName=AGND Pin=J8-2
Added Pin To Net: NetName=AGND Pin=J8-3
Added Pin To Net: NetName=AGND Pin=J8-4
Added Pin To Net: NetName=AGND Pin=J8-A1-B12
Added Pin To Net: NetName=AGND Pin=J8-B1-A12
Added Pin To Net: NetName=AGND Pin=J9-2
Added Pin To Net: NetName=AGND Pin=J10-2
Added Pin To Net: NetName=AGND Pin=NT1-2
Added Pin To Net: NetName=AGND Pin=R31-1
Added Pin To Net: NetName=AGND Pin=R32-1
Added Pin To Net: NetName=AGND Pin=R33-1
Added Pin To Net: NetName=AGND Pin=R35-1
Added Pin To Net: NetName=AGND Pin=R39-1
Added Pin To Net: NetName=AGND Pin=R47-1
Added Pin To Net: NetName=AGND Pin=R65-1
Added Pin To Net: NetName=AGND Pin=R66-1
Added Pin To Net: NetName=AGND Pin=R120-2
Added Pin To Net: NetName=AGND Pin=R121-2
Added Pin To Net: NetName=AGND Pin=R122-1
Added Pin To Net: NetName=AGND Pin=R123-1
Added Pin To Net: NetName=AGND Pin=R124-1
Added Pin To Net: NetName=AGND Pin=R125-1
Added Pin To Net: NetName=AGND Pin=R138-2
Added Pin To Net: NetName=AGND Pin=R139-1
Added Pin To Net: NetName=AGND Pin=R140-1
Added Pin To Net: NetName=AGND Pin=R141-1
Added Pin To Net: NetName=AGND Pin=BOOT-2
Added Pin To Net: NetName=AGND Pin=RESET-2
Added Pin To Net: NetName=AGND Pin=TP14-1
Added Pin To Net: NetName=AGND Pin=U7-1
Added Pin To Net: NetName=AGND Pin=U8-4
Added Pin To Net: NetName=AGND Pin=U9-19
Added Pin To Net: NetName=AGND Pin=U9-57
Added Pin To Net: NetName=AGND Pin=U10-5
Added Pin To Net: NetName=AGND Pin=U12-4
Added Pin To Net: NetName=AGND Pin=X1-2
Added Pin To Net: NetName=AGND Pin=X1-4
Added Pin To Net: NetName=AGND Pin=Y1-2
Added Pin To Net: NetName=AGND Pin=Y1-4
Change Net Name : Old Net Name=AGND New Net Name=GND
Change Net Color : Old Net Color=RGB(44, 10, 155) New Net Color=Blue
Added Pin To Net: NetName=AGND Pin=B9-3
Added Pin To Net: NetName=AGND Pin=B11-3
Added Pin To Net: NetName=AGND Pin=C64-2
Added Pin To Net: NetName=AGND Pin=C65-K
Added Pin To Net: NetName=AGND Pin=C66-2
Added Pin To Net: NetName=AGND Pin=C67-K
Added Pin To Net: NetName=AGND Pin=C85-1
Added Pin To Net: NetName=AGND Pin=C86-1
Added Pin To Net: NetName=AGND Pin=C87-1
Added Pin To Net: NetName=AGND Pin=C88-1
Added Pin To Net: NetName=AGND Pin=C91-2
Added Pin To Net: NetName=AGND Pin=C92-2
Added Pin To Net: NetName=AGND Pin=C93-2
Added Pin To Net: NetName=AGND Pin=C94-2
Added Pin To Net: NetName=AGND Pin=C95-1
Added Pin To Net: NetName=AGND Pin=C96-1
Added Pin To Net: NetName=AGND Pin=C97-1
Added Pin To Net: NetName=AGND Pin=C98-1
Added Pin To Net: NetName=AGND Pin=C101-2
Added Pin To Net: NetName=AGND Pin=C102-2
Added Pin To Net: NetName=AGND Pin=C103-2
Added Pin To Net: NetName=AGND Pin=C104-2
Added Pin To Net: NetName=AGND Pin=R62-1
Added Pin To Net: NetName=AGND Pin=R64-1
Added Pin To Net: NetName=AGND Pin=R75-1
Added Pin To Net: NetName=AGND Pin=R80-1
Added Pin To Net: NetName=AGND Pin=U5-2
Added Pin To Net: NetName=AGND Pin=U6-2
Added Net: Name=AGND
