Change Component Physical Designator: Old Designator=B1 New Designator=B6
Change Component Physical Designator: Old Designator=B2 New Designator=B7
Change Component Physical Designator: Old Designator=B3_DDS1 New Designator=B16
Change Component Physical Designator: Old Designator=B3_DDS2 New Designator=B17
Change Component Physical Designator: Old Designator=B4_Conversor_Diff_A_Simple1 New Designator=B2
Change Component Physical Designator: Old Designator=B4_Conversor_Diff_A_Simple2 New Designator=B4
Change Component Physical Designator: Old Designator=B5_Conversor_Diff_A_Simple1 New Designator=B3
Change Component Physical Designator: Old Designator=B5_Conversor_Diff_A_Simple2 New Designator=B5
Change Component Physical Designator: Old Designator=B6_Atenuador_Digital_Pasos1 New Designator=B13
Change Component Physical Designator: Old Designator=B6_Atenuador_Digital_Pasos2 New Designator=B14
Change Component Physical Designator: Old Designator=B7 New Designator=B15
Change Component Physical Designator: Old Designator=B8 New Designator=B12
Change Component Physical Designator: Old Designator=B9_Offset1 New Designator=B8
Change Component Physical Designator: Old Designator=B9_Offset2 New Designator=B10
Change Component Physical Designator: Old Designator=B10_Offset1 New Designator=B9
Change Component Physical Designator: Old Designator=B10_Offset2 New Designator=B11
Change Component Physical Designator: Old Designator=B11 New Designator=B1
Change Component Physical Designator: Old Designator=B12 New Designator=B18
Change Component Physical Designator: Old Designator=C1 New Designator=C68
Change Component Physical Designator: Old Designator=C2 New Designator=C69
Change Component Physical Designator: Old Designator=C3 New Designator=C70
Change Component Physical Designator: Old Designator=C4 New Designator=C71
Change Component Physical Designator: Old Designator=C5 New Designator=C72
Change Component Physical Designator: Old Designator=C6 New Designator=C73
Change Component Physical Designator: Old Designator=C7 New Designator=C74
Change Component Physical Designator: Old Designator=C8 New Designator=C75
Change Component Physical Designator: Old Designator=C9 New Designator=C76
Change Component Physical Designator: Old Designator=C10 New Designator=C77
Change Component Physical Designator: Old Designator=C11 New Designator=C78
Change Component Physical Designator: Old Designator=C12 New Designator=C79
Change Component Physical Designator: Old Designator=C13 New Designator=C80
Change Component Physical Designator: Old Designator=C14 New Designator=C81
Change Component Physical Designator: Old Designator=C15 New Designator=C82
Change Component Physical Designator: Old Designator=C16 New Designator=C83
Change Component Physical Designator: Old Designator=C17 New Designator=C84
Change Component Physical Designator: Old Designator=C18_DDS1 New Designator=C137
Change Component Physical Designator: Old Designator=C18_DDS2 New Designator=C151
Change Component Physical Designator: Old Designator=C19_DDS1 New Designator=C138
Change Component Physical Designator: Old Designator=C19_DDS2 New Designator=C152
Change Component Physical Designator: Old Designator=C20_DDS1 New Designator=C139
Change Component Physical Designator: Old Designator=C20_DDS2 New Designator=C153
Change Component Physical Designator: Old Designator=C21_DDS1 New Designator=C140
Change Component Physical Designator: Old Designator=C21_DDS2 New Designator=C154
Change Component Physical Designator: Old Designator=C22_DDS1 New Designator=C141
Change Component Physical Designator: Old Designator=C22_DDS2 New Designator=C155
Change Component Physical Designator: Old Designator=C23_DDS1 New Designator=C142
Change Component Physical Designator: Old Designator=C23_DDS2 New Designator=C156
Change Component Physical Designator: Old Designator=C24_DDS1 New Designator=C143
Change Component Physical Designator: Old Designator=C24_DDS2 New Designator=C157
Change Component Physical Designator: Old Designator=C25_DDS1 New Designator=C144
Change Component Physical Designator: Old Designator=C25_DDS2 New Designator=C158
Change Component Physical Designator: Old Designator=C26_DDS1 New Designator=C145
Change Component Physical Designator: Old Designator=C26_DDS2 New Designator=C159
Change Component Physical Designator: Old Designator=C27_DDS1 New Designator=C146
Change Component Physical Designator: Old Designator=C27_DDS2 New Designator=C160
Change Component Physical Designator: Old Designator=C28_DDS1 New Designator=C147
Change Component Physical Designator: Old Designator=C28_DDS2 New Designator=C161
Change Component Physical Designator: Old Designator=C29_DDS1 New Designator=C148
Change Component Physical Designator: Old Designator=C29_DDS2 New Designator=C162
Change Component Physical Designator: Old Designator=C30_DDS1 New Designator=C149
Change Component Physical Designator: Old Designator=C30_DDS2 New Designator=C163
Change Component Physical Designator: Old Designator=C31_DDS1 New Designator=C150
Change Component Physical Designator: Old Designator=C31_DDS2 New Designator=C164
Change Component Physical Designator: Old Designator=C32_Conversor_Diff_A_Simple1 New Designator=C44
Change Component Physical Designator: Old Designator=C32_Conversor_Diff_A_Simple2 New Designator=C54
Change Component Physical Designator: Old Designator=C33_Conversor_Diff_A_Simple1 New Designator=C45
Change Component Physical Designator: Old Designator=C33_Conversor_Diff_A_Simple2 New Designator=C55
Change Component Physical Designator: Old Designator=C34_Conversor_Diff_A_Simple1 New Designator=C46
Change Component Physical Designator: Old Designator=C34_Conversor_Diff_A_Simple2 New Designator=C56
Change Component Physical Designator: Old Designator=C35_Conversor_Diff_A_Simple1 New Designator=C47
Change Component Physical Designator: Old Designator=C35_Conversor_Diff_A_Simple2 New Designator=C57
Change Component Physical Designator: Old Designator=C36_Conversor_Diff_A_Simple1 New Designator=C48
Change Component Physical Designator: Old Designator=C36_Conversor_Diff_A_Simple2 New Designator=C58
Change Component Physical Designator: Old Designator=C37_Conversor_Diff_A_Simple1 New Designator=C49
Change Component Physical Designator: Old Designator=C37_Conversor_Diff_A_Simple2 New Designator=C59
Change Component Physical Designator: Old Designator=C38_Conversor_Diff_A_Simple1 New Designator=C50
Change Component Physical Designator: Old Designator=C38_Conversor_Diff_A_Simple2 New Designator=C60
Change Component Physical Designator: Old Designator=C39_Conversor_Diff_A_Simple1 New Designator=C51
Change Component Physical Designator: Old Designator=C39_Conversor_Diff_A_Simple2 New Designator=C61
Change Component Physical Designator: Old Designator=C40_Conversor_Diff_A_Simple1 New Designator=C52
Change Component Physical Designator: Old Designator=C40_Conversor_Diff_A_Simple2 New Designator=C62
Change Component Physical Designator: Old Designator=C41_Conversor_Diff_A_Simple1 New Designator=C53
Change Component Physical Designator: Old Designator=C41_Conversor_Diff_A_Simple2 New Designator=C63
Change Component Physical Designator: Old Designator=C42_Atenuador_Digital_Pasos1 New Designator=C113
Change Component Physical Designator: Old Designator=C42_Atenuador_Digital_Pasos2 New Designator=C124
Change Component Physical Designator: Old Designator=C43_Atenuador_Digital_Pasos1 New Designator=C114
Change Component Physical Designator: Old Designator=C43_Atenuador_Digital_Pasos2 New Designator=C125
Change Component Physical Designator: Old Designator=C44_Atenuador_Digital_Pasos1 New Designator=C115
Change Component Physical Designator: Old Designator=C44_Atenuador_Digital_Pasos2 New Designator=C126
Change Component Physical Designator: Old Designator=C45_Atenuador_Digital_Pasos1 New Designator=C116
Change Component Physical Designator: Old Designator=C45_Atenuador_Digital_Pasos2 New Designator=C127
Change Component Physical Designator: Old Designator=C46_Atenuador_Digital_Pasos1 New Designator=C117
Change Component Physical Designator: Old Designator=C46_Atenuador_Digital_Pasos2 New Designator=C128
Change Component Physical Designator: Old Designator=C47_Atenuador_Digital_Pasos1 New Designator=C118
Change Component Physical Designator: Old Designator=C47_Atenuador_Digital_Pasos2 New Designator=C129
Change Component Physical Designator: Old Designator=C48_Atenuador_Digital_Pasos1 New Designator=C119
Change Component Physical Designator: Old Designator=C48_Atenuador_Digital_Pasos2 New Designator=C130
Change Component Physical Designator: Old Designator=C49_Atenuador_Digital_Pasos1 New Designator=C120
Change Component Physical Designator: Old Designator=C49_Atenuador_Digital_Pasos2 New Designator=C131
Change Component Physical Designator: Old Designator=C50_Atenuador_Digital_Pasos1 New Designator=C121
Change Component Physical Designator: Old Designator=C50_Atenuador_Digital_Pasos2 New Designator=C132
Change Component Physical Designator: Old Designator=C51_Atenuador_Digital_Pasos1 New Designator=C122
Change Component Physical Designator: Old Designator=C51_Atenuador_Digital_Pasos2 New Designator=C133
Change Component Physical Designator: Old Designator=C52_Atenuador_Digital_Pasos1 New Designator=C123
Change Component Physical Designator: Old Designator=C52_Atenuador_Digital_Pasos2 New Designator=C134
Change Component Physical Designator: Old Designator=C53 New Designator=C135
Change Component Physical Designator: Old Designator=C54 New Designator=C136
Change Component Physical Designator: Old Designator=C55 New Designator=C165
Change Component Physical Designator: Old Designator=C56 New Designator=C166
Change Component Physical Designator: Old Designator=C57 New Designator=C167
Change Component Physical Designator: Old Designator=C58 New Designator=C168
Change Component Physical Designator: Old Designator=C59 New Designator=C169
Change Component Physical Designator: Old Designator=C60 New Designator=C170
Change Component Physical Designator: Old Designator=C61_DAC_OFFSET_CANAL1 New Designator=C64
Change Component Physical Designator: Old Designator=C61_DAC_OFFSET_CANAL2 New Designator=C66
Change Component Physical Designator: Old Designator=C62_DAC_OFFSET_CANAL1 New Designator=C65
Change Component Physical Designator: Old Designator=C62_DAC_OFFSET_CANAL2 New Designator=C67
Change Component Physical Designator: Old Designator=C63 New Designator=C105
Change Component Physical Designator: Old Designator=C64 New Designator=C106
Change Component Physical Designator: Old Designator=C65 New Designator=C107
Change Component Physical Designator: Old Designator=C66 New Designator=C108
Change Component Physical Designator: Old Designator=C67 New Designator=C109
Change Component Physical Designator: Old Designator=C68 New Designator=C110
Change Component Physical Designator: Old Designator=C69 New Designator=C111
Change Component Physical Designator: Old Designator=C70 New Designator=C112
Change Component Physical Designator: Old Designator=C71_Offset1 New Designator=C85
Change Component Physical Designator: Old Designator=C71_Offset2 New Designator=C95
Change Component Physical Designator: Old Designator=C72_Offset1 New Designator=C86
Change Component Physical Designator: Old Designator=C72_Offset2 New Designator=C96
Change Component Physical Designator: Old Designator=C73_Offset1 New Designator=C87
Change Component Physical Designator: Old Designator=C73_Offset2 New Designator=C97
Change Component Physical Designator: Old Designator=C74_Offset1 New Designator=C88
Change Component Physical Designator: Old Designator=C74_Offset2 New Designator=C98
Change Component Physical Designator: Old Designator=C75_Offset1 New Designator=C89
Change Component Physical Designator: Old Designator=C75_Offset2 New Designator=C99
Change Component Physical Designator: Old Designator=C76_Offset1 New Designator=C90
Change Component Physical Designator: Old Designator=C76_Offset2 New Designator=C100
Change Component Physical Designator: Old Designator=C77_Offset1 New Designator=C91
Change Component Physical Designator: Old Designator=C77_Offset2 New Designator=C101
Change Component Physical Designator: Old Designator=C78_Offset1 New Designator=C92
Change Component Physical Designator: Old Designator=C78_Offset2 New Designator=C102
Change Component Physical Designator: Old Designator=C79_Offset1 New Designator=C93
Change Component Physical Designator: Old Designator=C79_Offset2 New Designator=C103
Change Component Physical Designator: Old Designator=C80_Offset1 New Designator=C94
Change Component Physical Designator: Old Designator=C80_Offset2 New Designator=C104
Change Component Physical Designator: Old Designator=C81_Amplificador1 New Designator=C26
Change Component Physical Designator: Old Designator=C81_Amplificador2 New Designator=C34
Change Component Physical Designator: Old Designator=C82_Amplificador1 New Designator=C27
Change Component Physical Designator: Old Designator=C82_Amplificador2 New Designator=C35
Change Component Physical Designator: Old Designator=C83_Amplificador1 New Designator=C28
Change Component Physical Designator: Old Designator=C83_Amplificador2 New Designator=C36
Change Component Physical Designator: Old Designator=C84_Amplificador1 New Designator=C29
Change Component Physical Designator: Old Designator=C84_Amplificador2 New Designator=C37
Change Component Physical Designator: Old Designator=C85_Amplificador1 New Designator=C30
Change Component Physical Designator: Old Designator=C85_Amplificador2 New Designator=C38
Change Component Physical Designator: Old Designator=C86_Amplificador1 New Designator=C31
Change Component Physical Designator: Old Designator=C86_Amplificador2 New Designator=C39
Change Component Physical Designator: Old Designator=C87_Amplificador1 New Designator=C32
Change Component Physical Designator: Old Designator=C87_Amplificador2 New Designator=C40
Change Component Physical Designator: Old Designator=C88_Amplificador1 New Designator=C33
Change Component Physical Designator: Old Designator=C88_Amplificador2 New Designator=C41
Change Component Physical Designator: Old Designator=C89 New Designator=C42
Change Component Physical Designator: Old Designator=C90 New Designator=C43
Change Component Physical Designator: Old Designator=C91 New Designator=C1
Change Component Physical Designator: Old Designator=C92 New Designator=C2
Change Component Physical Designator: Old Designator=C93 New Designator=C3
Change Component Physical Designator: Old Designator=C94 New Designator=C4
Change Component Physical Designator: Old Designator=C95 New Designator=C5
Change Component Physical Designator: Old Designator=C96 New Designator=C6
Change Component Physical Designator: Old Designator=C97 New Designator=C7
Change Component Physical Designator: Old Designator=C98 New Designator=C8
Change Component Physical Designator: Old Designator=C99 New Designator=C9
Change Component Physical Designator: Old Designator=C100 New Designator=C10
Change Component Physical Designator: Old Designator=C101 New Designator=C11
Change Component Physical Designator: Old Designator=C102 New Designator=C12
Change Component Physical Designator: Old Designator=C103 New Designator=C13
Change Component Physical Designator: Old Designator=C104 New Designator=C14
Change Component Physical Designator: Old Designator=C105 New Designator=C15
Change Component Physical Designator: Old Designator=C106 New Designator=C16
Change Component Physical Designator: Old Designator=C107 New Designator=C17
Change Component Physical Designator: Old Designator=C108 New Designator=C18
Change Component Physical Designator: Old Designator=C109 New Designator=C19
Change Component Physical Designator: Old Designator=C110 New Designator=C20
Change Component Physical Designator: Old Designator=C111 New Designator=C21
Change Component Physical Designator: Old Designator=C112 New Designator=C22
Change Component Physical Designator: Old Designator=C113 New Designator=C23
Change Component Physical Designator: Old Designator=C114 New Designator=C24
Change Component Physical Designator: Old Designator=C115 New Designator=C25
Change Component Physical Designator: Old Designator=C116 New Designator=C171
Change Component Physical Designator: Old Designator=C117 New Designator=C172
Change Component Physical Designator: Old Designator=C118 New Designator=C173
Change Component Physical Designator: Old Designator=C119 New Designator=C174
Change Component Physical Designator: Old Designator=C120 New Designator=C175
Change Component Physical Designator: Old Designator=C121 New Designator=C176
Change Component Physical Designator: Old Designator=C122 New Designator=C177
Change Component Physical Designator: Old Designator=C123 New Designator=C178
Change Component Physical Designator: Old Designator=C124 New Designator=C179
Change Component Physical Designator: Old Designator=D1 New Designator=D11
Change Component Physical Designator: Old Designator=D2 New Designator=D12
Change Component Physical Designator: Old Designator=D3 New Designator=D13
Change Component Physical Designator: Old Designator=D4 New Designator=D14
Change Component Physical Designator: Old Designator=D5 New Designator=D15
Change Component Physical Designator: Old Designator=D6 New Designator=D16
Change Component Physical Designator: Old Designator=D7 New Designator=D1
Change Component Physical Designator: Old Designator=D8 New Designator=D2
Change Component Physical Designator: Old Designator=D9 New Designator=D3
Change Component Physical Designator: Old Designator=D10 New Designator=D4
Change Component Physical Designator: Old Designator=D11 New Designator=D5
Change Component Physical Designator: Old Designator=D12 New Designator=D6
Change Component Physical Designator: Old Designator=D13 New Designator=D7
Change Component Physical Designator: Old Designator=D14 New Designator=D8
Change Component Physical Designator: Old Designator=D15 New Designator=D9
Change Component Physical Designator: Old Designator=D16 New Designator=D10
Change Component Physical Designator: Old Designator=FB1 New Designator=FB6
Change Component Physical Designator: Old Designator=FB2 New Designator=FB1
Change Component Physical Designator: Old Designator=FB3 New Designator=FB2
Change Component Physical Designator: Old Designator=FB4 New Designator=FB3
Change Component Physical Designator: Old Designator=FB5 New Designator=FB4
Change Component Physical Designator: Old Designator=FB6 New Designator=FB5
Change Component Physical Designator: Old Designator=J1 New Designator=J8
Change Component Physical Designator: Old Designator=J2 New Designator=J9
Change Component Physical Designator: Old Designator=J3 New Designator=J10
Change Component Physical Designator: Old Designator=J4 New Designator=J2
Change Component Physical Designator: Old Designator=J5 New Designator=J3
Change Component Physical Designator: Old Designator=J6 New Designator=J4
Change Component Physical Designator: Old Designator=J6 New Designator=J4
Change Component Physical Designator: Old Designator=J7 New Designator=J5
Change Component Physical Designator: Old Designator=J8 New Designator=J6
Change Component Physical Designator: Old Designator=J9 New Designator=J7
Change Component Physical Designator: Old Designator=J9 New Designator=J7
Change Component Physical Designator: Old Designator=J10 New Designator=J1
Change Component Physical Designator: Old Designator=J10 New Designator=J1
Change Component Physical Designator: Old Designator=R1 New Designator=R36
Change Component Physical Designator: Old Designator=R2 New Designator=R37
Change Component Physical Designator: Old Designator=R3 New Designator=R38
Change Component Physical Designator: Old Designator=R4 New Designator=R39
Change Component Physical Designator: Old Designator=R5 New Designator=R40
Change Component Physical Designator: Old Designator=R6 New Designator=R41
Change Component Physical Designator: Old Designator=R7 New Designator=R42
Change Component Physical Designator: Old Designator=R8 New Designator=R43
Change Component Physical Designator: Old Designator=R9 New Designator=R44
Change Component Physical Designator: Old Designator=R10 New Designator=R45
Change Component Physical Designator: Old Designator=R11 New Designator=R46
Change Component Physical Designator: Old Designator=R12 New Designator=R47
Change Component Physical Designator: Old Designator=R13 New Designator=R48
Change Component Physical Designator: Old Designator=R14 New Designator=R49
Change Component Physical Designator: Old Designator=R15 New Designator=R50
Change Component Physical Designator: Old Designator=R16 New Designator=R51
Change Component Physical Designator: Old Designator=R17 New Designator=R52
Change Component Physical Designator: Old Designator=R18 New Designator=R65
Change Component Physical Designator: Old Designator=R19 New Designator=R66
Change Component Physical Designator: Old Designator=R20 New Designator=R67
Change Component Physical Designator: Old Designator=R21 New Designator=R68
Change Component Physical Designator: Old Designator=R22 New Designator=R69
Change Component Physical Designator: Old Designator=R23 New Designator=R70
Change Component Physical Designator: Old Designator=R24 New Designator=R71
Change Component Physical Designator: Old Designator=R25_DDS1 New Designator=R110
Change Component Physical Designator: Old Designator=R25_DDS2 New Designator=R113
Change Component Physical Designator: Old Designator=R26_DDS1 New Designator=R111
Change Component Physical Designator: Old Designator=R26_DDS2 New Designator=R114
Change Component Physical Designator: Old Designator=R27_DDS1 New Designator=R112
Change Component Physical Designator: Old Designator=R27_DDS2 New Designator=R115
Change Component Physical Designator: Old Designator=R28_Conversor_Diff_A_Simple1 New Designator=R53
Change Component Physical Designator: Old Designator=R28_Conversor_Diff_A_Simple2 New Designator=R57
Change Component Physical Designator: Old Designator=R29_Conversor_Diff_A_Simple1 New Designator=R54
Change Component Physical Designator: Old Designator=R29_Conversor_Diff_A_Simple2 New Designator=R58
Change Component Physical Designator: Old Designator=R30_Conversor_Diff_A_Simple1 New Designator=R55
Change Component Physical Designator: Old Designator=R30_Conversor_Diff_A_Simple2 New Designator=R59
Change Component Physical Designator: Old Designator=R31_Conversor_Diff_A_Simple1 New Designator=R56
Change Component Physical Designator: Old Designator=R31_Conversor_Diff_A_Simple2 New Designator=R60
Change Component Physical Designator: Old Designator=R32_DDS_CANAL1 New Designator=R22
Change Component Physical Designator: Old Designator=R32_DDS_CANAL2 New Designator=R25
Change Component Physical Designator: Old Designator=R33_DDS_CANAL1 New Designator=R23
Change Component Physical Designator: Old Designator=R33_DDS_CANAL2 New Designator=R26
Change Component Physical Designator: Old Designator=R34_DDS_CANAL1 New Designator=R24
Change Component Physical Designator: Old Designator=R34_DDS_CANAL2 New Designator=R27
Change Component Physical Designator: Old Designator=R35_Atenuador_Digital_Pasos1 New Designator=R92
Change Component Physical Designator: Old Designator=R35_Atenuador_Digital_Pasos2 New Designator=R101
Change Component Physical Designator: Old Designator=R36_Atenuador_Digital_Pasos1 New Designator=R93
Change Component Physical Designator: Old Designator=R36_Atenuador_Digital_Pasos2 New Designator=R102
Change Component Physical Designator: Old Designator=R37_Atenuador_Digital_Pasos1 New Designator=R94
Change Component Physical Designator: Old Designator=R37_Atenuador_Digital_Pasos2 New Designator=R103
Change Component Physical Designator: Old Designator=R38_Atenuador_Digital_Pasos1 New Designator=R95
Change Component Physical Designator: Old Designator=R38_Atenuador_Digital_Pasos2 New Designator=R104
Change Component Physical Designator: Old Designator=R39_Atenuador_Digital_Pasos1 New Designator=R96
Change Component Physical Designator: Old Designator=R39_Atenuador_Digital_Pasos2 New Designator=R105
Change Component Physical Designator: Old Designator=R40_Atenuador_Digital_Pasos1 New Designator=R97
Change Component Physical Designator: Old Designator=R40_Atenuador_Digital_Pasos2 New Designator=R106
Change Component Physical Designator: Old Designator=R41_Atenuador_Digital_Pasos1 New Designator=R98
Change Component Physical Designator: Old Designator=R41_Atenuador_Digital_Pasos2 New Designator=R107
Change Component Physical Designator: Old Designator=R42_Atenuador_Digital_Pasos1 New Designator=R99
Change Component Physical Designator: Old Designator=R42_Atenuador_Digital_Pasos2 New Designator=R108
Change Component Physical Designator: Old Designator=R43_Atenuador_Digital_Pasos1 New Designator=R100
Change Component Physical Designator: Old Designator=R43_Atenuador_Digital_Pasos2 New Designator=R109
Change Component Physical Designator: Old Designator=R44 New Designator=R116
Change Component Physical Designator: Old Designator=R45 New Designator=R117
Change Component Physical Designator: Old Designator=R46 New Designator=R118
Change Component Physical Designator: Old Designator=R47 New Designator=R119
Change Component Physical Designator: Old Designator=R48 New Designator=R120
Change Component Physical Designator: Old Designator=R49 New Designator=R121
Change Component Physical Designator: Old Designator=R50 New Designator=R122
Change Component Physical Designator: Old Designator=R51 New Designator=R123
Change Component Physical Designator: Old Designator=R52 New Designator=R124
Change Component Physical Designator: Old Designator=R53 New Designator=R125
Change Component Physical Designator: Old Designator=R54_DAC_OFFSET_CANAL1 New Designator=R61
Change Component Physical Designator: Old Designator=R54_DAC_OFFSET_CANAL2 New Designator=R63
Change Component Physical Designator: Old Designator=R55_DAC_OFFSET_CANAL1 New Designator=R62
Change Component Physical Designator: Old Designator=R55_DAC_OFFSET_CANAL2 New Designator=R64
Change Component Physical Designator: Old Designator=R56 New Designator=R82
Change Component Physical Designator: Old Designator=R57 New Designator=R83
Change Component Physical Designator: Old Designator=R58 New Designator=R84
Change Component Physical Designator: Old Designator=R59 New Designator=R85
Change Component Physical Designator: Old Designator=R60 New Designator=R86
Change Component Physical Designator: Old Designator=R61 New Designator=R87
Change Component Physical Designator: Old Designator=R62 New Designator=R88
Change Component Physical Designator: Old Designator=R63 New Designator=R89
Change Component Physical Designator: Old Designator=R64 New Designator=R90
Change Component Physical Designator: Old Designator=R65 New Designator=R91
Change Component Physical Designator: Old Designator=R66_Offset1 New Designator=R72
Change Component Physical Designator: Old Designator=R66_Offset2 New Designator=R77
Change Component Physical Designator: Old Designator=R67_Offset1 New Designator=R73
Change Component Physical Designator: Old Designator=R67_Offset2 New Designator=R78
Change Component Physical Designator: Old Designator=R68_Offset1 New Designator=R74
Change Component Physical Designator: Old Designator=R68_Offset2 New Designator=R79
Change Component Physical Designator: Old Designator=R69_Offset1 New Designator=R75
Change Component Physical Designator: Old Designator=R69_Offset2 New Designator=R80
Change Component Physical Designator: Old Designator=R70_Offset1 New Designator=R76
Change Component Physical Designator: Old Designator=R70_Offset2 New Designator=R81
Change Component Physical Designator: Old Designator=R71_Amplificador1 New Designator=R6
Change Component Physical Designator: Old Designator=R71_Amplificador2 New Designator=R12
Change Component Physical Designator: Old Designator=R72_Amplificador1 New Designator=R7
Change Component Physical Designator: Old Designator=R72_Amplificador2 New Designator=R13
Change Component Physical Designator: Old Designator=R73_Amplificador1 New Designator=R8
Change Component Physical Designator: Old Designator=R73_Amplificador2 New Designator=R14
Change Component Physical Designator: Old Designator=R74_Amplificador1 New Designator=R9
Change Component Physical Designator: Old Designator=R74_Amplificador2 New Designator=R15
Change Component Physical Designator: Old Designator=R75_Amplificador1 New Designator=R10
Change Component Physical Designator: Old Designator=R75_Amplificador2 New Designator=R16
Change Component Physical Designator: Old Designator=R76_Amplificador1 New Designator=R11
Change Component Physical Designator: Old Designator=R76_Amplificador2 New Designator=R17
Change Component Physical Designator: Old Designator=R77 New Designator=R18
Change Component Physical Designator: Old Designator=R78 New Designator=R19
Change Component Physical Designator: Old Designator=R79 New Designator=R20
Change Component Physical Designator: Old Designator=R80 New Designator=R21
Change Component Physical Designator: Old Designator=R81 New Designator=R28
Change Component Physical Designator: Old Designator=R82 New Designator=R29
Change Component Physical Designator: Old Designator=R83 New Designator=R30
Change Component Physical Designator: Old Designator=R84 New Designator=R31
Change Component Physical Designator: Old Designator=R85 New Designator=R32
Change Component Physical Designator: Old Designator=R86 New Designator=R33
Change Component Physical Designator: Old Designator=R87 New Designator=R34
Change Component Physical Designator: Old Designator=R88 New Designator=R35
Change Component Physical Designator: Old Designator=R89 New Designator=R1
Change Component Physical Designator: Old Designator=R90 New Designator=R2
Change Component Physical Designator: Old Designator=R91 New Designator=R3
Change Component Physical Designator: Old Designator=R92 New Designator=R4
Change Component Physical Designator: Old Designator=R93 New Designator=R5
Change Component Physical Designator: Old Designator=R94 New Designator=R126
Change Component Physical Designator: Old Designator=R95 New Designator=R127
Change Component Physical Designator: Old Designator=R96 New Designator=R128
Change Component Physical Designator: Old Designator=R97 New Designator=R129
Change Component Physical Designator: Old Designator=R98 New Designator=R130
Change Component Physical Designator: Old Designator=R99 New Designator=R131
Change Component Physical Designator: Old Designator=R100 New Designator=R132
Change Component Physical Designator: Old Designator=R101 New Designator=R133
Change Component Physical Designator: Old Designator=R102 New Designator=R134
Change Component Physical Designator: Old Designator=R103 New Designator=R135
Change Component Physical Designator: Old Designator=R104 New Designator=R136
Change Component Physical Designator: Old Designator=R105 New Designator=R137
Change Component Physical Designator: Old Designator=R106 New Designator=R138
Change Component Physical Designator: Old Designator=R107 New Designator=R139
Change Component Physical Designator: Old Designator=R108 New Designator=R140
Change Component Physical Designator: Old Designator=R109 New Designator=R141
Change Component Physical Designator: Old Designator=TP1 New Designator=TP23
Change Component Physical Designator: Old Designator=TP2 New Designator=TP24
Change Component Physical Designator: Old Designator=TP3 New Designator=TP25
Change Component Physical Designator: Old Designator=TP4 New Designator=TP26
Change Component Physical Designator: Old Designator=TP5 New Designator=TP27
Change Component Physical Designator: Old Designator=TP6 New Designator=TP28
Change Component Physical Designator: Old Designator=TP7 New Designator=TP29
Change Component Physical Designator: Old Designator=TP8 New Designator=TP30
Change Component Physical Designator: Old Designator=TP9 New Designator=TP31
Change Component Physical Designator: Old Designator=TP10 New Designator=TP32
Change Component Physical Designator: Old Designator=TP11 New Designator=TP33
Change Component Physical Designator: Old Designator=TP12 New Designator=TP34
Change Component Physical Designator: Old Designator=TP13 New Designator=TP35
Change Component Physical Designator: Old Designator=TP14 New Designator=TP36
Change Component Physical Designator: Old Designator=TP15 New Designator=TP37
Change Component Physical Designator: Old Designator=TP16 New Designator=TP38
Change Component Physical Designator: Old Designator=TP17 New Designator=TP39
Change Component Physical Designator: Old Designator=TP18 New Designator=TP40
Change Component Physical Designator: Old Designator=TP19 New Designator=TP41
Change Component Physical Designator: Old Designator=TP20 New Designator=TP42
Change Component Physical Designator: Old Designator=TP21 New Designator=TP43
Change Component Physical Designator: Old Designator=TP22 New Designator=TP44
Change Component Physical Designator: Old Designator=TP23 New Designator=TP53
Change Component Physical Designator: Old Designator=TP24 New Designator=TP54
Change Component Physical Designator: Old Designator=TP25 New Designator=TP55
Change Component Physical Designator: Old Designator=TP26 New Designator=TP56
Change Component Physical Designator: Old Designator=TP27 New Designator=TP57
Change Component Physical Designator: Old Designator=TP28 New Designator=TP58
Change Component Physical Designator: Old Designator=TP29 New Designator=TP59
Change Component Physical Designator: Old Designator=TP30_Conversor_Diff_A_Simple1 New Designator=TP45
Change Component Physical Designator: Old Designator=TP30_Conversor_Diff_A_Simple2 New Designator=TP48
Change Component Physical Designator: Old Designator=TP31_Conversor_Diff_A_Simple1 New Designator=TP46
Change Component Physical Designator: Old Designator=TP31_Conversor_Diff_A_Simple2 New Designator=TP49
Change Component Physical Designator: Old Designator=TP32_Conversor_Diff_A_Simple1 New Designator=TP47
Change Component Physical Designator: Old Designator=TP32_Conversor_Diff_A_Simple2 New Designator=TP50
Change Component Physical Designator: Old Designator=TP33_DDS_CANAL1 New Designator=TP21
Change Component Physical Designator: Old Designator=TP33_DDS_CANAL2 New Designator=TP22
Change Component Physical Designator: Old Designator=TP34_Atenuador_Digital_Pasos1 New Designator=TP70
Change Component Physical Designator: Old Designator=TP34_Atenuador_Digital_Pasos2 New Designator=TP72
Change Component Physical Designator: Old Designator=TP35_Atenuador_Digital_Pasos1 New Designator=TP71
Change Component Physical Designator: Old Designator=TP35_Atenuador_Digital_Pasos2 New Designator=TP73
Change Component Physical Designator: Old Designator=TP36_DAC_OFFSET_CANAL1 New Designator=TP51
Change Component Physical Designator: Old Designator=TP36_DAC_OFFSET_CANAL2 New Designator=TP52
Change Component Physical Designator: Old Designator=TP37 New Designator=TP66
Change Component Physical Designator: Old Designator=TP38 New Designator=TP67
Change Component Physical Designator: Old Designator=TP39 New Designator=TP68
Change Component Physical Designator: Old Designator=TP40 New Designator=TP69
Change Component Physical Designator: Old Designator=TP41_Offset1 New Designator=TP60
Change Component Physical Designator: Old Designator=TP41_Offset2 New Designator=TP63
Change Component Physical Designator: Old Designator=TP42_Offset1 New Designator=TP61
Change Component Physical Designator: Old Designator=TP42_Offset2 New Designator=TP64
Change Component Physical Designator: Old Designator=TP43_Offset1 New Designator=TP62
Change Component Physical Designator: Old Designator=TP43_Offset2 New Designator=TP65
Change Component Physical Designator: Old Designator=TP44_Amplificador1 New Designator=TP15
Change Component Physical Designator: Old Designator=TP44_Amplificador2 New Designator=TP18
Change Component Physical Designator: Old Designator=TP45_Amplificador1 New Designator=TP16
Change Component Physical Designator: Old Designator=TP45_Amplificador2 New Designator=TP19
Change Component Physical Designator: Old Designator=TP46_Amplificador1 New Designator=TP17
Change Component Physical Designator: Old Designator=TP46_Amplificador2 New Designator=TP20
Change Component Physical Designator: Old Designator=TP47 New Designator=TP1
Change Component Physical Designator: Old Designator=TP48 New Designator=TP2
Change Component Physical Designator: Old Designator=TP49 New Designator=TP3
Change Component Physical Designator: Old Designator=TP50 New Designator=TP4
Change Component Physical Designator: Old Designator=TP51 New Designator=TP5
Change Component Physical Designator: Old Designator=TP52 New Designator=TP6
Change Component Physical Designator: Old Designator=TP53 New Designator=TP7
Change Component Physical Designator: Old Designator=TP54 New Designator=TP8
Change Component Physical Designator: Old Designator=TP55 New Designator=TP9
Change Component Physical Designator: Old Designator=TP56 New Designator=TP10
Change Component Physical Designator: Old Designator=TP57 New Designator=TP11
Change Component Physical Designator: Old Designator=TP58 New Designator=TP12
Change Component Physical Designator: Old Designator=TP59 New Designator=TP13
Change Component Physical Designator: Old Designator=TP60 New Designator=TP14
Change Component Physical Designator: Old Designator=TP61 New Designator=TP74
Change Component Physical Designator: Old Designator=TP62 New Designator=TP75
Change Component Physical Designator: Old Designator=TP63 New Designator=TP76
Change Component Physical Designator: Old Designator=TP64 New Designator=TP77
Change Component Physical Designator: Old Designator=U1 New Designator=U7
Change Component Physical Designator: Old Designator=U2 New Designator=U8
Change Component Physical Designator: Old Designator=U3 New Designator=U9
Change Component Physical Designator: Old Designator=U4 New Designator=U10
Change Component Physical Designator: Old Designator=U5_DAC_OFFSET_CANAL1 New Designator=U5
Change Component Physical Designator: Old Designator=U5_DAC_OFFSET_CANAL2 New Designator=U6
Change Component Physical Designator: Old Designator=U6_Amplificador1 New Designator=U1
Change Component Physical Designator: Old Designator=U6_Amplificador1 New Designator=U1
Change Component Physical Designator: Old Designator=U6_Amplificador2 New Designator=U3
Change Component Physical Designator: Old Designator=U6_Amplificador2 New Designator=U3
Change Component Physical Designator: Old Designator=U7_Amplificador1 New Designator=U2
Change Component Physical Designator: Old Designator=U7_Amplificador1 New Designator=U2
Change Component Physical Designator: Old Designator=U7_Amplificador2 New Designator=U4
Change Component Physical Designator: Old Designator=U7_Amplificador2 New Designator=U4
Change Component Physical Designator: Old Designator=U8 New Designator=U11
Change Component Physical Designator: Old Designator=U8 New Designator=U11
Change Component Physical Designator: Old Designator=U9 New Designator=U12
