Removed Member From Class: ClassName=DAC_BIPOLAR_CH1-CH2 Member=C179
Removed Member From Class: ClassName=DAC_BIPOLAR_CH1-CH2 Member=R141
Change Component Designator: OldDesignator=C107 NewDesignator=C108
Change Component Designator: OldDesignator=C108 NewDesignator=C109
Change Component Designator: OldDesignator=C109 NewDesignator=C110
Change Component Designator: OldDesignator=C110 NewDesignator=C111
Change Component Designator: OldDesignator=C111 NewDesignator=C112
Change Component Designator: OldDesignator=C112 NewDesignator=C113
Change Component Designator: OldDesignator=C113 NewDesignator=C114
Change Component Designator: OldDesignator=C114 NewDesignator=C115
Change Component Designator: OldDesignator=C115 NewDesignator=C116
Change Component Designator: OldDesignator=C116 NewDesignator=C117
Change Component Designator: OldDesignator=C117 NewDesignator=C118
Change Component Designator: OldDesignator=C118 NewDesignator=C119
Change Component Designator: OldDesignator=C119 NewDesignator=C120
Change Component Designator: OldDesignator=C120 NewDesignator=C121
Change Component Designator: OldDesignator=C121 NewDesignator=C122
Change Component Designator: OldDesignator=C122 NewDesignator=C123
Change Component Designator: OldDesignator=C123 NewDesignator=C124
Change Component Designator: OldDesignator=C124 NewDesignator=C125
Change Component Designator: OldDesignator=C125 NewDesignator=C126
Change Component Designator: OldDesignator=C126 NewDesignator=C127
Change Component Designator: OldDesignator=C127 NewDesignator=C128
Change Component Designator: OldDesignator=C128 NewDesignator=C129
Change Component Designator: OldDesignator=C129 NewDesignator=C130
Change Component Designator: OldDesignator=C130 NewDesignator=C131
Change Component Designator: OldDesignator=C131 NewDesignator=C132
Change Component Designator: OldDesignator=C132 NewDesignator=C133
Change Component Designator: OldDesignator=C133 NewDesignator=C134
Change Component Designator: OldDesignator=C134 NewDesignator=C135
Change Component Designator: OldDesignator=C135 NewDesignator=C136
Change Component Designator: OldDesignator=C136 NewDesignator=C137
Change Component Designator: OldDesignator=C137 NewDesignator=C138
Change Component Designator: OldDesignator=C138 NewDesignator=C139
Change Component Designator: OldDesignator=C139 NewDesignator=C140
Change Component Designator: OldDesignator=C140 NewDesignator=C141
Change Component Designator: OldDesignator=C141 NewDesignator=C142
Change Component Designator: OldDesignator=C142 NewDesignator=C143
Change Component Designator: OldDesignator=C143 NewDesignator=C144
Change Component Designator: OldDesignator=C144 NewDesignator=C145
Change Component Designator: OldDesignator=C145 NewDesignator=C146
Change Component Designator: OldDesignator=C146 NewDesignator=C147
Change Component Designator: OldDesignator=C147 NewDesignator=C148
Change Component Designator: OldDesignator=C148 NewDesignator=C149
Change Component Designator: OldDesignator=C149 NewDesignator=C150
Change Component Designator: OldDesignator=C150 NewDesignator=C151
Change Component Designator: OldDesignator=C151 NewDesignator=C152
Change Component Designator: OldDesignator=C152 NewDesignator=C153
Change Component Designator: OldDesignator=C153 NewDesignator=C154
Change Component Designator: OldDesignator=C154 NewDesignator=C155
Change Component Designator: OldDesignator=C155 NewDesignator=C156
Change Component Designator: OldDesignator=C156 NewDesignator=C157
Change Component Designator: OldDesignator=C157 NewDesignator=C158
Change Component Designator: OldDesignator=C158 NewDesignator=C159
Change Component Designator: OldDesignator=C159 NewDesignator=C160
Change Component Designator: OldDesignator=C160 NewDesignator=C161
Change Component Designator: OldDesignator=C161 NewDesignator=C162
Change Component Designator: OldDesignator=C162 NewDesignator=C163
Change Component Designator: OldDesignator=C163 NewDesignator=C164
Change Component Designator: OldDesignator=C164 NewDesignator=C165
Change Component Designator: OldDesignator=C165 NewDesignator=C166
Change Component Designator: OldDesignator=C166 NewDesignator=C167
Change Component Designator: OldDesignator=C167 NewDesignator=C168
Change Component Designator: OldDesignator=C168 NewDesignator=C169
Change Component Designator: OldDesignator=C169 NewDesignator=C170
Change Component Designator: OldDesignator=C170 NewDesignator=C171
Change Component Designator: OldDesignator=C171 NewDesignator=C172
Change Component Designator: OldDesignator=C172 NewDesignator=C173
Change Component Designator: OldDesignator=C173 NewDesignator=C174
Change Component Designator: OldDesignator=C174 NewDesignator=C175
Change Component Designator: OldDesignator=C175 NewDesignator=C176
Change Component Designator: OldDesignator=C176 NewDesignator=C177
Change Component Designator: OldDesignator=C177 NewDesignator=C178
Change Component Designator: OldDesignator=C178 NewDesignator=C179
Change Component Designator: OldDesignator=C179 NewDesignator=C107
Change Component Designator: OldDesignator=R44 NewDesignator=R46
Change Component Designator: OldDesignator=R45 NewDesignator=R44
Change Component Designator: OldDesignator=R46 NewDesignator=R48
Change Component Designator: OldDesignator=R47 NewDesignator=R45
Change Component Designator: OldDesignator=R48 NewDesignator=R47
Change Component Designator: OldDesignator=R87 NewDesignator=R88
Change Component Designator: OldDesignator=R88 NewDesignator=R89
Change Component Designator: OldDesignator=R89 NewDesignator=R90
Change Component Designator: OldDesignator=R90 NewDesignator=R91
Change Component Designator: OldDesignator=R91 NewDesignator=R92
Change Component Designator: OldDesignator=R92 NewDesignator=R93
Change Component Designator: OldDesignator=R93 NewDesignator=R94
Change Component Designator: OldDesignator=R94 NewDesignator=R95
Change Component Designator: OldDesignator=R95 NewDesignator=R96
Change Component Designator: OldDesignator=R96 NewDesignator=R97
Change Component Designator: OldDesignator=R97 NewDesignator=R98
Change Component Designator: OldDesignator=R98 NewDesignator=R99
Change Component Designator: OldDesignator=R99 NewDesignator=R100
Change Component Designator: OldDesignator=R100 NewDesignator=R101
Change Component Designator: OldDesignator=R101 NewDesignator=R102
Change Component Designator: OldDesignator=R102 NewDesignator=R103
Change Component Designator: OldDesignator=R103 NewDesignator=R104
Change Component Designator: OldDesignator=R104 NewDesignator=R105
Change Component Designator: OldDesignator=R105 NewDesignator=R106
Change Component Designator: OldDesignator=R106 NewDesignator=R107
Change Component Designator: OldDesignator=R107 NewDesignator=R108
Change Component Designator: OldDesignator=R108 NewDesignator=R109
Change Component Designator: OldDesignator=R109 NewDesignator=R110
Change Component Designator: OldDesignator=R110 NewDesignator=R111
Change Component Designator: OldDesignator=R111 NewDesignator=R112
Change Component Designator: OldDesignator=R112 NewDesignator=R113
Change Component Designator: OldDesignator=R113 NewDesignator=R114
Change Component Designator: OldDesignator=R114 NewDesignator=R115
Change Component Designator: OldDesignator=R115 NewDesignator=R116
Change Component Designator: OldDesignator=R116 NewDesignator=R117
Change Component Designator: OldDesignator=R117 NewDesignator=R118
Change Component Designator: OldDesignator=R118 NewDesignator=R119
Change Component Designator: OldDesignator=R119 NewDesignator=R120
Change Component Designator: OldDesignator=R120 NewDesignator=R121
Change Component Designator: OldDesignator=R121 NewDesignator=R122
Change Component Designator: OldDesignator=R122 NewDesignator=R123
Change Component Designator: OldDesignator=R123 NewDesignator=R124
Change Component Designator: OldDesignator=R124 NewDesignator=R125
Change Component Designator: OldDesignator=R125 NewDesignator=R126
Change Component Designator: OldDesignator=R126 NewDesignator=R127
Change Component Designator: OldDesignator=R127 NewDesignator=R128
Change Component Designator: OldDesignator=R128 NewDesignator=R129
Change Component Designator: OldDesignator=R129 NewDesignator=R130
Change Component Designator: OldDesignator=R130 NewDesignator=R131
Change Component Designator: OldDesignator=R131 NewDesignator=R132
Change Component Designator: OldDesignator=R132 NewDesignator=R133
Change Component Designator: OldDesignator=R133 NewDesignator=R134
Change Component Designator: OldDesignator=R134 NewDesignator=R135
Change Component Designator: OldDesignator=R135 NewDesignator=R136
Change Component Designator: OldDesignator=R136 NewDesignator=R137
Change Component Designator: OldDesignator=R137 NewDesignator=R138
Change Component Designator: OldDesignator=R138 NewDesignator=R139
Change Component Designator: OldDesignator=R139 NewDesignator=R140
Change Component Designator: OldDesignator=R140 NewDesignator=R141
Change Component Designator: OldDesignator=R141 NewDesignator=R87
Change Net Name : Old Net Name=NetC170_2 New Net Name=NetC171_2
Change Net Name : Old Net Name=NetC172_2 New Net Name=NetC173_2
Change Net Name : Old Net Name=NetR125_1 New Net Name=NetR126_1
Change Net Name : Old Net Name=NetR127_1 New Net Name=NetR128_1
Change Net Name : Old Net Name=NetR129_1 New Net Name=NetR130_1
Change Net Name : Old Net Name=NetR131_1 New Net Name=NetR132_1
Change Net Name : Old Net Name=NetR133_1 New Net Name=NetR134_1
Change Net Name : Old Net Name=NetR134_1 New Net Name=NetR135_1
Change Net Name : Old Net Name=NetR135_1 New Net Name=NetR136_1
Change Net Name : Old Net Name=NetR136_1 New Net Name=NetR137_1
Added Member To Class: ClassName=DAC_BIPOLAR_CH1-CH2 Member=Component C112 (C70) 100n
Added Member To Class: ClassName=DAC_BIPOLAR_CH1-CH2 Member=Component R91 (R65) R0805
