Removed Pin From Net: NetName=MCU_GPIO29 Pin=J5-1
Removed Pin From Net: NetName=GND Pin=J5-5
Removed Pin From Net: NetName=+3V3 Pin=J5-6
Removed Pin From Net: NetName=+5V Pin=J5-7
Removed Pin From Net: NetName=MCU_GPIO20 Pin=R40-1
Removed Pin From Net: NetName=MCU_GPIO21 Pin=R42-1
Removed Pin From Net: NetName=MCU_GPIO0 Pin=R44-1
Removed Pin From Net: NetName=+3V3 Pin=R45-1
Removed Pin From Net: NetName=GND Pin=R47-1
Removed Member From Class: ClassName=ConexionesPanelFrontal/Perifericos Member=J5
Removed Member From Class: ClassName=Control-Principal.V03.R00 Member=R40
Removed Member From Class: ClassName=Control-Principal.V03.R00 Member=R42
Removed Member From Class: ClassName=Control-Principal.V03.R00 Member=R45
Removed Member From Class: ClassName=Control-Principal.V03.R00 Member=R47
Change Component Designator: OldDesignator=B1 NewDesignator=B11
Change Component Designator: OldDesignator=B2 NewDesignator=B4_Conversor_Diff_A_Simple1
Change Component Designator: OldDesignator=B3 NewDesignator=B5_Conversor_Diff_A_Simple1
Change Component Designator: OldDesignator=B4 NewDesignator=B4_Conversor_Diff_A_Simple2
Change Component Designator: OldDesignator=B5 NewDesignator=B5_Conversor_Diff_A_Simple2
Change Component Designator: OldDesignator=B6 NewDesignator=B1
Change Component Designator: OldDesignator=B7 NewDesignator=B2
Change Component Designator: OldDesignator=B8 NewDesignator=B9_Offset1
Change Component Designator: OldDesignator=B9 NewDesignator=B10_Offset1
Change Component Designator: OldDesignator=B10 NewDesignator=B9_Offset2
Change Component Designator: OldDesignator=B11 NewDesignator=B10_Offset2
Change Component Designator: OldDesignator=B12 NewDesignator=B8
Change Component Designator: OldDesignator=B13 NewDesignator=B6_Atenuador_Digital_Pasos1
Change Component Designator: OldDesignator=B14 NewDesignator=B6_Atenuador_Digital_Pasos2
Change Component Designator: OldDesignator=B15 NewDesignator=B7
Change Component Designator: OldDesignator=B16 NewDesignator=B3_DDS1
Change Component Designator: OldDesignator=B17 NewDesignator=B3_DDS2
Change Component Designator: OldDesignator=B18 NewDesignator=B12
Change Component Designator: OldDesignator=C1 NewDesignator=C91
Change Component Designator: OldDesignator=C2 NewDesignator=C92
Change Component Designator: OldDesignator=C3 NewDesignator=C93
Change Component Designator: OldDesignator=C4 NewDesignator=C94
Change Component Designator: OldDesignator=C5 NewDesignator=C95
Change Component Designator: OldDesignator=C6 NewDesignator=C96
Change Component Designator: OldDesignator=C7 NewDesignator=C97
Change Component Designator: OldDesignator=C8 NewDesignator=C98
Change Component Designator: OldDesignator=C9 NewDesignator=C99
Change Component Designator: OldDesignator=C10 NewDesignator=C100
Change Component Designator: OldDesignator=C11 NewDesignator=C101
Change Component Designator: OldDesignator=C12 NewDesignator=C102
Change Component Designator: OldDesignator=C13 NewDesignator=C103
Change Component Designator: OldDesignator=C14 NewDesignator=C104
Change Component Designator: OldDesignator=C15 NewDesignator=C105
Change Component Designator: OldDesignator=C16 NewDesignator=C106
Change Component Designator: OldDesignator=C17 NewDesignator=C107
Change Component Designator: OldDesignator=C18 NewDesignator=C108
Change Component Designator: OldDesignator=C19 NewDesignator=C109
Change Component Designator: OldDesignator=C20 NewDesignator=C110
Change Component Designator: OldDesignator=C21 NewDesignator=C112
Change Component Designator: OldDesignator=C22 NewDesignator=C113
Change Component Designator: OldDesignator=C23 NewDesignator=C114
Change Component Designator: OldDesignator=C24 NewDesignator=C115
Change Component Designator: OldDesignator=C25 NewDesignator=C116
Change Component Designator: OldDesignator=C26 NewDesignator=C81_Amplificador1
Change Component Designator: OldDesignator=C27 NewDesignator=C82_Amplificador1
Change Component Designator: OldDesignator=C28 NewDesignator=C83_Amplificador1
Change Component Designator: OldDesignator=C29 NewDesignator=C84_Amplificador1
Change Component Designator: OldDesignator=C30 NewDesignator=C85_Amplificador1
Change Component Designator: OldDesignator=C31 NewDesignator=C86_Amplificador1
Change Component Designator: OldDesignator=C32 NewDesignator=C87_Amplificador1
Change Component Designator: OldDesignator=C33 NewDesignator=C88_Amplificador1
Change Component Designator: OldDesignator=C34 NewDesignator=C81_Amplificador2
Change Component Designator: OldDesignator=C35 NewDesignator=C82_Amplificador2
Change Component Designator: OldDesignator=C36 NewDesignator=C83_Amplificador2
Change Component Designator: OldDesignator=C37 NewDesignator=C84_Amplificador2
Change Component Designator: OldDesignator=C38 NewDesignator=C85_Amplificador2
Change Component Designator: OldDesignator=C39 NewDesignator=C86_Amplificador2
Change Component Designator: OldDesignator=C40 NewDesignator=C87_Amplificador2
Change Component Designator: OldDesignator=C41 NewDesignator=C88_Amplificador2
Change Component Designator: OldDesignator=C42 NewDesignator=C89
Change Component Designator: OldDesignator=C43 NewDesignator=C90
Change Component Designator: OldDesignator=C44 NewDesignator=C32_Conversor_Diff_A_Simple1
Change Component Designator: OldDesignator=C45 NewDesignator=C33_Conversor_Diff_A_Simple1
Change Component Designator: OldDesignator=C46 NewDesignator=C34_Conversor_Diff_A_Simple1
Change Component Designator: OldDesignator=C47 NewDesignator=C35_Conversor_Diff_A_Simple1
Change Component Designator: OldDesignator=C48 NewDesignator=C36_Conversor_Diff_A_Simple1
Change Component Designator: OldDesignator=C49 NewDesignator=C37_Conversor_Diff_A_Simple1
Change Component Designator: OldDesignator=C50 NewDesignator=C38_Conversor_Diff_A_Simple1
Change Component Designator: OldDesignator=C51 NewDesignator=C39_Conversor_Diff_A_Simple1
Change Component Designator: OldDesignator=C52 NewDesignator=C40_Conversor_Diff_A_Simple1
Change Component Designator: OldDesignator=C53 NewDesignator=C41_Conversor_Diff_A_Simple1
Change Component Designator: OldDesignator=C54 NewDesignator=C32_Conversor_Diff_A_Simple2
Change Component Designator: OldDesignator=C55 NewDesignator=C33_Conversor_Diff_A_Simple2
Change Component Designator: OldDesignator=C56 NewDesignator=C34_Conversor_Diff_A_Simple2
Change Component Designator: OldDesignator=C57 NewDesignator=C35_Conversor_Diff_A_Simple2
Change Component Designator: OldDesignator=C58 NewDesignator=C36_Conversor_Diff_A_Simple2
Change Component Designator: OldDesignator=C59 NewDesignator=C37_Conversor_Diff_A_Simple2
Change Component Designator: OldDesignator=C60 NewDesignator=C38_Conversor_Diff_A_Simple2
Change Component Designator: OldDesignator=C61 NewDesignator=C39_Conversor_Diff_A_Simple2
Change Component Designator: OldDesignator=C62 NewDesignator=C40_Conversor_Diff_A_Simple2
Change Component Designator: OldDesignator=C63 NewDesignator=C41_Conversor_Diff_A_Simple2
Change Component Designator: OldDesignator=C64 NewDesignator=C61_DAC_OFFSET_CANAL1
Change Component Designator: OldDesignator=C65 NewDesignator=C62_DAC_OFFSET_CANAL1
Change Component Designator: OldDesignator=C66 NewDesignator=C61_DAC_OFFSET_CANAL2
Change Component Designator: OldDesignator=C67 NewDesignator=C62_DAC_OFFSET_CANAL2
Change Component Designator: OldDesignator=C68 NewDesignator=C1
Change Component Designator: OldDesignator=C69 NewDesignator=C2
Change Component Designator: OldDesignator=C70 NewDesignator=C3
Change Component Designator: OldDesignator=C71 NewDesignator=C4
Change Component Designator: OldDesignator=C72 NewDesignator=C5
Change Component Designator: OldDesignator=C73 NewDesignator=C6
Change Component Designator: OldDesignator=C74 NewDesignator=C7
Change Component Designator: OldDesignator=C75 NewDesignator=C8
Change Component Designator: OldDesignator=C76 NewDesignator=C9
Change Component Designator: OldDesignator=C77 NewDesignator=C10
Change Component Designator: OldDesignator=C78 NewDesignator=C11
Change Component Designator: OldDesignator=C79 NewDesignator=C12
Change Component Designator: OldDesignator=C80 NewDesignator=C13
Change Component Designator: OldDesignator=C81 NewDesignator=C14
Change Component Designator: OldDesignator=C82 NewDesignator=C15
Change Component Designator: OldDesignator=C83 NewDesignator=C16
Change Component Designator: OldDesignator=C84 NewDesignator=C17
Change Component Designator: OldDesignator=C85 NewDesignator=C71_Offset1
Change Component Designator: OldDesignator=C86 NewDesignator=C72_Offset1
Change Component Designator: OldDesignator=C87 NewDesignator=C73_Offset1
Change Component Designator: OldDesignator=C88 NewDesignator=C74_Offset1
Change Component Designator: OldDesignator=C89 NewDesignator=C75_Offset1
Change Component Designator: OldDesignator=C90 NewDesignator=C76_Offset1
Change Component Designator: OldDesignator=C91 NewDesignator=C77_Offset1
Change Component Designator: OldDesignator=C92 NewDesignator=C78_Offset1
Change Component Designator: OldDesignator=C93 NewDesignator=C79_Offset1
Change Component Designator: OldDesignator=C94 NewDesignator=C80_Offset1
Change Component Designator: OldDesignator=C95 NewDesignator=C71_Offset2
Change Component Designator: OldDesignator=C96 NewDesignator=C72_Offset2
Change Component Designator: OldDesignator=C97 NewDesignator=C73_Offset2
Change Component Designator: OldDesignator=C98 NewDesignator=C74_Offset2
Change Component Designator: OldDesignator=C99 NewDesignator=C75_Offset2
Change Component Designator: OldDesignator=C100 NewDesignator=C76_Offset2
Change Component Designator: OldDesignator=C101 NewDesignator=C77_Offset2
Change Component Designator: OldDesignator=C102 NewDesignator=C78_Offset2
Change Component Designator: OldDesignator=C103 NewDesignator=C79_Offset2
Change Component Designator: OldDesignator=C104 NewDesignator=C80_Offset2
Change Component Designator: OldDesignator=C105 NewDesignator=C63
Change Component Designator: OldDesignator=C106 NewDesignator=C64
Change Component Designator: OldDesignator=C107 NewDesignator=C65
Change Component Designator: OldDesignator=C108 NewDesignator=C66
Change Component Designator: OldDesignator=C109 NewDesignator=C67
Change Component Designator: OldDesignator=C110 NewDesignator=C68
Change Component Designator: OldDesignator=C111 NewDesignator=C69
Change Component Designator: OldDesignator=C112 NewDesignator=C70
Change Component Designator: OldDesignator=C113 NewDesignator=C42_Atenuador_Digital_Pasos1
Change Component Designator: OldDesignator=C114 NewDesignator=C43_Atenuador_Digital_Pasos1
Change Component Designator: OldDesignator=C115 NewDesignator=C44_Atenuador_Digital_Pasos1
Change Component Designator: OldDesignator=C116 NewDesignator=C45_Atenuador_Digital_Pasos1
Change Component Designator: OldDesignator=C117 NewDesignator=C46_Atenuador_Digital_Pasos1
Change Component Designator: OldDesignator=C118 NewDesignator=C47_Atenuador_Digital_Pasos1
Change Component Designator: OldDesignator=C119 NewDesignator=C48_Atenuador_Digital_Pasos1
Change Component Designator: OldDesignator=C120 NewDesignator=C49_Atenuador_Digital_Pasos1
Change Component Designator: OldDesignator=C121 NewDesignator=C50_Atenuador_Digital_Pasos1
Change Component Designator: OldDesignator=C122 NewDesignator=C51_Atenuador_Digital_Pasos1
Change Component Designator: OldDesignator=C123 NewDesignator=C52_Atenuador_Digital_Pasos1
Change Component Designator: OldDesignator=C124 NewDesignator=C42_Atenuador_Digital_Pasos2
Change Component Designator: OldDesignator=C125 NewDesignator=C43_Atenuador_Digital_Pasos2
Change Component Designator: OldDesignator=C126 NewDesignator=C44_Atenuador_Digital_Pasos2
Change Component Designator: OldDesignator=C127 NewDesignator=C45_Atenuador_Digital_Pasos2
Change Component Designator: OldDesignator=C128 NewDesignator=C46_Atenuador_Digital_Pasos2
Change Component Designator: OldDesignator=C129 NewDesignator=C47_Atenuador_Digital_Pasos2
Change Component Designator: OldDesignator=C130 NewDesignator=C48_Atenuador_Digital_Pasos2
Change Component Designator: OldDesignator=C131 NewDesignator=C49_Atenuador_Digital_Pasos2
Change Component Designator: OldDesignator=C132 NewDesignator=C50_Atenuador_Digital_Pasos2
Change Component Designator: OldDesignator=C133 NewDesignator=C51_Atenuador_Digital_Pasos2
Change Component Designator: OldDesignator=C134 NewDesignator=C52_Atenuador_Digital_Pasos2
Change Component Designator: OldDesignator=C135 NewDesignator=C53
Change Component Designator: OldDesignator=C136 NewDesignator=C54
Change Component Designator: OldDesignator=C137 NewDesignator=C18_DDS1
Change Component Designator: OldDesignator=C138 NewDesignator=C19_DDS1
Change Component Designator: OldDesignator=C139 NewDesignator=C20_DDS1
Change Component Designator: OldDesignator=C140 NewDesignator=C21_DDS1
Change Component Designator: OldDesignator=C141 NewDesignator=C22_DDS1
Change Component Designator: OldDesignator=C142 NewDesignator=C23_DDS1
Change Component Designator: OldDesignator=C143 NewDesignator=C24_DDS1
Change Component Designator: OldDesignator=C144 NewDesignator=C25_DDS1
Change Component Designator: OldDesignator=C145 NewDesignator=C26_DDS1
Change Component Designator: OldDesignator=C146 NewDesignator=C27_DDS1
Change Component Designator: OldDesignator=C147 NewDesignator=C28_DDS1
Change Component Designator: OldDesignator=C148 NewDesignator=C29_DDS1
Change Component Designator: OldDesignator=C149 NewDesignator=C30_DDS1
Change Component Designator: OldDesignator=C150 NewDesignator=C31_DDS1
Change Component Designator: OldDesignator=C151 NewDesignator=C18_DDS2
Change Component Designator: OldDesignator=C152 NewDesignator=C19_DDS2
Change Component Designator: OldDesignator=C153 NewDesignator=C20_DDS2
Change Component Designator: OldDesignator=C154 NewDesignator=C21_DDS2
Change Component Designator: OldDesignator=C155 NewDesignator=C22_DDS2
Change Component Designator: OldDesignator=C156 NewDesignator=C23_DDS2
Change Component Designator: OldDesignator=C157 NewDesignator=C24_DDS2
Change Component Designator: OldDesignator=C158 NewDesignator=C25_DDS2
Change Component Designator: OldDesignator=C159 NewDesignator=C26_DDS2
Change Component Designator: OldDesignator=C160 NewDesignator=C27_DDS2
Change Component Designator: OldDesignator=C161 NewDesignator=C28_DDS2
Change Component Designator: OldDesignator=C162 NewDesignator=C29_DDS2
Change Component Designator: OldDesignator=C163 NewDesignator=C30_DDS2
Change Component Designator: OldDesignator=C164 NewDesignator=C31_DDS2
Change Component Designator: OldDesignator=C165 NewDesignator=C55
Change Component Designator: OldDesignator=C166 NewDesignator=C56
Change Component Designator: OldDesignator=C167 NewDesignator=C57
Change Component Designator: OldDesignator=C168 NewDesignator=C58
Change Component Designator: OldDesignator=C169 NewDesignator=C59
Change Component Designator: OldDesignator=C170 NewDesignator=C60
Change Component Designator: OldDesignator=C171 NewDesignator=C118
Change Component Designator: OldDesignator=C172 NewDesignator=C119
Change Component Designator: OldDesignator=C173 NewDesignator=C120
Change Component Designator: OldDesignator=C174 NewDesignator=C121
Change Component Designator: OldDesignator=C175 NewDesignator=C122
Change Component Designator: OldDesignator=C176 NewDesignator=C123
Change Component Designator: OldDesignator=C177 NewDesignator=C124
Change Component Designator: OldDesignator=C178 NewDesignator=C125
Change Component Designator: OldDesignator=C179 NewDesignator=C126
Change Component Designator: OldDesignator=C180 NewDesignator=C111
Change Component Designator: OldDesignator=C181 NewDesignator=C117
Change Component Designator: OldDesignator=D1 NewDesignator=D9
Change Component Designator: OldDesignator=D2 NewDesignator=D10
Change Component Designator: OldDesignator=D3 NewDesignator=D11
Change Component Designator: OldDesignator=D4 NewDesignator=D12
Change Component Designator: OldDesignator=D5 NewDesignator=D13
Change Component Designator: OldDesignator=D6 NewDesignator=D14
Change Component Designator: OldDesignator=D7 NewDesignator=D15
Change Component Designator: OldDesignator=D8 NewDesignator=D16
Change Component Designator: OldDesignator=D9 NewDesignator=D17
Change Component Designator: OldDesignator=D10 NewDesignator=D18
Change Component Designator: OldDesignator=D11 NewDesignator=D7
Change Component Designator: OldDesignator=D12 NewDesignator=D8
Change Component Designator: OldDesignator=D13 NewDesignator=D1
Change Component Designator: OldDesignator=D14 NewDesignator=D2
Change Component Designator: OldDesignator=D15 NewDesignator=D3
Change Component Designator: OldDesignator=D16 NewDesignator=D4
Change Component Designator: OldDesignator=D17 NewDesignator=D5
Change Component Designator: OldDesignator=D18 NewDesignator=D6
Change Component Designator: OldDesignator=FB1 NewDesignator=FB2
Change Component Designator: OldDesignator=FB2 NewDesignator=FB3
Change Component Designator: OldDesignator=FB3 NewDesignator=FB4
Change Component Designator: OldDesignator=FB4 NewDesignator=FB5
Change Component Designator: OldDesignator=FB5 NewDesignator=FB6
Change Component Designator: OldDesignator=FB6 NewDesignator=FB1
Change Component Designator: OldDesignator=J1 NewDesignator=J9
Change Component Designator: OldDesignator=J2 NewDesignator=J4
Change Component Designator: OldDesignator=J3 NewDesignator=J5
Change Component Designator: OldDesignator=J4 NewDesignator=J6
Change Component Designator: OldDesignator=J6 NewDesignator=J7
Change Component Designator: OldDesignator=J7 NewDesignator=J8
Change Component Designator: OldDesignator=J8 NewDesignator=J1
Change Component Designator: OldDesignator=J9 NewDesignator=J2
Change Component Designator: OldDesignator=J10 NewDesignator=J3
Change Component Designator: OldDesignator=R1 NewDesignator=R87
Change Component Designator: OldDesignator=R2 NewDesignator=R88
Change Component Designator: OldDesignator=R3 NewDesignator=R89
Change Component Designator: OldDesignator=R4 NewDesignator=R90
Change Component Designator: OldDesignator=R5 NewDesignator=R91
Change Component Designator: OldDesignator=R6 NewDesignator=R67_Amplificador1
Change Component Designator: OldDesignator=R7 NewDesignator=R68_Amplificador1
Change Component Designator: OldDesignator=R8 NewDesignator=R69_Amplificador1
Change Component Designator: OldDesignator=R9 NewDesignator=R70_Amplificador1
Change Component Designator: OldDesignator=R10 NewDesignator=R71_Amplificador1
Change Component Designator: OldDesignator=R11 NewDesignator=R72_Amplificador1
Change Component Designator: OldDesignator=R12 NewDesignator=R67_Amplificador2
Change Component Designator: OldDesignator=R13 NewDesignator=R68_Amplificador2
Change Component Designator: OldDesignator=R14 NewDesignator=R69_Amplificador2
Change Component Designator: OldDesignator=R15 NewDesignator=R70_Amplificador2
Change Component Designator: OldDesignator=R16 NewDesignator=R71_Amplificador2
Change Component Designator: OldDesignator=R17 NewDesignator=R72_Amplificador2
Change Component Designator: OldDesignator=R18 NewDesignator=R73
Change Component Designator: OldDesignator=R19 NewDesignator=R74
Change Component Designator: OldDesignator=R20 NewDesignator=R75
Change Component Designator: OldDesignator=R21 NewDesignator=R76
Change Component Designator: OldDesignator=R22 NewDesignator=R28_DDS_CANAL1
Change Component Designator: OldDesignator=R23 NewDesignator=R29_DDS_CANAL1
Change Component Designator: OldDesignator=R24 NewDesignator=R30_DDS_CANAL1
Change Component Designator: OldDesignator=R25 NewDesignator=R28_DDS_CANAL2
Change Component Designator: OldDesignator=R26 NewDesignator=R29_DDS_CANAL2
Change Component Designator: OldDesignator=R27 NewDesignator=R30_DDS_CANAL2
Change Component Designator: OldDesignator=R28 NewDesignator=R77
Change Component Designator: OldDesignator=R29 NewDesignator=R78
Change Component Designator: OldDesignator=R30 NewDesignator=R79
Change Component Designator: OldDesignator=R31 NewDesignator=R80
Change Component Designator: OldDesignator=R32 NewDesignator=R81
Change Component Designator: OldDesignator=R33 NewDesignator=R82
Change Component Designator: OldDesignator=R34 NewDesignator=R85
Change Component Designator: OldDesignator=R35 NewDesignator=R86
Change Component Designator: OldDesignator=R36 NewDesignator=R1
Change Component Designator: OldDesignator=R37 NewDesignator=R2
Change Component Designator: OldDesignator=R38 NewDesignator=R6
Change Component Designator: OldDesignator=R39 NewDesignator=R8
Change Component Designator: OldDesignator=R41 NewDesignator=R5
Change Component Designator: OldDesignator=R43 NewDesignator=R7
Change Component Designator: OldDesignator=R44 NewDesignator=R9
Change Component Designator: OldDesignator=R46 NewDesignator=R3
Change Component Designator: OldDesignator=R48 NewDesignator=R4
Change Component Designator: OldDesignator=R49 NewDesignator=R10
Change Component Designator: OldDesignator=R50 NewDesignator=R11
Change Component Designator: OldDesignator=R51 NewDesignator=R12
Change Component Designator: OldDesignator=R52 NewDesignator=R13
Change Component Designator: OldDesignator=R53 NewDesignator=R24_Conversor_Diff_A_Simple1
Change Component Designator: OldDesignator=R54 NewDesignator=R25_Conversor_Diff_A_Simple1
Change Component Designator: OldDesignator=R55 NewDesignator=R26_Conversor_Diff_A_Simple1
Change Component Designator: OldDesignator=R56 NewDesignator=R27_Conversor_Diff_A_Simple1
Change Component Designator: OldDesignator=R57 NewDesignator=R24_Conversor_Diff_A_Simple2
Change Component Designator: OldDesignator=R58 NewDesignator=R25_Conversor_Diff_A_Simple2
Change Component Designator: OldDesignator=R59 NewDesignator=R26_Conversor_Diff_A_Simple2
Change Component Designator: OldDesignator=R60 NewDesignator=R27_Conversor_Diff_A_Simple2
Change Component Designator: OldDesignator=R61 NewDesignator=R50_DAC_OFFSET_CANAL1
Change Component Designator: OldDesignator=R62 NewDesignator=R51_DAC_OFFSET_CANAL1
Change Component Designator: OldDesignator=R63 NewDesignator=R50_DAC_OFFSET_CANAL2
Change Component Designator: OldDesignator=R64 NewDesignator=R51_DAC_OFFSET_CANAL2
Change Component Designator: OldDesignator=R65 NewDesignator=R14
Change Component Designator: OldDesignator=R66 NewDesignator=R15
Change Component Designator: OldDesignator=R67 NewDesignator=R16
Change Component Designator: OldDesignator=R68 NewDesignator=R17
Change Component Designator: OldDesignator=R69 NewDesignator=R18
Change Component Designator: OldDesignator=R70 NewDesignator=R19
Change Component Designator: OldDesignator=R71 NewDesignator=R20
Change Component Designator: OldDesignator=R72 NewDesignator=R62_Offset1
Change Component Designator: OldDesignator=R73 NewDesignator=R63_Offset1
Change Component Designator: OldDesignator=R74 NewDesignator=R64_Offset1
Change Component Designator: OldDesignator=R75 NewDesignator=R65_Offset1
Change Component Designator: OldDesignator=R76 NewDesignator=R66_Offset1
Change Component Designator: OldDesignator=R77 NewDesignator=R62_Offset2
Change Component Designator: OldDesignator=R78 NewDesignator=R63_Offset2
Change Component Designator: OldDesignator=R79 NewDesignator=R64_Offset2
Change Component Designator: OldDesignator=R80 NewDesignator=R65_Offset2
Change Component Designator: OldDesignator=R81 NewDesignator=R66_Offset2
Change Component Designator: OldDesignator=R82 NewDesignator=R52
Change Component Designator: OldDesignator=R83 NewDesignator=R53
Change Component Designator: OldDesignator=R84 NewDesignator=R54
Change Component Designator: OldDesignator=R85 NewDesignator=R55
Change Component Designator: OldDesignator=R86 NewDesignator=R56
Change Component Designator: OldDesignator=R87 NewDesignator=R57
Change Component Designator: OldDesignator=R88 NewDesignator=R58
Change Component Designator: OldDesignator=R89 NewDesignator=R59
Change Component Designator: OldDesignator=R90 NewDesignator=R60
Change Component Designator: OldDesignator=R91 NewDesignator=R61
Change Component Designator: OldDesignator=R92 NewDesignator=R31_Atenuador_Digital_Pasos1
Change Component Designator: OldDesignator=R93 NewDesignator=R32_Atenuador_Digital_Pasos1
Change Component Designator: OldDesignator=R94 NewDesignator=R33_Atenuador_Digital_Pasos1
Change Component Designator: OldDesignator=R95 NewDesignator=R34_Atenuador_Digital_Pasos1
Change Component Designator: OldDesignator=R96 NewDesignator=R35_Atenuador_Digital_Pasos1
Change Component Designator: OldDesignator=R97 NewDesignator=R36_Atenuador_Digital_Pasos1
Change Component Designator: OldDesignator=R98 NewDesignator=R37_Atenuador_Digital_Pasos1
Change Component Designator: OldDesignator=R99 NewDesignator=R38_Atenuador_Digital_Pasos1
Change Component Designator: OldDesignator=R100 NewDesignator=R39_Atenuador_Digital_Pasos1
Change Component Designator: OldDesignator=R101 NewDesignator=R31_Atenuador_Digital_Pasos2
Change Component Designator: OldDesignator=R102 NewDesignator=R32_Atenuador_Digital_Pasos2
Change Component Designator: OldDesignator=R103 NewDesignator=R33_Atenuador_Digital_Pasos2
Change Component Designator: OldDesignator=R104 NewDesignator=R34_Atenuador_Digital_Pasos2
Change Component Designator: OldDesignator=R105 NewDesignator=R35_Atenuador_Digital_Pasos2
Change Component Designator: OldDesignator=R106 NewDesignator=R36_Atenuador_Digital_Pasos2
Change Component Designator: OldDesignator=R107 NewDesignator=R37_Atenuador_Digital_Pasos2
Change Component Designator: OldDesignator=R108 NewDesignator=R38_Atenuador_Digital_Pasos2
Change Component Designator: OldDesignator=R109 NewDesignator=R39_Atenuador_Digital_Pasos2
Change Component Designator: OldDesignator=R110 NewDesignator=R21_DDS1
Change Component Designator: OldDesignator=R111 NewDesignator=R22_DDS1
Change Component Designator: OldDesignator=R112 NewDesignator=R23_DDS1
Change Component Designator: OldDesignator=R113 NewDesignator=R21_DDS2
Change Component Designator: OldDesignator=R114 NewDesignator=R22_DDS2
Change Component Designator: OldDesignator=R115 NewDesignator=R23_DDS2
Change Component Designator: OldDesignator=R116 NewDesignator=R40
Change Component Designator: OldDesignator=R117 NewDesignator=R41
Change Component Designator: OldDesignator=R118 NewDesignator=R42
Change Component Designator: OldDesignator=R119 NewDesignator=R43
Change Component Designator: OldDesignator=R120 NewDesignator=R44
Change Component Designator: OldDesignator=R121 NewDesignator=R45
Change Component Designator: OldDesignator=R122 NewDesignator=R46
Change Component Designator: OldDesignator=R123 NewDesignator=R47
Change Component Designator: OldDesignator=R124 NewDesignator=R48
Change Component Designator: OldDesignator=R125 NewDesignator=R49
Change Component Designator: OldDesignator=R126 NewDesignator=R92
Change Component Designator: OldDesignator=R127 NewDesignator=R93
Change Component Designator: OldDesignator=R128 NewDesignator=R94
Change Component Designator: OldDesignator=R129 NewDesignator=R95
Change Component Designator: OldDesignator=R130 NewDesignator=R96
Change Component Designator: OldDesignator=R131 NewDesignator=R97
Change Component Designator: OldDesignator=R132 NewDesignator=R98
Change Component Designator: OldDesignator=R133 NewDesignator=R99
Change Component Designator: OldDesignator=R134 NewDesignator=R100
Change Component Designator: OldDesignator=R135 NewDesignator=R101
Change Component Designator: OldDesignator=R136 NewDesignator=R102
Change Component Designator: OldDesignator=R137 NewDesignator=R103
Change Component Designator: OldDesignator=R138 NewDesignator=R104
Change Component Designator: OldDesignator=R139 NewDesignator=R105
Change Component Designator: OldDesignator=R140 NewDesignator=R106
Change Component Designator: OldDesignator=R141 NewDesignator=R107
Change Component Designator: OldDesignator=TP1 NewDesignator=TP51
Change Component Designator: OldDesignator=TP2 NewDesignator=TP52
Change Component Designator: OldDesignator=TP3 NewDesignator=TP53
Change Component Designator: OldDesignator=TP4 NewDesignator=TP54
Change Component Designator: OldDesignator=TP5 NewDesignator=TP55
Change Component Designator: OldDesignator=TP6 NewDesignator=TP56
Change Component Designator: OldDesignator=TP7 NewDesignator=TP57
Change Component Designator: OldDesignator=TP8 NewDesignator=TP58
Change Component Designator: OldDesignator=TP9 NewDesignator=TP59
Change Component Designator: OldDesignator=TP10 NewDesignator=TP60
Change Component Designator: OldDesignator=TP11 NewDesignator=TP61
Change Component Designator: OldDesignator=TP12 NewDesignator=TP62
Change Component Designator: OldDesignator=TP13 NewDesignator=TP63
Change Component Designator: OldDesignator=TP14 NewDesignator=TP47_Amplificador1
Change Component Designator: OldDesignator=TP15 NewDesignator=TP48_Amplificador1
Change Component Designator: OldDesignator=TP16 NewDesignator=TP49_Amplificador1
Change Component Designator: OldDesignator=TP17 NewDesignator=TP50_Amplificador1
Change Component Designator: OldDesignator=TP18 NewDesignator=TP47_Amplificador2
Change Component Designator: OldDesignator=TP19 NewDesignator=TP48_Amplificador2
Change Component Designator: OldDesignator=TP20 NewDesignator=TP49_Amplificador2
Change Component Designator: OldDesignator=TP21 NewDesignator=TP50_Amplificador2
Change Component Designator: OldDesignator=TP22 NewDesignator=TP32_DDS_CANAL1
Change Component Designator: OldDesignator=TP23 NewDesignator=TP32_DDS_CANAL2
Change Component Designator: OldDesignator=TP24 NewDesignator=TP1
Change Component Designator: OldDesignator=TP25 NewDesignator=TP2
Change Component Designator: OldDesignator=TP26 NewDesignator=TP3
Change Component Designator: OldDesignator=TP27 NewDesignator=TP4
Change Component Designator: OldDesignator=TP28 NewDesignator=TP5
Change Component Designator: OldDesignator=TP29 NewDesignator=TP6
Change Component Designator: OldDesignator=TP30 NewDesignator=TP7
Change Component Designator: OldDesignator=TP31 NewDesignator=TP8
Change Component Designator: OldDesignator=TP32 NewDesignator=TP9
Change Component Designator: OldDesignator=TP33 NewDesignator=TP10
Change Component Designator: OldDesignator=TP34 NewDesignator=TP11
Change Component Designator: OldDesignator=TP35 NewDesignator=TP12
Change Component Designator: OldDesignator=TP36 NewDesignator=TP13
Change Component Designator: OldDesignator=TP37 NewDesignator=TP14
Change Component Designator: OldDesignator=TP38 NewDesignator=TP15
Change Component Designator: OldDesignator=TP39 NewDesignator=TP16
Change Component Designator: OldDesignator=TP40 NewDesignator=TP17
Change Component Designator: OldDesignator=TP41 NewDesignator=TP18
Change Component Designator: OldDesignator=TP42 NewDesignator=TP19
Change Component Designator: OldDesignator=TP43 NewDesignator=TP20
Change Component Designator: OldDesignator=TP44 NewDesignator=TP21
Change Component Designator: OldDesignator=TP45 NewDesignator=TP22
Change Component Designator: OldDesignator=TP46 NewDesignator=TP30_Conversor_Diff_A_Simple1
Change Component Designator: OldDesignator=TP47 NewDesignator=TP31_Conversor_Diff_A_Simple1
Change Component Designator: OldDesignator=TP48 NewDesignator=TP30_Conversor_Diff_A_Simple2
Change Component Designator: OldDesignator=TP49 NewDesignator=TP31_Conversor_Diff_A_Simple2
Change Component Designator: OldDesignator=TP50 NewDesignator=TP37_DAC_OFFSET_CANAL1
Change Component Designator: OldDesignator=TP51 NewDesignator=TP37_DAC_OFFSET_CANAL2
Change Component Designator: OldDesignator=TP52 NewDesignator=TP23
Change Component Designator: OldDesignator=TP53 NewDesignator=TP24
Change Component Designator: OldDesignator=TP54 NewDesignator=TP25
Change Component Designator: OldDesignator=TP55 NewDesignator=TP26
Change Component Designator: OldDesignator=TP56 NewDesignator=TP27
Change Component Designator: OldDesignator=TP57 NewDesignator=TP28
Change Component Designator: OldDesignator=TP58 NewDesignator=TP29
Change Component Designator: OldDesignator=TP59 NewDesignator=TP42_Offset1
Change Component Designator: OldDesignator=TP60 NewDesignator=TP43_Offset1
Change Component Designator: OldDesignator=TP61 NewDesignator=TP44_Offset1
Change Component Designator: OldDesignator=TP62 NewDesignator=TP45_Offset1
Change Component Designator: OldDesignator=TP63 NewDesignator=TP46_Offset1
Change Component Designator: OldDesignator=TP64 NewDesignator=TP42_Offset2
Change Component Designator: OldDesignator=TP65 NewDesignator=TP43_Offset2
Change Component Designator: OldDesignator=TP66 NewDesignator=TP44_Offset2
Change Component Designator: OldDesignator=TP67 NewDesignator=TP45_Offset2
Change Component Designator: OldDesignator=TP68 NewDesignator=TP46_Offset2
Change Component Designator: OldDesignator=TP69 NewDesignator=TP38
Change Component Designator: OldDesignator=TP70 NewDesignator=TP39
Change Component Designator: OldDesignator=TP71 NewDesignator=TP40
Change Component Designator: OldDesignator=TP72 NewDesignator=TP41
Change Component Designator: OldDesignator=TP73 NewDesignator=TP33_Atenuador_Digital_Pasos1
Change Component Designator: OldDesignator=TP74 NewDesignator=TP34_Atenuador_Digital_Pasos1
Change Component Designator: OldDesignator=TP75 NewDesignator=TP35_Atenuador_Digital_Pasos1
Change Component Designator: OldDesignator=TP76 NewDesignator=TP36_Atenuador_Digital_Pasos1
Change Component Designator: OldDesignator=TP77 NewDesignator=TP33_Atenuador_Digital_Pasos2
Change Component Designator: OldDesignator=TP78 NewDesignator=TP34_Atenuador_Digital_Pasos2
Change Component Designator: OldDesignator=TP79 NewDesignator=TP35_Atenuador_Digital_Pasos2
Change Component Designator: OldDesignator=TP80 NewDesignator=TP36_Atenuador_Digital_Pasos2
Change Component Designator: OldDesignator=TP81 NewDesignator=TP64
Change Component Designator: OldDesignator=TP82 NewDesignator=TP65
Change Component Designator: OldDesignator=TP83 NewDesignator=TP66
Change Component Designator: OldDesignator=TP84 NewDesignator=TP67
Change Component Designator: OldDesignator=U1 NewDesignator=U6_Amplificador1
Change Component Designator: OldDesignator=U2 NewDesignator=U7_Amplificador1
Change Component Designator: OldDesignator=U3 NewDesignator=U6_Amplificador2
Change Component Designator: OldDesignator=U4 NewDesignator=U7_Amplificador2
Change Component Designator: OldDesignator=U5 NewDesignator=U5_DAC_OFFSET_CANAL1
Change Component Designator: OldDesignator=U6 NewDesignator=U5_DAC_OFFSET_CANAL2
Change Component Designator: OldDesignator=U7 NewDesignator=U1
Change Component Designator: OldDesignator=U8 NewDesignator=U2
Change Component Designator: OldDesignator=U9 NewDesignator=U3
Change Component Designator: OldDesignator=U10 NewDesignator=U4
Change Component Designator: OldDesignator=U11 NewDesignator=U8
Change Component Designator: OldDesignator=U12 NewDesignator=U9
Added Component: Designator=B13(QFP50P900X900X160-48N)
Add component (AddParameter): Name = "Datasheet Link"; Value = "http://wizwiki.net/wiki/lib/exe/fetch.php?media=products:w5500:w5500_ds_v106e_141230.pdf"; VariantName = "[No Variations]"
Add component (AddParameter): Name = "Geometry.Height"; Value = "1.6mm"; VariantName = "[No Variations]"
Add component (AddParameter): Name = "Manufacturer_Name"; Value = "WIZnet Inc"; VariantName = "[No Variations]"
Add component (AddParameter): Name = "Manufacturer_Part_Number"; Value = "W5500"; VariantName = "[No Variations]"
Add component (AddParameter): Name = "Mouser Part Number"; Value = "950-W5500"; VariantName = "[No Variations]"
Add component (AddParameter): Name = "Mouser Price/Stock"; Value = "https://www.mouser.co.uk/ProductDetail/WIZnet/W5500?qs=2vh%252B45pPFtzthUpYPd4pqA%3D%3D"; VariantName = "[No Variations]"
Added Component: Designator=C127(CAP_0805)
Add component (AddParameter): Name = "Dielectric"; Value = ""; VariantName = "[No Variations]"
Add component (AddParameter): Name = "Distributor Link"; Value = ""; VariantName = "[No Variations]"
Add component (AddParameter): Name = "LCSC"; Value = ""; VariantName = "[No Variations]"
Add component (AddParameter): Name = "Manufacturer"; Value = ""; VariantName = "[No Variations]"
Add component (AddParameter): Name = "Manufacturer Part Number"; Value = ""; VariantName = "[No Variations]"
Add component (AddParameter): Name = "Rating"; Value = ""; VariantName = "[No Variations]"
Added Component: Designator=C128(CAP_0805)
Add component (AddParameter): Name = "Dielectric"; Value = ""; VariantName = "[No Variations]"
Add component (AddParameter): Name = "Distributor Link"; Value = ""; VariantName = "[No Variations]"
Add component (AddParameter): Name = "LCSC"; Value = ""; VariantName = "[No Variations]"
Add component (AddParameter): Name = "Manufacturer"; Value = ""; VariantName = "[No Variations]"
Add component (AddParameter): Name = "Manufacturer Part Number"; Value = ""; VariantName = "[No Variations]"
Add component (AddParameter): Name = "Rating"; Value = ""; VariantName = "[No Variations]"
Added Component: Designator=C129(CAP_0805)
Add component (AddParameter): Name = "Dielectric"; Value = ""; VariantName = "[No Variations]"
Add component (AddParameter): Name = "Distributor Link"; Value = ""; VariantName = "[No Variations]"
Add component (AddParameter): Name = "LCSC"; Value = ""; VariantName = "[No Variations]"
Add component (AddParameter): Name = "Manufacturer"; Value = ""; VariantName = "[No Variations]"
Add component (AddParameter): Name = "Manufacturer Part Number"; Value = ""; VariantName = "[No Variations]"
Add component (AddParameter): Name = "Rating"; Value = ""; VariantName = "[No Variations]"
Added Component: Designator=C130(CAP_0805)
Add component (AddParameter): Name = "Dielectric"; Value = ""; VariantName = "[No Variations]"
Add component (AddParameter): Name = "Distributor Link"; Value = ""; VariantName = "[No Variations]"
Add component (AddParameter): Name = "LCSC"; Value = ""; VariantName = "[No Variations]"
Add component (AddParameter): Name = "Manufacturer"; Value = ""; VariantName = "[No Variations]"
Add component (AddParameter): Name = "Manufacturer Part Number"; Value = ""; VariantName = "[No Variations]"
Add component (AddParameter): Name = "Rating"; Value = ""; VariantName = "[No Variations]"
Added Component: Designator=C131(CAP_0805)
Add component (AddParameter): Name = "Dielectric"; Value = ""; VariantName = "[No Variations]"
Add component (AddParameter): Name = "Distributor Link"; Value = ""; VariantName = "[No Variations]"
Add component (AddParameter): Name = "LCSC"; Value = ""; VariantName = "[No Variations]"
Add component (AddParameter): Name = "Manufacturer"; Value = ""; VariantName = "[No Variations]"
Add component (AddParameter): Name = "Manufacturer Part Number"; Value = ""; VariantName = "[No Variations]"
Add component (AddParameter): Name = "Rating"; Value = ""; VariantName = "[No Variations]"
Added Component: Designator=C132(CAP_0805)
Add component (AddParameter): Name = "Dielectric"; Value = ""; VariantName = "[No Variations]"
Add component (AddParameter): Name = "Distributor Link"; Value = ""; VariantName = "[No Variations]"
Add component (AddParameter): Name = "LCSC"; Value = ""; VariantName = "[No Variations]"
Add component (AddParameter): Name = "Manufacturer"; Value = ""; VariantName = "[No Variations]"
Add component (AddParameter): Name = "Manufacturer Part Number"; Value = ""; VariantName = "[No Variations]"
Add component (AddParameter): Name = "Rating"; Value = ""; VariantName = "[No Variations]"
Added Component: Designator=C133(CAP_0805)
Add component (AddParameter): Name = "Dielectric"; Value = ""; VariantName = "[No Variations]"
Add component (AddParameter): Name = "Distributor Link"; Value = ""; VariantName = "[No Variations]"
Add component (AddParameter): Name = "LCSC"; Value = ""; VariantName = "[No Variations]"
Add component (AddParameter): Name = "Manufacturer"; Value = ""; VariantName = "[No Variations]"
Add component (AddParameter): Name = "Manufacturer Part Number"; Value = ""; VariantName = "[No Variations]"
Add component (AddParameter): Name = "Rating"; Value = ""; VariantName = "[No Variations]"
Added Component: Designator=C134(CAP_0805)
Add component (AddParameter): Name = "Dielectric"; Value = ""; VariantName = "[No Variations]"
Add component (AddParameter): Name = "Distributor Link"; Value = ""; VariantName = "[No Variations]"
Add component (AddParameter): Name = "LCSC"; Value = ""; VariantName = "[No Variations]"
Add component (AddParameter): Name = "Manufacturer"; Value = ""; VariantName = "[No Variations]"
Add component (AddParameter): Name = "Manufacturer Part Number"; Value = ""; VariantName = "[No Variations]"
Add component (AddParameter): Name = "Rating"; Value = ""; VariantName = "[No Variations]"
Added Component: Designator=C135(CAP_0805)
Add component (AddParameter): Name = "Dielectric"; Value = ""; VariantName = "[No Variations]"
Add component (AddParameter): Name = "Distributor Link"; Value = ""; VariantName = "[No Variations]"
Add component (AddParameter): Name = "LCSC"; Value = ""; VariantName = "[No Variations]"
Add component (AddParameter): Name = "Manufacturer"; Value = ""; VariantName = "[No Variations]"
Add component (AddParameter): Name = "Manufacturer Part Number"; Value = ""; VariantName = "[No Variations]"
Add component (AddParameter): Name = "Rating"; Value = ""; VariantName = "[No Variations]"
Added Component: Designator=C136(CAP_0805)
Add component (AddParameter): Name = "Dielectric"; Value = ""; VariantName = "[No Variations]"
Add component (AddParameter): Name = "Distributor Link"; Value = ""; VariantName = "[No Variations]"
Add component (AddParameter): Name = "LCSC"; Value = ""; VariantName = "[No Variations]"
Add component (AddParameter): Name = "Manufacturer"; Value = ""; VariantName = "[No Variations]"
Add component (AddParameter): Name = "Manufacturer Part Number"; Value = ""; VariantName = "[No Variations]"
Add component (AddParameter): Name = "Rating"; Value = ""; VariantName = "[No Variations]"
Added Component: Designator=C137(CAP_0805)
Add component (AddParameter): Name = "Dielectric"; Value = ""; VariantName = "[No Variations]"
Add component (AddParameter): Name = "Distributor Link"; Value = ""; VariantName = "[No Variations]"
Add component (AddParameter): Name = "LCSC"; Value = ""; VariantName = "[No Variations]"
Add component (AddParameter): Name = "Manufacturer"; Value = ""; VariantName = "[No Variations]"
Add component (AddParameter): Name = "Manufacturer Part Number"; Value = ""; VariantName = "[No Variations]"
Add component (AddParameter): Name = "Rating"; Value = ""; VariantName = "[No Variations]"
Added Component: Designator=C138(CAP_0805)
Add component (AddParameter): Name = "Dielectric"; Value = ""; VariantName = "[No Variations]"
Add component (AddParameter): Name = "Distributor Link"; Value = ""; VariantName = "[No Variations]"
Add component (AddParameter): Name = "LCSC"; Value = ""; VariantName = "[No Variations]"
Add component (AddParameter): Name = "Manufacturer"; Value = ""; VariantName = "[No Variations]"
Add component (AddParameter): Name = "Manufacturer Part Number"; Value = ""; VariantName = "[No Variations]"
Add component (AddParameter): Name = "Rating"; Value = ""; VariantName = "[No Variations]"
Added Component: Designator=C139(CAP_0805)
Add component (AddParameter): Name = "Dielectric"; Value = ""; VariantName = "[No Variations]"
Add component (AddParameter): Name = "Distributor Link"; Value = ""; VariantName = "[No Variations]"
Add component (AddParameter): Name = "LCSC"; Value = ""; VariantName = "[No Variations]"
Add component (AddParameter): Name = "Manufacturer"; Value = ""; VariantName = "[No Variations]"
Add component (AddParameter): Name = "Manufacturer Part Number"; Value = ""; VariantName = "[No Variations]"
Add component (AddParameter): Name = "Rating"; Value = ""; VariantName = "[No Variations]"
Added Component: Designator=C140(CAP_0805)
Add component (AddParameter): Name = "Dielectric"; Value = ""; VariantName = "[No Variations]"
Add component (AddParameter): Name = "Distributor Link"; Value = ""; VariantName = "[No Variations]"
Add component (AddParameter): Name = "LCSC"; Value = ""; VariantName = "[No Variations]"
Add component (AddParameter): Name = "Manufacturer"; Value = ""; VariantName = "[No Variations]"
Add component (AddParameter): Name = "Manufacturer Part Number"; Value = ""; VariantName = "[No Variations]"
Add component (AddParameter): Name = "Rating"; Value = ""; VariantName = "[No Variations]"
Added Component: Designator=C141(CAP_0805)
Add component (AddParameter): Name = "Dielectric"; Value = ""; VariantName = "[No Variations]"
Add component (AddParameter): Name = "Distributor Link"; Value = ""; VariantName = "[No Variations]"
Add component (AddParameter): Name = "LCSC"; Value = ""; VariantName = "[No Variations]"
Add component (AddParameter): Name = "Manufacturer"; Value = ""; VariantName = "[No Variations]"
Add component (AddParameter): Name = "Manufacturer Part Number"; Value = ""; VariantName = "[No Variations]"
Add component (AddParameter): Name = "Rating"; Value = ""; VariantName = "[No Variations]"
Added Component: Designator=C142(CAP_0805)
Add component (AddParameter): Name = "Dielectric"; Value = ""; VariantName = "[No Variations]"
Add component (AddParameter): Name = "Distributor Link"; Value = ""; VariantName = "[No Variations]"
Add component (AddParameter): Name = "LCSC"; Value = ""; VariantName = "[No Variations]"
Add component (AddParameter): Name = "Manufacturer"; Value = ""; VariantName = "[No Variations]"
Add component (AddParameter): Name = "Manufacturer Part Number"; Value = ""; VariantName = "[No Variations]"
Add component (AddParameter): Name = "Rating"; Value = ""; VariantName = "[No Variations]"
Added Component: Designator=C143(CAP_0805)
Add component (AddParameter): Name = "Dielectric"; Value = ""; VariantName = "[No Variations]"
Add component (AddParameter): Name = "Distributor Link"; Value = ""; VariantName = "[No Variations]"
Add component (AddParameter): Name = "LCSC"; Value = ""; VariantName = "[No Variations]"
Add component (AddParameter): Name = "Manufacturer"; Value = ""; VariantName = "[No Variations]"
Add component (AddParameter): Name = "Manufacturer Part Number"; Value = ""; VariantName = "[No Variations]"
Add component (AddParameter): Name = "Rating"; Value = ""; VariantName = "[No Variations]"
Added Component: Designator=C144(CAP_0805)
Add component (AddParameter): Name = "Dielectric"; Value = ""; VariantName = "[No Variations]"
Add component (AddParameter): Name = "Distributor Link"; Value = ""; VariantName = "[No Variations]"
Add component (AddParameter): Name = "LCSC"; Value = ""; VariantName = "[No Variations]"
Add component (AddParameter): Name = "Manufacturer"; Value = ""; VariantName = "[No Variations]"
Add component (AddParameter): Name = "Manufacturer Part Number"; Value = ""; VariantName = "[No Variations]"
Add component (AddParameter): Name = "Rating"; Value = ""; VariantName = "[No Variations]"
Added Component: Designator=C145(CAP_0805)
Add component (AddParameter): Name = "Dielectric"; Value = ""; VariantName = "[No Variations]"
Add component (AddParameter): Name = "Distributor Link"; Value = ""; VariantName = "[No Variations]"
Add component (AddParameter): Name = "LCSC"; Value = ""; VariantName = "[No Variations]"
Add component (AddParameter): Name = "Manufacturer"; Value = ""; VariantName = "[No Variations]"
Add component (AddParameter): Name = "Manufacturer Part Number"; Value = ""; VariantName = "[No Variations]"
Add component (AddParameter): Name = "Rating"; Value = ""; VariantName = "[No Variations]"
Added Component: Designator=D19(SOT95P280X145-5N)
Add component (AddParameter): Name = "Datasheet Link"; Value = "http://www.ti.com/lit/gpn/esds312"; VariantName = "[No Variations]"
Add component (AddParameter): Name = "Geometry.Height"; Value = "1.45mm"; VariantName = "[No Variations]"
Add component (AddParameter): Name = "Manufacturer_Name"; Value = "Texas Instruments"; VariantName = "[No Variations]"
Add component (AddParameter): Name = "Manufacturer_Part_Number"; Value = "ESDS312DBVR"; VariantName = "[No Variations]"
Add component (AddParameter): Name = "Mouser Part Number"; Value = "595-ESDS312DBVR"; VariantName = "[No Variations]"
Add component (AddParameter): Name = "Mouser Price/Stock"; Value = "https://www.mouser.co.uk/ProductDetail/Texas-Instruments/ESDS312DBVR?qs=byeeYqUIh0PGNqB7QuJpTA%3D%3D"; VariantName = "[No Variations]"
Added Component: Designator=D20(SOT95P280X145-5N)
Add component (AddParameter): Name = "Datasheet Link"; Value = "http://www.ti.com/lit/gpn/esds312"; VariantName = "[No Variations]"
Add component (AddParameter): Name = "Geometry.Height"; Value = "1.45mm"; VariantName = "[No Variations]"
Add component (AddParameter): Name = "Manufacturer_Name"; Value = "Texas Instruments"; VariantName = "[No Variations]"
Add component (AddParameter): Name = "Manufacturer_Part_Number"; Value = "ESDS312DBVR"; VariantName = "[No Variations]"
Add component (AddParameter): Name = "Mouser Part Number"; Value = "595-ESDS312DBVR"; VariantName = "[No Variations]"
Add component (AddParameter): Name = "Mouser Price/Stock"; Value = "https://www.mouser.co.uk/ProductDetail/Texas-Instruments/ESDS312DBVR?qs=byeeYqUIh0PGNqB7QuJpTA%3D%3D"; VariantName = "[No Variations]"
Added Component: Designator=FB7(FB_0805)
Add component (AddParameter): Name = "Distributor Link"; Value = ""; VariantName = "[No Variations]"
Add component (AddParameter): Name = "LCSC"; Value = ""; VariantName = "[No Variations]"
Add component (AddParameter): Name = "Manufacturer"; Value = ""; VariantName = "[No Variations]"
Add component (AddParameter): Name = "Manufacturer Part Number"; Value = ""; VariantName = "[No Variations]"
Add Component: Footprint Not Found FP-MTLW-102-07-G-S-230-MFG
Added Component: Designator=J11(SI60118F)
Add component (AddParameter): Name = "Datasheet Link"; Value = "https://componentsearchengine.com/Datasheets/1/SI-60118-F.pdf"; VariantName = "[No Variations]"
Add component (AddParameter): Name = "Geometry.Height"; Value = "15.21mm"; VariantName = "[No Variations]"
Add component (AddParameter): Name = "Manufacturer_Name"; Value = "BelFuse"; VariantName = "[No Variations]"
Add component (AddParameter): Name = "Manufacturer_Part_Number"; Value = "SI-60118-F"; VariantName = "[No Variations]"
Add component (AddParameter): Name = "Mouser Part Number"; Value = "530-SI-60118-F"; VariantName = "[No Variations]"
Add component (AddParameter): Name = "Mouser Price/Stock"; Value = "https://www.mouser.com/Search/ProductDetail.aspx?qs=SRYZG9HaIQ1pVFtjOaj56g%3d%3d"; VariantName = "[No Variations]"
Added Component: Designator=R83(RES_0805)
Add component (AddParameter): Name = "Distributor Link"; Value = ""; VariantName = "[No Variations]"
Add component (AddParameter): Name = "LCSC"; Value = ""; VariantName = "[No Variations]"
Add component (AddParameter): Name = "Manufacturer"; Value = ""; VariantName = "[No Variations]"
Add component (AddParameter): Name = "Manufacturer Part Number"; Value = ""; VariantName = "[No Variations]"
Added Component: Designator=R84(RES_0805)
Add component (AddParameter): Name = "Distributor Link"; Value = ""; VariantName = "[No Variations]"
Add component (AddParameter): Name = "LCSC"; Value = ""; VariantName = "[No Variations]"
Add component (AddParameter): Name = "Manufacturer"; Value = ""; VariantName = "[No Variations]"
Add component (AddParameter): Name = "Manufacturer Part Number"; Value = ""; VariantName = "[No Variations]"
Added Component: Designator=R108(RES_0805)
Add component (AddParameter): Name = "Distributor Link"; Value = ""; VariantName = "[No Variations]"
Add component (AddParameter): Name = "LCSC"; Value = ""; VariantName = "[No Variations]"
Add component (AddParameter): Name = "Manufacturer"; Value = ""; VariantName = "[No Variations]"
Add component (AddParameter): Name = "Manufacturer Part Number"; Value = ""; VariantName = "[No Variations]"
Added Component: Designator=R109(RES_0805)
Add component (AddParameter): Name = "Distributor Link"; Value = ""; VariantName = "[No Variations]"
Add component (AddParameter): Name = "LCSC"; Value = ""; VariantName = "[No Variations]"
Add component (AddParameter): Name = "Manufacturer"; Value = ""; VariantName = "[No Variations]"
Add component (AddParameter): Name = "Manufacturer Part Number"; Value = ""; VariantName = "[No Variations]"
Added Component: Designator=R110(RES_0805)
Add component (AddParameter): Name = "Distributor Link"; Value = ""; VariantName = "[No Variations]"
Add component (AddParameter): Name = "LCSC"; Value = ""; VariantName = "[No Variations]"
Add component (AddParameter): Name = "Manufacturer"; Value = ""; VariantName = "[No Variations]"
Add component (AddParameter): Name = "Manufacturer Part Number"; Value = ""; VariantName = "[No Variations]"
Added Component: Designator=R111(RES_0805)
Add component (AddParameter): Name = "Distributor Link"; Value = ""; VariantName = "[No Variations]"
Add component (AddParameter): Name = "LCSC"; Value = ""; VariantName = "[No Variations]"
Add component (AddParameter): Name = "Manufacturer"; Value = ""; VariantName = "[No Variations]"
Add component (AddParameter): Name = "Manufacturer Part Number"; Value = ""; VariantName = "[No Variations]"
Added Component: Designator=R112(RES_0805)
Add component (AddParameter): Name = "Distributor Link"; Value = ""; VariantName = "[No Variations]"
Add component (AddParameter): Name = "LCSC"; Value = ""; VariantName = "[No Variations]"
Add component (AddParameter): Name = "Manufacturer"; Value = ""; VariantName = "[No Variations]"
Add component (AddParameter): Name = "Manufacturer Part Number"; Value = ""; VariantName = "[No Variations]"
Added Component: Designator=R113(RES_0805)
Add component (AddParameter): Name = "Distributor Link"; Value = ""; VariantName = "[No Variations]"
Add component (AddParameter): Name = "LCSC"; Value = ""; VariantName = "[No Variations]"
Add component (AddParameter): Name = "Manufacturer"; Value = ""; VariantName = "[No Variations]"
Add component (AddParameter): Name = "Manufacturer Part Number"; Value = ""; VariantName = "[No Variations]"
Added Component: Designator=R114(RES_0805)
Add component (AddParameter): Name = "Distributor Link"; Value = ""; VariantName = "[No Variations]"
Add component (AddParameter): Name = "LCSC"; Value = ""; VariantName = "[No Variations]"
Add component (AddParameter): Name = "Manufacturer"; Value = ""; VariantName = "[No Variations]"
Add component (AddParameter): Name = "Manufacturer Part Number"; Value = ""; VariantName = "[No Variations]"
Added Component: Designator=R115(RES_0805)
Add component (AddParameter): Name = "Distributor Link"; Value = ""; VariantName = "[No Variations]"
Add component (AddParameter): Name = "LCSC"; Value = ""; VariantName = "[No Variations]"
Add component (AddParameter): Name = "Manufacturer"; Value = ""; VariantName = "[No Variations]"
Add component (AddParameter): Name = "Manufacturer Part Number"; Value = ""; VariantName = "[No Variations]"
Added Component: Designator=R116(RES_0805)
Add component (AddParameter): Name = "Distributor Link"; Value = ""; VariantName = "[No Variations]"
Add component (AddParameter): Name = "LCSC"; Value = ""; VariantName = "[No Variations]"
Add component (AddParameter): Name = "Manufacturer"; Value = ""; VariantName = "[No Variations]"
Add component (AddParameter): Name = "Manufacturer Part Number"; Value = ""; VariantName = "[No Variations]"
Added Component: Designator=R117(RES_0805)
Add component (AddParameter): Name = "Distributor Link"; Value = ""; VariantName = "[No Variations]"
Add component (AddParameter): Name = "LCSC"; Value = ""; VariantName = "[No Variations]"
Add component (AddParameter): Name = "Manufacturer"; Value = ""; VariantName = "[No Variations]"
Add component (AddParameter): Name = "Manufacturer Part Number"; Value = ""; VariantName = "[No Variations]"
Added Component: Designator=R118(RES_0805)
Add component (AddParameter): Name = "Distributor Link"; Value = ""; VariantName = "[No Variations]"
Add component (AddParameter): Name = "LCSC"; Value = ""; VariantName = "[No Variations]"
Add component (AddParameter): Name = "Manufacturer"; Value = ""; VariantName = "[No Variations]"
Add component (AddParameter): Name = "Manufacturer Part Number"; Value = ""; VariantName = "[No Variations]"
Added Component: Designator=R119(RES_0805)
Add component (AddParameter): Name = "Distributor Link"; Value = ""; VariantName = "[No Variations]"
Add component (AddParameter): Name = "LCSC"; Value = ""; VariantName = "[No Variations]"
Add component (AddParameter): Name = "Manufacturer"; Value = ""; VariantName = "[No Variations]"
Add component (AddParameter): Name = "Manufacturer Part Number"; Value = ""; VariantName = "[No Variations]"
Added Component: Designator=R120(RES_0805)
Add component (AddParameter): Name = "Distributor Link"; Value = ""; VariantName = "[No Variations]"
Add component (AddParameter): Name = "LCSC"; Value = ""; VariantName = "[No Variations]"
Add component (AddParameter): Name = "Manufacturer"; Value = ""; VariantName = "[No Variations]"
Add component (AddParameter): Name = "Manufacturer Part Number"; Value = ""; VariantName = "[No Variations]"
Added Component: Designator=R121(RES_0805)
Add component (AddParameter): Name = "Distributor Link"; Value = ""; VariantName = "[No Variations]"
Add component (AddParameter): Name = "LCSC"; Value = ""; VariantName = "[No Variations]"
Add component (AddParameter): Name = "Manufacturer"; Value = ""; VariantName = "[No Variations]"
Add component (AddParameter): Name = "Manufacturer Part Number"; Value = ""; VariantName = "[No Variations]"
Added Component: Designator=R122(RES_0805)
Add component (AddParameter): Name = "Distributor Link"; Value = ""; VariantName = "[No Variations]"
Add component (AddParameter): Name = "LCSC"; Value = ""; VariantName = "[No Variations]"
Add component (AddParameter): Name = "Manufacturer"; Value = ""; VariantName = "[No Variations]"
Add component (AddParameter): Name = "Manufacturer Part Number"; Value = ""; VariantName = "[No Variations]"
Added Component: Designator=R123(RES_0805)
Add component (AddParameter): Name = "Distributor Link"; Value = ""; VariantName = "[No Variations]"
Add component (AddParameter): Name = "LCSC"; Value = ""; VariantName = "[No Variations]"
Add component (AddParameter): Name = "Manufacturer"; Value = ""; VariantName = "[No Variations]"
Add component (AddParameter): Name = "Manufacturer Part Number"; Value = ""; VariantName = "[No Variations]"
Added Component: Designator=R124(RES_0805)
Add component (AddParameter): Name = "Distributor Link"; Value = ""; VariantName = "[No Variations]"
Add component (AddParameter): Name = "LCSC"; Value = ""; VariantName = "[No Variations]"
Add component (AddParameter): Name = "Manufacturer"; Value = ""; VariantName = "[No Variations]"
Add component (AddParameter): Name = "Manufacturer Part Number"; Value = ""; VariantName = "[No Variations]"
Added Component: Designator=R125(RES_0805)
Add component (AddParameter): Name = "Distributor Link"; Value = ""; VariantName = "[No Variations]"
Add component (AddParameter): Name = "LCSC"; Value = ""; VariantName = "[No Variations]"
Add component (AddParameter): Name = "Manufacturer"; Value = ""; VariantName = "[No Variations]"
Add component (AddParameter): Name = "Manufacturer Part Number"; Value = ""; VariantName = "[No Variations]"
Added Component: Designator=R126(RES_0805)
Add component (AddParameter): Name = "Distributor Link"; Value = ""; VariantName = "[No Variations]"
Add component (AddParameter): Name = "LCSC"; Value = ""; VariantName = "[No Variations]"
Add component (AddParameter): Name = "Manufacturer"; Value = ""; VariantName = "[No Variations]"
Add component (AddParameter): Name = "Manufacturer Part Number"; Value = ""; VariantName = "[No Variations]"
Added Component: Designator=R127(RES_0805)
Add component (AddParameter): Name = "Distributor Link"; Value = ""; VariantName = "[No Variations]"
Add component (AddParameter): Name = "LCSC"; Value = ""; VariantName = "[No Variations]"
Add component (AddParameter): Name = "Manufacturer"; Value = ""; VariantName = "[No Variations]"
Add component (AddParameter): Name = "Manufacturer Part Number"; Value = ""; VariantName = "[No Variations]"
Added Component: Designator=R128(RES_0805)
Add component (AddParameter): Name = "Distributor Link"; Value = ""; VariantName = "[No Variations]"
Add component (AddParameter): Name = "LCSC"; Value = ""; VariantName = "[No Variations]"
Add component (AddParameter): Name = "Manufacturer"; Value = ""; VariantName = "[No Variations]"
Add component (AddParameter): Name = "Manufacturer Part Number"; Value = ""; VariantName = "[No Variations]"
Added Component: Designator=R129(RES_0805)
Add component (AddParameter): Name = "Distributor Link"; Value = ""; VariantName = "[No Variations]"
Add component (AddParameter): Name = "LCSC"; Value = ""; VariantName = "[No Variations]"
Add component (AddParameter): Name = "Manufacturer"; Value = ""; VariantName = "[No Variations]"
Add component (AddParameter): Name = "Manufacturer Part Number"; Value = ""; VariantName = "[No Variations]"
Added Component: Designator=R130(RES_0805)
Add component (AddParameter): Name = "Distributor Link"; Value = ""; VariantName = "[No Variations]"
Add component (AddParameter): Name = "LCSC"; Value = ""; VariantName = "[No Variations]"
Add component (AddParameter): Name = "Manufacturer"; Value = ""; VariantName = "[No Variations]"
Add component (AddParameter): Name = "Manufacturer Part Number"; Value = ""; VariantName = "[No Variations]"
Added Component: Designator=R131(RES_0805)
Add component (AddParameter): Name = "Distributor Link"; Value = ""; VariantName = "[No Variations]"
Add component (AddParameter): Name = "LCSC"; Value = ""; VariantName = "[No Variations]"
Add component (AddParameter): Name = "Manufacturer"; Value = ""; VariantName = "[No Variations]"
Add component (AddParameter): Name = "Manufacturer Part Number"; Value = ""; VariantName = "[No Variations]"
Added Component: Designator=R132(RES_0805)
Add component (AddParameter): Name = "Distributor Link"; Value = ""; VariantName = "[No Variations]"
Add component (AddParameter): Name = "LCSC"; Value = ""; VariantName = "[No Variations]"
Add component (AddParameter): Name = "Manufacturer"; Value = ""; VariantName = "[No Variations]"
Add component (AddParameter): Name = "Manufacturer Part Number"; Value = ""; VariantName = "[No Variations]"
Added Component: Designator=R133(RES_0805)
Add component (AddParameter): Name = "Distributor Link"; Value = ""; VariantName = "[No Variations]"
Add component (AddParameter): Name = "LCSC"; Value = ""; VariantName = "[No Variations]"
Add component (AddParameter): Name = "Manufacturer"; Value = ""; VariantName = "[No Variations]"
Add component (AddParameter): Name = "Manufacturer Part Number"; Value = ""; VariantName = "[No Variations]"
Added Component: Designator=R134(RES_0805)
Add component (AddParameter): Name = "Distributor Link"; Value = ""; VariantName = "[No Variations]"
Add component (AddParameter): Name = "LCSC"; Value = ""; VariantName = "[No Variations]"
Add component (AddParameter): Name = "Manufacturer"; Value = ""; VariantName = "[No Variations]"
Add component (AddParameter): Name = "Manufacturer Part Number"; Value = ""; VariantName = "[No Variations]"
Added Component: Designator=R135(RES_0805)
Add component (AddParameter): Name = "Distributor Link"; Value = ""; VariantName = "[No Variations]"
Add component (AddParameter): Name = "LCSC"; Value = ""; VariantName = "[No Variations]"
Add component (AddParameter): Name = "Manufacturer"; Value = ""; VariantName = "[No Variations]"
Add component (AddParameter): Name = "Manufacturer Part Number"; Value = ""; VariantName = "[No Variations]"
Added Component: Designator=Y2(ASE24576MHZLCT)
Add component (AddParameter): Name = "Arrow Part Number"; Value = "ASE-25.000MHZ-LC-T"; VariantName = "[No Variations]"
Add component (AddParameter): Name = "Arrow Price/Stock"; Value = "https://www.arrow.com/en/products/ase-25.000mhz-lc-t/abracon?utm_currency=USD&region=nac"; VariantName = "[No Variations]"
Add component (AddParameter): Name = "Datasheet Link"; Value = "https://abracon.com/Oscillators/ASEseries.pdf"; VariantName = "[No Variations]"
Add component (AddParameter): Name = "Height"; Value = "1.2mm"; VariantName = "[No Variations]"
Add component (AddParameter): Name = "Manufacturer_Name"; Value = "ABRACON"; VariantName = "[No Variations]"
Add component (AddParameter): Name = "Manufacturer_Part_Number"; Value = "ASE-25.000MHZ-LC-T"; VariantName = "[No Variations]"
Add component (AddParameter): Name = "Mouser Part Number"; Value = "815-ASE25.000MHZLCT"; VariantName = "[No Variations]"
Add component (AddParameter): Name = "Mouser Price/Stock"; Value = "https://www.mouser.co.uk/ProductDetail/ABRACON/ASE-25.000MHZ-LC-T?qs=ShQ8XZQtgRuW6p4KtHOZPQ%3D%3D"; VariantName = "[No Variations]"
Added Pin To Net: NetName=GND Pin=B13-3
Added Pin To Net: NetName=GND Pin=B13-9
Added Pin To Net: NetName=GND Pin=B13-14
Added Pin To Net: NetName=GND Pin=B13-16
Added Pin To Net: NetName=GND Pin=B13-19
Added Pin To Net: NetName=GND Pin=B13-23
Added Pin To Net: NetName=+3V3 Pin=B13-28
Added Pin To Net: NetName=GND Pin=B13-29
Added Pin To Net: NetName=MCU_GPIO29 Pin=B13-32
Added Pin To Net: NetName=MCU_GPIO2 Pin=B13-33
Added Pin To Net: NetName=MCU_GPIO4 Pin=B13-34
Added Pin To Net: NetName=MCU_GPIO3 Pin=B13-35
Added Pin To Net: NetName=GND Pin=B13-48
Added Pin To Net: NetName=GND Pin=C127-1
Added Pin To Net: NetName=GND Pin=C128-2
Added Pin To Net: NetName=GND Pin=C131-1
Added Pin To Net: NetName=GND Pin=C132-1
Added Pin To Net: NetName=GND Pin=C133-1
Added Pin To Net: NetName=GND Pin=C134-1
Added Pin To Net: NetName=+3V3 Pin=C134-2
Added Pin To Net: NetName=GND Pin=C135-1
Added Pin To Net: NetName=GND Pin=C136-1
Added Pin To Net: NetName=GND Pin=C137-1
Added Pin To Net: NetName=GND Pin=C138-1
Added Pin To Net: NetName=GND Pin=C139-1
Added Pin To Net: NetName=GND Pin=C140-1
Added Pin To Net: NetName=GND Pin=C141-1
Added Pin To Net: NetName=GND Pin=C142-1
Added Pin To Net: NetName=+3V3 Pin=C142-2
Added Pin To Net: NetName=GND Pin=C143-1
Added Pin To Net: NetName=+3V3 Pin=C143-2
Added Pin To Net: NetName=GND Pin=C144-1
Added Pin To Net: NetName=GND Pin=C145-1
Added Pin To Net: NetName=GND Pin=D19-2
Added Pin To Net: NetName=GND Pin=D20-2
Added Pin To Net: NetName=+3V3 Pin=FB7-1
Add Pin To Net: Unknown Pin: Pin J10-2
Added Pin To Net: NetName=+3V3 Pin=J11-9
Added Pin To Net: NetName=+3V3 Pin=J11-11
Added Pin To Net: NetName=MCU_GPIO25 Pin=R9-1
Added Pin To Net: NetName=INTA Pin=R83-1
Added Pin To Net: NetName=+3V3 Pin=R83-2
Added Pin To Net: NetName=INTB Pin=R84-1
Added Pin To Net: NetName=+3V3 Pin=R84-2
Added Pin To Net: NetName=+3V3 Pin=R108-1
Added Pin To Net: NetName=GND Pin=R109-1
Added Pin To Net: NetName=GND Pin=R110-1
Added Pin To Net: NetName=GND Pin=R111-1
Added Pin To Net: NetName=GND Pin=R112-1
Added Pin To Net: NetName=GND Pin=R113-1
Added Pin To Net: NetName=+3V3 Pin=R114-1
Added Pin To Net: NetName=+3V3 Pin=R115-2
Added Pin To Net: NetName=+3V3 Pin=R116-2
Added Pin To Net: NetName=+3V3 Pin=R117-2
Added Pin To Net: NetName=+3V3 Pin=R118-2
Added Pin To Net: NetName=+3V3 Pin=R119-2
Added Pin To Net: NetName=+3V3 Pin=R122-1
Added Pin To Net: NetName=MCU_GPIO29 Pin=R122-2
Added Pin To Net: NetName=+3V3 Pin=R123-1
Added Pin To Net: NetName=GND Pin=R132-1
Added Pin To Net: NetName=GND Pin=R134-1
Added Pin To Net: NetName=+3V3 Pin=R135-1
Added Pin To Net: NetName=GND Pin=Y2-2
Added Pin To Net: NetName=+3V3 Pin=Y2-4
Change Net Name : Old Net Name=NetB13_11 New Net Name=NetB6_Atenuador_Digital_Pasos1_11
Change Net Name : Old Net Name=NetB13_12 New Net Name=NetB6_Atenuador_Digital_Pasos1_12
Change Net Name : Old Net Name=NetB14_11 New Net Name=NetB6_Atenuador_Digital_Pasos2_11
Change Net Name : Old Net Name=NetB14_12 New Net Name=NetB6_Atenuador_Digital_Pasos2_12
Change Net Name : Old Net Name=NetB16_25 New Net Name=NetB3_DDS1_25
Change Net Name : Old Net Name=NetB17_25 New Net Name=NetB3_DDS2_25
Change Net Name : Old Net Name=NetB17_32 New Net Name=NetB3_DDS2_32
Change Net Name : Old Net Name=NetB18_10 New Net Name=NetB12_10
Change Net Name : Old Net Name=NetC69_1 New Net Name=NetC2_1
Change Net Name : Old Net Name=NetC171_2 New Net Name=NetC118_2
Change Net Name : Old Net Name=NetC173_2 New Net Name=NetC120_2
Change Net Name : Old Net Name=NetD5_A New Net Name=NetD13_A
Change Net Name : Old Net Name=NetD6_A New Net Name=NetD14_A
Change Net Name : Old Net Name=NetD7_A New Net Name=NetD15_A
Change Net Name : Old Net Name=NetD8_K New Net Name=NetD16_K
Change Net Name : Old Net Name=NetD9_K New Net Name=NetD17_K
Change Net Name : Old Net Name=NetD11_2 New Net Name=NetD7_2
Change Net Name : Old Net Name=NetD12_2 New Net Name=NetD8_2
Change Net Name : Old Net Name=NetD13_A New Net Name=NetD1_A
Change Net Name : Old Net Name=NetD14_A New Net Name=NetD2_A
Change Net Name : Old Net Name=NetR126_1 New Net Name=NetR92_1
Change Net Name : Old Net Name=NetR128_1 New Net Name=NetR94_1
Change Net Name : Old Net Name=NetR130_1 New Net Name=NetR96_1
Change Net Name : Old Net Name=NetR132_1 New Net Name=NetR98_1
Change Net Name : Old Net Name=NetR134_1 New Net Name=NetR100_1
Change Net Name : Old Net Name=NetR135_1 New Net Name=NetR101_1
Change Net Name : Old Net Name=NetR136_1 New Net Name=NetR102_1
Change Net Name : Old Net Name=NetR137_1 New Net Name=NetR103_1
Added Pin To Net: NetName=1V2O Pin=B13-22
Added Pin To Net: NetName=1V2O Pin=C144-2
Added Net: Name=1V2O
Added Pin To Net: NetName=ACT_LED_K Pin=R120-2
Added Pin To Net: NetName=ACT_LED_K Pin=R131-1
Added Net: Name=ACT_LED_K
Added Pin To Net: NetName=ACT_LED Pin=B13-27
Added Pin To Net: NetName=ACT_LED Pin=R131-2
Added Net: Name=ACT_LED
Added Pin To Net: NetName=AVDD Pin=B13-4
Added Pin To Net: NetName=AVDD Pin=B13-8
Added Pin To Net: NetName=AVDD Pin=B13-11
Added Pin To Net: NetName=AVDD Pin=B13-15
Added Pin To Net: NetName=AVDD Pin=B13-17
Added Pin To Net: NetName=AVDD Pin=B13-21
Added Pin To Net: NetName=AVDD Pin=C135-2
Added Pin To Net: NetName=AVDD Pin=C136-2
Added Pin To Net: NetName=AVDD Pin=C137-2
Added Pin To Net: NetName=AVDD Pin=C138-2
Added Pin To Net: NetName=AVDD Pin=C139-2
Added Pin To Net: NetName=AVDD Pin=C140-2
Added Pin To Net: NetName=AVDD Pin=C141-2
Added Pin To Net: NetName=AVDD Pin=FB7-2
Added Net: Name=AVDD
Added Pin To Net: NetName=CLKIN Pin=B13-30
Added Pin To Net: NetName=CLKIN Pin=C133-2
Added Pin To Net: NetName=CLKIN Pin=Y2-3
Added Net: Name=CLKIN
Added Pin To Net: NetName=EARTH Pin=J11-MH1
Added Pin To Net: NetName=EARTH Pin=J11-MH2
Added Pin To Net: NetName=EARTH Pin=R130-2
Added Net: Name=EARTH
Added Pin To Net: NetName=ETH_INTN Pin=B13-36
Added Pin To Net: NetName=ETH_INTN Pin=R9-2
Added Pin To Net: NetName=ETH_INTN Pin=R123-2
Added Net: Name=ETH_INTN
Added Pin To Net: NetName=LINK_LED_K Pin=R121-2
Added Pin To Net: NetName=LINK_LED_K Pin=R133-1
Added Net: Name=LINK_LED_K
Added Pin To Net: NetName=LINK_LED Pin=B13-25
Added Pin To Net: NetName=LINK_LED Pin=R133-2
Added Net: Name=LINK_LED
Added Pin To Net: NetName=NetB13_10 Pin=B13-10
Added Pin To Net: NetName=NetB13_10 Pin=R132-2
Added Net: Name=NetB13_10
Added Pin To Net: NetName=NetC128_1 Pin=C128-1
Added Pin To Net: NetName=NetC128_1 Pin=J11-2
Added Pin To Net: NetName=NetC128_1 Pin=R118-1
Added Net: Name=NetC128_1
Added Pin To Net: NetName=NetC131_2 Pin=C131-2
Added Pin To Net: NetName=NetC131_2 Pin=R130-1
Added Net: Name=NetC131_2
Added Pin To Net: NetName=NetJ11_10 Pin=J11-10
Added Pin To Net: NetName=NetJ11_10 Pin=R120-1
Added Net: Name=NetJ11_10
Added Pin To Net: NetName=NetJ11_12 Pin=J11-12
Added Pin To Net: NetName=NetJ11_12 Pin=R121-1
Added Net: Name=NetJ11_12
Added Pin To Net: NetName=NetR134_2 Pin=R134-2
Added Pin To Net: NetName=NetR134_2 Pin=R135-2
Added Pin To Net: NetName=NetR134_2 Pin=Y2-1
Added Net: Name=NetR134_2
Added Pin To Net: NetName=PMODE0 Pin=B13-45
Added Pin To Net: NetName=PMODE0 Pin=R116-1
Added Net: Name=PMODE0
Added Pin To Net: NetName=PMODE1 Pin=B13-44
Added Pin To Net: NetName=PMODE1 Pin=R115-1
Added Net: Name=PMODE1
Added Pin To Net: NetName=PMODE2 Pin=B13-43
Added Pin To Net: NetName=PMODE2 Pin=R114-2
Added Net: Name=PMODE2
Added Pin To Net: NetName=RCT Pin=C132-2
Added Pin To Net: NetName=RCT Pin=J11-5
Added Pin To Net: NetName=RCT Pin=R126-1
Added Pin To Net: NetName=RCT Pin=R127-1
Added Net: Name=RCT
Added Pin To Net: NetName=RD_N Pin=C130-2
Added Pin To Net: NetName=RD_N Pin=J11-6
Added Net: Name=RD_N
Added Pin To Net: NetName=RD_P Pin=C129-2
Added Pin To Net: NetName=RD_P Pin=J11-4
Added Net: Name=RD_P
Added Pin To Net: NetName=RSTN Pin=B13-37
Added Pin To Net: NetName=RSTN Pin=C127-2
Added Pin To Net: NetName=RSTN Pin=R108-2
Added Net: Name=RSTN
Added Pin To Net: NetName=RSVD_2 Pin=B13-38
Added Pin To Net: NetName=RSVD_2 Pin=R109-2
Added Net: Name=RSVD_2
Added Pin To Net: NetName=RSVD_3 Pin=B13-39
Added Pin To Net: NetName=RSVD_3 Pin=R110-2
Added Net: Name=RSVD_3
Added Pin To Net: NetName=RSVD_4 Pin=B13-40
Added Pin To Net: NetName=RSVD_4 Pin=R111-2
Added Net: Name=RSVD_4
Added Pin To Net: NetName=RSVD_5 Pin=B13-41
Added Pin To Net: NetName=RSVD_5 Pin=R112-2
Added Net: Name=RSVD_5
Added Pin To Net: NetName=RSVD_6 Pin=B13-42
Added Pin To Net: NetName=RSVD_6 Pin=R113-2
Added Net: Name=RSVD_6
Added Pin To Net: NetName=RX_N Pin=B13-5
Added Pin To Net: NetName=RX_N Pin=R128-2
Added Net: Name=RX_N
Added Pin To Net: NetName=RX_P Pin=B13-6
Added Pin To Net: NetName=RX_P Pin=R129-2
Added Net: Name=RX_P
Added Pin To Net: NetName=RX_TF_N Pin=C130-1
Added Pin To Net: NetName=RX_TF_N Pin=D20-1
Added Pin To Net: NetName=RX_TF_N Pin=D20-4
Added Pin To Net: NetName=RX_TF_N Pin=R127-2
Added Pin To Net: NetName=RX_TF_N Pin=R128-1
Added Net: Name=RX_TF_N
Added Pin To Net: NetName=RX_TF_P Pin=C129-1
Added Pin To Net: NetName=RX_TF_P Pin=D20-3
Added Pin To Net: NetName=RX_TF_P Pin=D20-5
Added Pin To Net: NetName=RX_TF_P Pin=R126-2
Added Pin To Net: NetName=RX_TF_P Pin=R129-1
Added Net: Name=RX_TF_P
Added Pin To Net: NetName=TOCAP Pin=B13-20
Added Pin To Net: NetName=TOCAP Pin=C145-2
Added Net: Name=TOCAP
Added Pin To Net: NetName=TX_N Pin=B13-1
Added Pin To Net: NetName=TX_N Pin=R124-2
Added Net: Name=TX_N
Added Pin To Net: NetName=TX_P Pin=B13-2
Added Pin To Net: NetName=TX_P Pin=R125-2
Added Net: Name=TX_P
Added Pin To Net: NetName=TX_TF_N Pin=D19-1
Added Pin To Net: NetName=TX_TF_N Pin=D19-4
Added Pin To Net: NetName=TX_TF_N Pin=J11-3
Added Pin To Net: NetName=TX_TF_N Pin=R119-1
Added Pin To Net: NetName=TX_TF_N Pin=R124-1
Added Net: Name=TX_TF_N
Added Pin To Net: NetName=TX_TF_P Pin=D19-3
Added Pin To Net: NetName=TX_TF_P Pin=D19-5
Added Pin To Net: NetName=TX_TF_P Pin=J11-1
Added Pin To Net: NetName=TX_TF_P Pin=R117-1
Added Pin To Net: NetName=TX_TF_P Pin=R125-1
Added Net: Name=TX_TF_P
Change Class Name : Old Net Name=Alimentacion New Net Name=Alimentacion y Filtro
Added Class: Name=Ethernet
Added Differential Pair: Name=RD
Added Differential Pair: Name=RX_TF
Added Differential Pair: Name=RX
Added Differential Pair: Name=TX_TF
Added Differential Pair: Name=TX
Added Member To Class: ClassName=ConexionesPanelFrontal/Perifericos Member=Component R83 10K
Added Member To Class: ClassName=ConexionesPanelFrontal/Perifericos Member=Component R84 10K
Added Rule: Name=Schematic Supply Nets_11
Added Rule: Name=Schematic Supply Nets_16
