Removed Pin From Net: NetName=MCU_GPIO12 Pin=TP24-1
Removed Pin From Net: NetName=MCU_GPIO13 Pin=TP25-1
Removed Pin From Net: NetName=MCU_GPIO3 Pin=TP26-1
Removed Pin From Net: NetName=MCU_GPIO4 Pin=TP27-1
Removed Pin From Net: NetName=MCU_GPIO2 Pin=TP28-1
Removed Pin From Net: NetName=SI5351_CLK0 Pin=TP29-1
Removed Pin From Net: NetName=SI5351_CLK1 Pin=TP30-1
Removed Pin From Net: NetName=DDS_REFIO_CH1 Pin=TP31-1
Removed Pin From Net: NetName=DDS_REFIO_CH2 Pin=TP32-1
Removed Pin From Net: NetName=MCU_GPIO11 Pin=TP33-1
Removed Pin From Net: NetName=MCU_GPIO14 Pin=TP34-1
Removed Pin From Net: NetName=MCU_GPIO15 Pin=TP35-1
Removed Pin From Net: NetName=MCU_GPIO16 Pin=TP36-1
Removed Pin From Net: NetName=MCU_GPIO0 Pin=TP37-1
Change Component Footprint: Designator=TP24 Old Footprint=KSTN-5003 New Footprint=PAD_RND_1MM
Change Component Footprint: Designator=TP25 Old Footprint=KSTN-5003 New Footprint=PAD_RND_1MM
Change Component Footprint: Designator=TP26 Old Footprint=KSTN-5003 New Footprint=PAD_RND_1MM
Change Component Footprint: Designator=TP27 Old Footprint=KSTN-5003 New Footprint=PAD_RND_1MM
Change Component Footprint: Designator=TP28 Old Footprint=KSTN-5003 New Footprint=PAD_RND_1MM
Change Component Footprint: Designator=TP29 Old Footprint=KSTN-5003 New Footprint=PAD_RND_1MM
Change Component Footprint: Designator=TP30 Old Footprint=KSTN-5003 New Footprint=PAD_RND_1MM
Change Component Footprint: Designator=TP31 Old Footprint=KSTN-5003 New Footprint=PAD_RND_1MM
Change Component Footprint: Designator=TP32 Old Footprint=KSTN-5003 New Footprint=PAD_RND_1MM
Change Component Footprint: Designator=TP33 Old Footprint=KSTN-5003 New Footprint=PAD_RND_1MM
Change Component Footprint: Designator=TP34 Old Footprint=KSTN-5003 New Footprint=PAD_RND_1MM
Change Component Footprint: Designator=TP35 Old Footprint=KSTN-5003 New Footprint=PAD_RND_1MM
Change Component Footprint: Designator=TP36 Old Footprint=KSTN-5003 New Footprint=PAD_RND_1MM
Change Component Footprint: Designator=TP37 Old Footprint=KSTN-5003 New Footprint=PAD_RND_1MM
Change Component Footprint: Designator=TP38 Old Footprint=KSTN-5003 New Footprint=PAD_RND_1MM
Change Component Footprint: Designator=TP39 Old Footprint=KSTN-5003 New Footprint=PAD_RND_1MM
Change Component Footprint: Designator=TP40 Old Footprint=KSTN-5003 New Footprint=PAD_RND_1MM
Change Component Footprint: Designator=TP41 Old Footprint=KSTN-5003 New Footprint=PAD_RND_1MM
Change Component Footprint: Designator=TP42 Old Footprint=KSTN-5003 New Footprint=PAD_RND_1MM
Change Component Footprint: Designator=TP43 Old Footprint=KSTN-5003 New Footprint=PAD_RND_1MM
Change Component Footprint: Designator=TP44 Old Footprint=KSTN-5003 New Footprint=PAD_RND_1MM
Change Component Footprint: Designator=TP45 Old Footprint=KSTN-5003 New Footprint=PAD_RND_1MM
Change Component Comment : Designator=TP24 Old Comment=5003 New Comment=TP_NOBOM
Change Component Comment : Designator=TP25 Old Comment=5003 New Comment=TP_NOBOM
Change Component Comment : Designator=TP26 Old Comment=5003 New Comment=TP_NOBOM
Change Component Comment : Designator=TP27 Old Comment=5003 New Comment=TP_NOBOM
Change Component Comment : Designator=TP28 Old Comment=5003 New Comment=TP_NOBOM
Change Component Comment : Designator=TP29 Old Comment=5003 New Comment=TP_NOBOM
Change Component Comment : Designator=TP30 Old Comment=5003 New Comment=TP_NOBOM
Change Component Comment : Designator=TP31 Old Comment=5003 New Comment=TP_NOBOM
Change Component Comment : Designator=TP32 Old Comment=5003 New Comment=TP_NOBOM
Change Component Comment : Designator=TP33 Old Comment=5003 New Comment=TP_NOBOM
Change Component Comment : Designator=TP34 Old Comment=5003 New Comment=TP_NOBOM
Change Component Comment : Designator=TP35 Old Comment=5003 New Comment=TP_NOBOM
Change Component Comment : Designator=TP36 Old Comment=5003 New Comment=TP_NOBOM
Change Component Comment : Designator=TP37 Old Comment=5003 New Comment=TP_NOBOM
Change Component Comment : Designator=TP38 Old Comment=5003 New Comment=TP_NOBOM
Change Component Comment : Designator=TP39 Old Comment=5003 New Comment=TP_NOBOM
Change Component Comment : Designator=TP40 Old Comment=5003 New Comment=TP_NOBOM
Change Component Comment : Designator=TP41 Old Comment=5003 New Comment=TP_NOBOM
Change Component Comment : Designator=TP42 Old Comment=5003 New Comment=TP_NOBOM
Change Component Comment : Designator=TP43 Old Comment=5003 New Comment=TP_NOBOM
Change Component Comment : Designator=TP44 Old Comment=5003 New Comment=TP_NOBOM
Change Component Comment : Designator=TP45 Old Comment=5003 New Comment=TP_NOBOM
Change Component Designator: OldDesignator=D11 NewDesignator=D13
Change Component Designator: OldDesignator=D12 NewDesignator=D14
Change Component Designator: OldDesignator=D13 NewDesignator=D15
Change Component Designator: OldDesignator=D14 NewDesignator=D16
Change Component Designator: OldDesignator=D15 NewDesignator=D17
Change Component Designator: OldDesignator=D16 NewDesignator=D18
Change Component Designator: OldDesignator=D17 NewDesignator=D11
Change Component Designator: OldDesignator=D18 NewDesignator=D12
Change Component Kind : Designator=TP45 Old Kind=Standard New Kind=Standard (No BOM)
Change Component Kind : Designator=TP44 Old Kind=Standard New Kind=Standard (No BOM)
Change Component Kind : Designator=TP43 Old Kind=Standard New Kind=Standard (No BOM)
Change Component Kind : Designator=TP42 Old Kind=Standard New Kind=Standard (No BOM)
Change Component Kind : Designator=TP41 Old Kind=Standard New Kind=Standard (No BOM)
Change Component Kind : Designator=TP40 Old Kind=Standard New Kind=Standard (No BOM)
Change Component Kind : Designator=TP39 Old Kind=Standard New Kind=Standard (No BOM)
Change Component Kind : Designator=TP38 Old Kind=Standard New Kind=Standard (No BOM)
Change Component Kind : Designator=TP37 Old Kind=Standard New Kind=Standard (No BOM)
Change Component Kind : Designator=TP36 Old Kind=Standard New Kind=Standard (No BOM)
Change Component Kind : Designator=TP35 Old Kind=Standard New Kind=Standard (No BOM)
Change Component Kind : Designator=TP34 Old Kind=Standard New Kind=Standard (No BOM)
Change Component Kind : Designator=TP33 Old Kind=Standard New Kind=Standard (No BOM)
Change Component Kind : Designator=TP32 Old Kind=Standard New Kind=Standard (No BOM)
Change Component Kind : Designator=TP31 Old Kind=Standard New Kind=Standard (No BOM)
Change Component Kind : Designator=TP30 Old Kind=Standard New Kind=Standard (No BOM)
Change Component Kind : Designator=TP29 Old Kind=Standard New Kind=Standard (No BOM)
Change Component Kind : Designator=TP28 Old Kind=Standard New Kind=Standard (No BOM)
Change Component Kind : Designator=TP27 Old Kind=Standard New Kind=Standard (No BOM)
Change Component Kind : Designator=TP26 Old Kind=Standard New Kind=Standard (No BOM)
Change Component Kind : Designator=TP25 Old Kind=Standard New Kind=Standard (No BOM)
Change Component Kind : Designator=TP24 Old Kind=Standard New Kind=Standard (No BOM)
Change Managed Component Library Link : Designator=TP24 Old VaultGUID=B7D15EC3-160A-466F-A46C-7801FE6295A7 New VaultGUID= Old ItemGUID=624F7DBD-3812-4FF2-BD87-C8427B7B2ABA New ItemGUID= Old RevisionGUID=EBADE364-504F-4F75-ABA7-3C197908D269 New RevisionGUID=
Change Managed Component Library Link : Designator=TP25 Old VaultGUID=B7D15EC3-160A-466F-A46C-7801FE6295A7 New VaultGUID= Old ItemGUID=624F7DBD-3812-4FF2-BD87-C8427B7B2ABA New ItemGUID= Old RevisionGUID=EBADE364-504F-4F75-ABA7-3C197908D269 New RevisionGUID=
Change Managed Component Library Link : Designator=TP26 Old VaultGUID=B7D15EC3-160A-466F-A46C-7801FE6295A7 New VaultGUID= Old ItemGUID=624F7DBD-3812-4FF2-BD87-C8427B7B2ABA New ItemGUID= Old RevisionGUID=EBADE364-504F-4F75-ABA7-3C197908D269 New RevisionGUID=
Change Managed Component Library Link : Designator=TP27 Old VaultGUID=B7D15EC3-160A-466F-A46C-7801FE6295A7 New VaultGUID= Old ItemGUID=624F7DBD-3812-4FF2-BD87-C8427B7B2ABA New ItemGUID= Old RevisionGUID=EBADE364-504F-4F75-ABA7-3C197908D269 New RevisionGUID=
Change Managed Component Library Link : Designator=TP28 Old VaultGUID=B7D15EC3-160A-466F-A46C-7801FE6295A7 New VaultGUID= Old ItemGUID=624F7DBD-3812-4FF2-BD87-C8427B7B2ABA New ItemGUID= Old RevisionGUID=EBADE364-504F-4F75-ABA7-3C197908D269 New RevisionGUID=
Change Managed Component Library Link : Designator=TP29 Old VaultGUID=B7D15EC3-160A-466F-A46C-7801FE6295A7 New VaultGUID= Old ItemGUID=624F7DBD-3812-4FF2-BD87-C8427B7B2ABA New ItemGUID= Old RevisionGUID=EBADE364-504F-4F75-ABA7-3C197908D269 New RevisionGUID=
Change Managed Component Library Link : Designator=TP30 Old VaultGUID=B7D15EC3-160A-466F-A46C-7801FE6295A7 New VaultGUID= Old ItemGUID=624F7DBD-3812-4FF2-BD87-C8427B7B2ABA New ItemGUID= Old RevisionGUID=EBADE364-504F-4F75-ABA7-3C197908D269 New RevisionGUID=
Change Managed Component Library Link : Designator=TP31 Old VaultGUID=B7D15EC3-160A-466F-A46C-7801FE6295A7 New VaultGUID= Old ItemGUID=624F7DBD-3812-4FF2-BD87-C8427B7B2ABA New ItemGUID= Old RevisionGUID=EBADE364-504F-4F75-ABA7-3C197908D269 New RevisionGUID=
Change Managed Component Library Link : Designator=TP32 Old VaultGUID=B7D15EC3-160A-466F-A46C-7801FE6295A7 New VaultGUID= Old ItemGUID=624F7DBD-3812-4FF2-BD87-C8427B7B2ABA New ItemGUID= Old RevisionGUID=EBADE364-504F-4F75-ABA7-3C197908D269 New RevisionGUID=
Change Managed Component Library Link : Designator=TP33 Old VaultGUID=B7D15EC3-160A-466F-A46C-7801FE6295A7 New VaultGUID= Old ItemGUID=624F7DBD-3812-4FF2-BD87-C8427B7B2ABA New ItemGUID= Old RevisionGUID=EBADE364-504F-4F75-ABA7-3C197908D269 New RevisionGUID=
Change Managed Component Library Link : Designator=TP34 Old VaultGUID=B7D15EC3-160A-466F-A46C-7801FE6295A7 New VaultGUID= Old ItemGUID=624F7DBD-3812-4FF2-BD87-C8427B7B2ABA New ItemGUID= Old RevisionGUID=EBADE364-504F-4F75-ABA7-3C197908D269 New RevisionGUID=
Change Managed Component Library Link : Designator=TP35 Old VaultGUID=B7D15EC3-160A-466F-A46C-7801FE6295A7 New VaultGUID= Old ItemGUID=624F7DBD-3812-4FF2-BD87-C8427B7B2ABA New ItemGUID= Old RevisionGUID=EBADE364-504F-4F75-ABA7-3C197908D269 New RevisionGUID=
Change Managed Component Library Link : Designator=TP36 Old VaultGUID=B7D15EC3-160A-466F-A46C-7801FE6295A7 New VaultGUID= Old ItemGUID=624F7DBD-3812-4FF2-BD87-C8427B7B2ABA New ItemGUID= Old RevisionGUID=EBADE364-504F-4F75-ABA7-3C197908D269 New RevisionGUID=
Change Managed Component Library Link : Designator=TP37 Old VaultGUID=B7D15EC3-160A-466F-A46C-7801FE6295A7 New VaultGUID= Old ItemGUID=624F7DBD-3812-4FF2-BD87-C8427B7B2ABA New ItemGUID= Old RevisionGUID=EBADE364-504F-4F75-ABA7-3C197908D269 New RevisionGUID=
Change Managed Component Library Link : Designator=TP38 Old VaultGUID=B7D15EC3-160A-466F-A46C-7801FE6295A7 New VaultGUID= Old ItemGUID=624F7DBD-3812-4FF2-BD87-C8427B7B2ABA New ItemGUID= Old RevisionGUID=EBADE364-504F-4F75-ABA7-3C197908D269 New RevisionGUID=
Change Managed Component Library Link : Designator=TP39 Old VaultGUID=B7D15EC3-160A-466F-A46C-7801FE6295A7 New VaultGUID= Old ItemGUID=624F7DBD-3812-4FF2-BD87-C8427B7B2ABA New ItemGUID= Old RevisionGUID=EBADE364-504F-4F75-ABA7-3C197908D269 New RevisionGUID=
Change Managed Component Library Link : Designator=TP40 Old VaultGUID=B7D15EC3-160A-466F-A46C-7801FE6295A7 New VaultGUID= Old ItemGUID=624F7DBD-3812-4FF2-BD87-C8427B7B2ABA New ItemGUID= Old RevisionGUID=EBADE364-504F-4F75-ABA7-3C197908D269 New RevisionGUID=
Change Managed Component Library Link : Designator=TP41 Old VaultGUID=B7D15EC3-160A-466F-A46C-7801FE6295A7 New VaultGUID= Old ItemGUID=624F7DBD-3812-4FF2-BD87-C8427B7B2ABA New ItemGUID= Old RevisionGUID=EBADE364-504F-4F75-ABA7-3C197908D269 New RevisionGUID=
Change Managed Component Library Link : Designator=TP42 Old VaultGUID=B7D15EC3-160A-466F-A46C-7801FE6295A7 New VaultGUID= Old ItemGUID=624F7DBD-3812-4FF2-BD87-C8427B7B2ABA New ItemGUID= Old RevisionGUID=EBADE364-504F-4F75-ABA7-3C197908D269 New RevisionGUID=
Change Managed Component Library Link : Designator=TP43 Old VaultGUID=B7D15EC3-160A-466F-A46C-7801FE6295A7 New VaultGUID= Old ItemGUID=624F7DBD-3812-4FF2-BD87-C8427B7B2ABA New ItemGUID= Old RevisionGUID=EBADE364-504F-4F75-ABA7-3C197908D269 New RevisionGUID=
Change Managed Component Library Link : Designator=TP44 Old VaultGUID=B7D15EC3-160A-466F-A46C-7801FE6295A7 New VaultGUID= Old ItemGUID=624F7DBD-3812-4FF2-BD87-C8427B7B2ABA New ItemGUID= Old RevisionGUID=EBADE364-504F-4F75-ABA7-3C197908D269 New RevisionGUID=
Change Managed Component Library Link : Designator=TP45 Old VaultGUID=B7D15EC3-160A-466F-A46C-7801FE6295A7 New VaultGUID= Old ItemGUID=624F7DBD-3812-4FF2-BD87-C8427B7B2ABA New ItemGUID= Old RevisionGUID=EBADE364-504F-4F75-ABA7-3C197908D269 New RevisionGUID=
Change component parameters: Designator = "TP24" ("TP1"); Footprint = "KSTN-5003"; UniqueID = "\JXPKRXRZ" ("\JXPKRXRZ")
Change component parameters: Designator = "TP25" ("TP2"); Footprint = "KSTN-5003"; UniqueID = "\UOPNZDRX" ("\UOPNZDRX")
Change component parameters: Designator = "TP26" ("TP3"); Footprint = "KSTN-5003"; UniqueID = "\PYTKACUT" ("\PYTKACUT")
Change component parameters: Designator = "TP27" ("TP4"); Footprint = "KSTN-5003"; UniqueID = "\AKRNKOID" ("\AKRNKOID")
Change component parameters: Designator = "TP28" ("TP5"); Footprint = "KSTN-5003"; UniqueID = "\XVKREEJJ" ("\XVKREEJJ")
Change component parameters: Designator = "TP29" ("TP6"); Footprint = "KSTN-5003"; UniqueID = "\GMDQMTDY" ("\GMDQMTDY")
Change component parameters: Designator = "TP30" ("TP7"); Footprint = "KSTN-5003"; UniqueID = "\JNBPXYSU" ("\JNBPXYSU")
Change component parameters: Designator = "TP31" ("TP8"); Footprint = "KSTN-5003"; UniqueID = "\WVEVMBRV" ("\WVEVMBRV")
Change component parameters: Designator = "TP32" ("TP9"); Footprint = "KSTN-5003"; UniqueID = "\ANALGEDG" ("\ANALGEDG")
Change component parameters: Designator = "TP33" ("TP10"); Footprint = "KSTN-5003"; UniqueID = "\DPQTDFQE" ("\DPQTDFQE")
Change component parameters: Designator = "TP34" ("TP11"); Footprint = "KSTN-5003"; UniqueID = "\CECLREXF" ("\CECLREXF")
Change component parameters: Designator = "TP35" ("TP12"); Footprint = "KSTN-5003"; UniqueID = "\GFNWHIQA" ("\GFNWHIQA")
Change component parameters: Designator = "TP36" ("TP13"); Footprint = "KSTN-5003"; UniqueID = "\RVZSQGPM" ("\RVZSQGPM")
Change component parameters: Designator = "TP37" ("TP14"); Footprint = "KSTN-5003"; UniqueID = "\HCXLKOXM" ("\HCXLKOXM")
Change component parameters: Designator = "TP38" ("TP15"); Footprint = "KSTN-5003"; UniqueID = "\FEVBEMQW" ("\FEVBEMQW")
Change component parameters: Designator = "TP39" ("TP16"); Footprint = "KSTN-5003"; UniqueID = "\SKSPVQUC" ("\SKSPVQUC")
Change component parameters: Designator = "TP40" ("TP17"); Footprint = "KSTN-5003"; UniqueID = "\FUOEHLCL" ("\FUOEHLCL")
Change component parameters: Designator = "TP41" ("TP18"); Footprint = "KSTN-5003"; UniqueID = "\KXXPFHHY" ("\KXXPFHHY")
Change component parameters: Designator = "TP42" ("TP19"); Footprint = "KSTN-5003"; UniqueID = "\XUZSLXLA" ("\XUZSLXLA")
Change component parameters: Designator = "TP43" ("TP20"); Footprint = "KSTN-5003"; UniqueID = "\VOWURPNM" ("\VOWURPNM")
Change component parameters: Designator = "TP44" ("TP21"); Footprint = "KSTN-5003"; UniqueID = "\IMWFMZUQ" ("\IMWFMZUQ")
Change component parameters: Designator = "TP45" ("TP22"); Footprint = "KSTN-5003"; UniqueID = "\FOXIIETE" ("\FOXIIETE")
Added Pin To Net: NetName=SI5351_CLK0 Pin=TP24-1
Added Pin To Net: NetName=SI5351_CLK1 Pin=TP25-1
Added Pin To Net: NetName=DDS_REFIO_CH1 Pin=TP26-1
Added Pin To Net: NetName=DDS_REFIO_CH2 Pin=TP27-1
Added Pin To Net: NetName=MCU_GPIO11 Pin=TP28-1
Added Pin To Net: NetName=MCU_GPIO14 Pin=TP29-1
Added Pin To Net: NetName=MCU_GPIO15 Pin=TP30-1
Added Pin To Net: NetName=MCU_GPIO16 Pin=TP31-1
Added Pin To Net: NetName=MCU_GPIO12 Pin=TP32-1
Added Pin To Net: NetName=MCU_GPIO13 Pin=TP33-1
Added Pin To Net: NetName=MCU_GPIO0 Pin=TP34-1
Added Pin To Net: NetName=MCU_GPIO2 Pin=TP35-1
Added Pin To Net: NetName=MCU_GPIO3 Pin=TP36-1
Added Pin To Net: NetName=MCU_GPIO4 Pin=TP37-1
Change Net Name : Old Net Name=NetD11_A New Net Name=NetD13_A
Change Net Name : Old Net Name=NetD12_A New Net Name=NetD14_A
Change Net Name : Old Net Name=NetD17_2 New Net Name=NetD11_2
Change Net Name : Old Net Name=NetD18_2 New Net Name=NetD12_2
