Change Component Physical Designator: Old Designator=TP16 New Designator=TP17
Change Component Physical Designator: Old Designator=TP17 New Designator=TP18
Change Component Physical Designator: Old Designator=TP19 New Designator=TP21
Change Component Physical Designator: Old Designator=TP20 New Designator=TP22
Change Component Physical Designator: Old Designator=TP21 New Designator=TP23
Change Component Physical Designator: Old Designator=TP22 New Designator=TP24
Change Component Physical Designator: Old Designator=TP23 New Designator=TP25
Change Component Physical Designator: Old Designator=TP24 New Designator=TP26
Change Component Physical Designator: Old Designator=TP25 New Designator=TP27
Change Component Physical Designator: Old Designator=TP26 New Designator=TP28
Change Component Physical Designator: Old Designator=TP27 New Designator=TP29
Change Component Physical Designator: Old Designator=TP28 New Designator=TP30
Change Component Physical Designator: Old Designator=TP29 New Designator=TP31
Change Component Physical Designator: Old Designator=TP30 New Designator=TP32
Change Component Physical Designator: Old Designator=TP30_Conversor_Diff_A_Simple1 New Designator=TP46
Change Component Physical Designator: Old Designator=TP30_Conversor_Diff_A_Simple2 New Designator=TP48
Change Component Physical Designator: Old Designator=TP31 New Designator=TP33
Change Component Physical Designator: Old Designator=TP31_Conversor_Diff_A_Simple1 New Designator=TP47
Change Component Physical Designator: Old Designator=TP31_Conversor_Diff_A_Simple2 New Designator=TP49
Change Component Physical Designator: Old Designator=TP32 New Designator=TP34
Change Component Physical Designator: Old Designator=TP33 New Designator=TP35
Change Component Physical Designator: Old Designator=TP33_Atenuador_Digital_Pasos1 New Designator=TP73
Change Component Physical Designator: Old Designator=TP33_Atenuador_Digital_Pasos2 New Designator=TP77
Change Component Physical Designator: Old Designator=TP34 New Designator=TP36
Change Component Physical Designator: Old Designator=TP34_Atenuador_Digital_Pasos1 New Designator=TP74
Change Component Physical Designator: Old Designator=TP34_Atenuador_Digital_Pasos2 New Designator=TP78
Change Component Physical Designator: Old Designator=TP35 New Designator=TP37
Change Component Physical Designator: Old Designator=TP35_Atenuador_Digital_Pasos1 New Designator=TP75
Change Component Physical Designator: Old Designator=TP35_Atenuador_Digital_Pasos2 New Designator=TP79
Change Component Physical Designator: Old Designator=TP36 New Designator=TP38
Change Component Physical Designator: Old Designator=TP36_Atenuador_Digital_Pasos1 New Designator=TP76
Change Component Physical Designator: Old Designator=TP36_Atenuador_Digital_Pasos2 New Designator=TP80
Change Component Physical Designator: Old Designator=TP37 New Designator=TP39
Change Component Physical Designator: Old Designator=TP38 New Designator=TP40
Change Component Physical Designator: Old Designator=TP39 New Designator=TP41
Change Component Physical Designator: Old Designator=TP40 New Designator=TP42
Change Component Physical Designator: Old Designator=TP41 New Designator=TP43
Change Component Physical Designator: Old Designator=TP42 New Designator=TP44
Change Component Physical Designator: Old Designator=TP42_Offset1 New Designator=TP59
Change Component Physical Designator: Old Designator=TP42_Offset2 New Designator=TP64
Change Component Physical Designator: Old Designator=TP43 New Designator=TP45
Change Component Physical Designator: Old Designator=TP43_Offset1 New Designator=TP60
Change Component Physical Designator: Old Designator=TP43_Offset2 New Designator=TP65
Change Component Physical Designator: Old Designator=TP45_Offset1 New Designator=TP62
Change Component Physical Designator: Old Designator=TP45_Offset2 New Designator=TP67
Change Component Physical Designator: Old Designator=TP46_Offset1 New Designator=TP63
Change Component Physical Designator: Old Designator=TP46_Offset2 New Designator=TP68
Change Component Physical Designator: Old Designator=TP48_Amplificador1 New Designator=TP15
Change Component Physical Designator: Old Designator=TP48_Amplificador2 New Designator=TP19
Change Component Physical Designator: Old Designator=TP49_Amplificador1 New Designator=TP16
Change Component Physical Designator: Old Designator=TP49_Amplificador2 New Designator=TP20
Change Component Physical Designator: Old Designator=TP60 New Designator=TP61
Change Component Physical Designator: Old Designator=TP63 New Designator=TP66
Change Component Physical Designator: Old Designator=TP65 New Designator=TP69
Change Component Physical Designator: Old Designator=TP66 New Designator=TP70
Change Component Physical Designator: Old Designator=TP67 New Designator=TP71
Change Component Physical Designator: Old Designator=TP68 New Designator=TP72
Change Component Physical Designator: Old Designator=TP73 New Designator=TP81
Change Component Physical Designator: Old Designator=TP74 New Designator=TP82
Change Component Physical Designator: Old Designator=TP75 New Designator=TP83
Change Component Physical Designator: Old Designator=TP76 New Designator=TP84
