Change Component Designator: OldDesignator=B1 NewDesignator=B6
Change Component Designator: OldDesignator=B2 NewDesignator=B7
Change Component Designator: OldDesignator=B3_DDS1 NewDesignator=B16
Change Component Designator: OldDesignator=B3_DDS2 NewDesignator=B17
Change Component Designator: OldDesignator=B4_Conversor_Diff_A_Simple1 NewDesignator=B2
Change Component Designator: OldDesignator=B4_Conversor_Diff_A_Simple2 NewDesignator=B4
Change Component Designator: OldDesignator=B5_Conversor_Diff_A_Simple1 NewDesignator=B3
Change Component Designator: OldDesignator=B5_Conversor_Diff_A_Simple2 NewDesignator=B5
Change Component Designator: OldDesignator=B6_Atenuador_Digital_Pasos1 NewDesignator=B13
Change Component Designator: OldDesignator=B6_Atenuador_Digital_Pasos2 NewDesignator=B14
Change Component Designator: OldDesignator=B7 NewDesignator=B15
Change Component Designator: OldDesignator=B8 NewDesignator=B12
Change Component Designator: OldDesignator=B9_Offset1 NewDesignator=B8
Change Component Designator: OldDesignator=B9_Offset2 NewDesignator=B10
Change Component Designator: OldDesignator=B10_Offset1 NewDesignator=B9
Change Component Designator: OldDesignator=B10_Offset2 NewDesignator=B11
Change Component Designator: OldDesignator=B11 NewDesignator=B1
Change Component Designator: OldDesignator=B12 NewDesignator=B18
Change Component Designator: OldDesignator=B13 NewDesignator=B19
Change Component Designator: OldDesignator=C1 NewDesignator=C70
Change Component Designator: OldDesignator=C2 NewDesignator=C71
Change Component Designator: OldDesignator=C3 NewDesignator=C72
Change Component Designator: OldDesignator=C4 NewDesignator=C73
Change Component Designator: OldDesignator=C5 NewDesignator=C74
Change Component Designator: OldDesignator=C6 NewDesignator=C75
Change Component Designator: OldDesignator=C7 NewDesignator=C76
Change Component Designator: OldDesignator=C8 NewDesignator=C77
Change Component Designator: OldDesignator=C9 NewDesignator=C78
Change Component Designator: OldDesignator=C10 NewDesignator=C79
Change Component Designator: OldDesignator=C11 NewDesignator=C80
Change Component Designator: OldDesignator=C12 NewDesignator=C81
Change Component Designator: OldDesignator=C13 NewDesignator=C82
Change Component Designator: OldDesignator=C14 NewDesignator=C83
Change Component Designator: OldDesignator=C15 NewDesignator=C84
Change Component Designator: OldDesignator=C16 NewDesignator=C85
Change Component Designator: OldDesignator=C17 NewDesignator=C86
Change Component Designator: OldDesignator=C18_DDS1 NewDesignator=C139
Change Component Designator: OldDesignator=C18_DDS2 NewDesignator=C153
Change Component Designator: OldDesignator=C19_DDS1 NewDesignator=C140
Change Component Designator: OldDesignator=C19_DDS2 NewDesignator=C154
Change Component Designator: OldDesignator=C20_DDS1 NewDesignator=C141
Change Component Designator: OldDesignator=C20_DDS2 NewDesignator=C155
Change Component Designator: OldDesignator=C21_DDS1 NewDesignator=C142
Change Component Designator: OldDesignator=C21_DDS2 NewDesignator=C156
Change Component Designator: OldDesignator=C22_DDS1 NewDesignator=C143
Change Component Designator: OldDesignator=C22_DDS2 NewDesignator=C157
Change Component Designator: OldDesignator=C23_DDS1 NewDesignator=C144
Change Component Designator: OldDesignator=C23_DDS2 NewDesignator=C158
Change Component Designator: OldDesignator=C24_DDS1 NewDesignator=C145
Change Component Designator: OldDesignator=C24_DDS2 NewDesignator=C159
Change Component Designator: OldDesignator=C25_DDS1 NewDesignator=C146
Change Component Designator: OldDesignator=C25_DDS2 NewDesignator=C160
Change Component Designator: OldDesignator=C26_DDS1 NewDesignator=C147
Change Component Designator: OldDesignator=C26_DDS2 NewDesignator=C161
Change Component Designator: OldDesignator=C27_DDS1 NewDesignator=C148
Change Component Designator: OldDesignator=C27_DDS2 NewDesignator=C162
Change Component Designator: OldDesignator=C28_DDS1 NewDesignator=C149
Change Component Designator: OldDesignator=C28_DDS2 NewDesignator=C163
Change Component Designator: OldDesignator=C29_DDS1 NewDesignator=C150
Change Component Designator: OldDesignator=C29_DDS2 NewDesignator=C164
Change Component Designator: OldDesignator=C30_DDS1 NewDesignator=C151
Change Component Designator: OldDesignator=C30_DDS2 NewDesignator=C165
Change Component Designator: OldDesignator=C31_DDS1 NewDesignator=C152
Change Component Designator: OldDesignator=C31_DDS2 NewDesignator=C166
Change Component Designator: OldDesignator=C32_Conversor_Diff_A_Simple1 NewDesignator=C46
Change Component Designator: OldDesignator=C32_Conversor_Diff_A_Simple2 NewDesignator=C56
Change Component Designator: OldDesignator=C33_Conversor_Diff_A_Simple1 NewDesignator=C47
Change Component Designator: OldDesignator=C33_Conversor_Diff_A_Simple2 NewDesignator=C57
Change Component Designator: OldDesignator=C34_Conversor_Diff_A_Simple1 NewDesignator=C48
Change Component Designator: OldDesignator=C34_Conversor_Diff_A_Simple2 NewDesignator=C58
Change Component Designator: OldDesignator=C35_Conversor_Diff_A_Simple1 NewDesignator=C49
Change Component Designator: OldDesignator=C35_Conversor_Diff_A_Simple2 NewDesignator=C59
Change Component Designator: OldDesignator=C36_Conversor_Diff_A_Simple1 NewDesignator=C50
Change Component Designator: OldDesignator=C36_Conversor_Diff_A_Simple2 NewDesignator=C60
Change Component Designator: OldDesignator=C37_Conversor_Diff_A_Simple1 NewDesignator=C51
Change Component Designator: OldDesignator=C37_Conversor_Diff_A_Simple2 NewDesignator=C61
Change Component Designator: OldDesignator=C38_Conversor_Diff_A_Simple1 NewDesignator=C52
Change Component Designator: OldDesignator=C38_Conversor_Diff_A_Simple2 NewDesignator=C62
Change Component Designator: OldDesignator=C39_Conversor_Diff_A_Simple1 NewDesignator=C53
Change Component Designator: OldDesignator=C39_Conversor_Diff_A_Simple2 NewDesignator=C63
Change Component Designator: OldDesignator=C40_Conversor_Diff_A_Simple1 NewDesignator=C54
Change Component Designator: OldDesignator=C40_Conversor_Diff_A_Simple2 NewDesignator=C64
Change Component Designator: OldDesignator=C41_Conversor_Diff_A_Simple1 NewDesignator=C55
Change Component Designator: OldDesignator=C41_Conversor_Diff_A_Simple2 NewDesignator=C65
Change Component Designator: OldDesignator=C42_Atenuador_Digital_Pasos1 NewDesignator=C115
Change Component Designator: OldDesignator=C42_Atenuador_Digital_Pasos2 NewDesignator=C126
Change Component Designator: OldDesignator=C43_Atenuador_Digital_Pasos1 NewDesignator=C116
Change Component Designator: OldDesignator=C43_Atenuador_Digital_Pasos2 NewDesignator=C127
Change Component Designator: OldDesignator=C44_Atenuador_Digital_Pasos1 NewDesignator=C117
Change Component Designator: OldDesignator=C44_Atenuador_Digital_Pasos2 NewDesignator=C128
Change Component Designator: OldDesignator=C45_Atenuador_Digital_Pasos1 NewDesignator=C118
Change Component Designator: OldDesignator=C45_Atenuador_Digital_Pasos2 NewDesignator=C129
Change Component Designator: OldDesignator=C46_Atenuador_Digital_Pasos1 NewDesignator=C119
Change Component Designator: OldDesignator=C46_Atenuador_Digital_Pasos2 NewDesignator=C130
Change Component Designator: OldDesignator=C47_Atenuador_Digital_Pasos1 NewDesignator=C120
Change Component Designator: OldDesignator=C47_Atenuador_Digital_Pasos2 NewDesignator=C131
Change Component Designator: OldDesignator=C48_Atenuador_Digital_Pasos1 NewDesignator=C121
Change Component Designator: OldDesignator=C48_Atenuador_Digital_Pasos2 NewDesignator=C132
Change Component Designator: OldDesignator=C49_Atenuador_Digital_Pasos1 NewDesignator=C122
Change Component Designator: OldDesignator=C49_Atenuador_Digital_Pasos2 NewDesignator=C133
Change Component Designator: OldDesignator=C50_Atenuador_Digital_Pasos1 NewDesignator=C123
Change Component Designator: OldDesignator=C50_Atenuador_Digital_Pasos2 NewDesignator=C134
Change Component Designator: OldDesignator=C51_Atenuador_Digital_Pasos1 NewDesignator=C124
Change Component Designator: OldDesignator=C51_Atenuador_Digital_Pasos2 NewDesignator=C135
Change Component Designator: OldDesignator=C52_Atenuador_Digital_Pasos1 NewDesignator=C125
Change Component Designator: OldDesignator=C52_Atenuador_Digital_Pasos2 NewDesignator=C136
Change Component Designator: OldDesignator=C53 NewDesignator=C137
Change Component Designator: OldDesignator=C54 NewDesignator=C138
Change Component Designator: OldDesignator=C55 NewDesignator=C167
Change Component Designator: OldDesignator=C56 NewDesignator=C168
Change Component Designator: OldDesignator=C57 NewDesignator=C169
Change Component Designator: OldDesignator=C58 NewDesignator=C170
Change Component Designator: OldDesignator=C59 NewDesignator=C171
Change Component Designator: OldDesignator=C60 NewDesignator=C172
Change Component Designator: OldDesignator=C61_DAC_OFFSET_CANAL1 NewDesignator=C66
Change Component Designator: OldDesignator=C61_DAC_OFFSET_CANAL2 NewDesignator=C68
Change Component Designator: OldDesignator=C62_DAC_OFFSET_CANAL1 NewDesignator=C67
Change Component Designator: OldDesignator=C62_DAC_OFFSET_CANAL2 NewDesignator=C69
Change Component Designator: OldDesignator=C63 NewDesignator=C107
Change Component Designator: OldDesignator=C64 NewDesignator=C108
Change Component Designator: OldDesignator=C65 NewDesignator=C109
Change Component Designator: OldDesignator=C66 NewDesignator=C110
Change Component Designator: OldDesignator=C67 NewDesignator=C111
Change Component Designator: OldDesignator=C68 NewDesignator=C112
Change Component Designator: OldDesignator=C69 NewDesignator=C113
Change Component Designator: OldDesignator=C70 NewDesignator=C114
Change Component Designator: OldDesignator=C71_Offset1 NewDesignator=C87
Change Component Designator: OldDesignator=C71_Offset2 NewDesignator=C97
Change Component Designator: OldDesignator=C72_Offset1 NewDesignator=C88
Change Component Designator: OldDesignator=C72_Offset2 NewDesignator=C98
Change Component Designator: OldDesignator=C73_Offset1 NewDesignator=C89
Change Component Designator: OldDesignator=C73_Offset2 NewDesignator=C99
Change Component Designator: OldDesignator=C74_Offset1 NewDesignator=C90
Change Component Designator: OldDesignator=C74_Offset2 NewDesignator=C100
Change Component Designator: OldDesignator=C75_Offset1 NewDesignator=C91
Change Component Designator: OldDesignator=C75_Offset2 NewDesignator=C101
Change Component Designator: OldDesignator=C76_Offset1 NewDesignator=C92
Change Component Designator: OldDesignator=C76_Offset2 NewDesignator=C102
Change Component Designator: OldDesignator=C77_Offset1 NewDesignator=C93
Change Component Designator: OldDesignator=C77_Offset2 NewDesignator=C103
Change Component Designator: OldDesignator=C78_Offset1 NewDesignator=C94
Change Component Designator: OldDesignator=C78_Offset2 NewDesignator=C104
Change Component Designator: OldDesignator=C79_Offset1 NewDesignator=C95
Change Component Designator: OldDesignator=C79_Offset2 NewDesignator=C105
Change Component Designator: OldDesignator=C80_Offset1 NewDesignator=C96
Change Component Designator: OldDesignator=C80_Offset2 NewDesignator=C106
Change Component Designator: OldDesignator=C81_Amplificador1 NewDesignator=C28
Change Component Designator: OldDesignator=C81_Amplificador2 NewDesignator=C36
Change Component Designator: OldDesignator=C82_Amplificador1 NewDesignator=C29
Change Component Designator: OldDesignator=C82_Amplificador2 NewDesignator=C37
Change Component Designator: OldDesignator=C83_Amplificador1 NewDesignator=C30
Change Component Designator: OldDesignator=C83_Amplificador2 NewDesignator=C38
Change Component Designator: OldDesignator=C84_Amplificador1 NewDesignator=C31
Change Component Designator: OldDesignator=C84_Amplificador2 NewDesignator=C39
Change Component Designator: OldDesignator=C85_Amplificador1 NewDesignator=C32
Change Component Designator: OldDesignator=C85_Amplificador2 NewDesignator=C40
Change Component Designator: OldDesignator=C86_Amplificador1 NewDesignator=C33
Change Component Designator: OldDesignator=C86_Amplificador2 NewDesignator=C41
Change Component Designator: OldDesignator=C87_Amplificador1 NewDesignator=C34
Change Component Designator: OldDesignator=C87_Amplificador2 NewDesignator=C42
Change Component Designator: OldDesignator=C88_Amplificador1 NewDesignator=C35
Change Component Designator: OldDesignator=C88_Amplificador2 NewDesignator=C43
Change Component Designator: OldDesignator=C89 NewDesignator=C44
Change Component Designator: OldDesignator=C90 NewDesignator=C45
Change Component Designator: OldDesignator=C91 NewDesignator=C1
Change Component Designator: OldDesignator=C92 NewDesignator=C2
Change Component Designator: OldDesignator=C93 NewDesignator=C3
Change Component Designator: OldDesignator=C94 NewDesignator=C4
Change Component Designator: OldDesignator=C95 NewDesignator=C5
Change Component Designator: OldDesignator=C96 NewDesignator=C6
Change Component Designator: OldDesignator=C97 NewDesignator=C7
Change Component Designator: OldDesignator=C98 NewDesignator=C8
Change Component Designator: OldDesignator=C99 NewDesignator=C9
Change Component Designator: OldDesignator=C100 NewDesignator=C10
Change Component Designator: OldDesignator=C101 NewDesignator=C11
Change Component Designator: OldDesignator=C102 NewDesignator=C12
Change Component Designator: OldDesignator=C103 NewDesignator=C13
Change Component Designator: OldDesignator=C104 NewDesignator=C14
Change Component Designator: OldDesignator=C105 NewDesignator=C15
Change Component Designator: OldDesignator=C106 NewDesignator=C16
Change Component Designator: OldDesignator=C107 NewDesignator=C17
Change Component Designator: OldDesignator=C108 NewDesignator=C18
Change Component Designator: OldDesignator=C109 NewDesignator=C19
Change Component Designator: OldDesignator=C110 NewDesignator=C20
Change Component Designator: OldDesignator=C111 NewDesignator=C21
Change Component Designator: OldDesignator=C112 NewDesignator=C22
Change Component Designator: OldDesignator=C113 NewDesignator=C23
Change Component Designator: OldDesignator=C114 NewDesignator=C24
Change Component Designator: OldDesignator=C115 NewDesignator=C25
Change Component Designator: OldDesignator=C116 NewDesignator=C26
Change Component Designator: OldDesignator=C117 NewDesignator=C27
Change Component Designator: OldDesignator=C118 NewDesignator=C173
Change Component Designator: OldDesignator=C119 NewDesignator=C174
Change Component Designator: OldDesignator=C120 NewDesignator=C175
Change Component Designator: OldDesignator=C121 NewDesignator=C176
Change Component Designator: OldDesignator=C122 NewDesignator=C177
Change Component Designator: OldDesignator=C123 NewDesignator=C178
Change Component Designator: OldDesignator=C124 NewDesignator=C179
Change Component Designator: OldDesignator=C125 NewDesignator=C180
Change Component Designator: OldDesignator=C126 NewDesignator=C181
Change Component Designator: OldDesignator=C127 NewDesignator=C182
Change Component Designator: OldDesignator=C128 NewDesignator=C183
Change Component Designator: OldDesignator=C129 NewDesignator=C184
Change Component Designator: OldDesignator=C130 NewDesignator=C185
Change Component Designator: OldDesignator=C131 NewDesignator=C186
Change Component Designator: OldDesignator=C132 NewDesignator=C187
Change Component Designator: OldDesignator=C133 NewDesignator=C188
Change Component Designator: OldDesignator=C134 NewDesignator=C189
Change Component Designator: OldDesignator=C135 NewDesignator=C190
Change Component Designator: OldDesignator=C136 NewDesignator=C191
Change Component Designator: OldDesignator=C137 NewDesignator=C192
Change Component Designator: OldDesignator=C138 NewDesignator=C193
Change Component Designator: OldDesignator=C139 NewDesignator=C194
Change Component Designator: OldDesignator=C140 NewDesignator=C195
Change Component Designator: OldDesignator=C141 NewDesignator=C196
Change Component Designator: OldDesignator=C142 NewDesignator=C197
Change Component Designator: OldDesignator=C143 NewDesignator=C198
Change Component Designator: OldDesignator=C144 NewDesignator=C199
Change Component Designator: OldDesignator=C145 NewDesignator=C200
Change Component Designator: OldDesignator=D1 NewDesignator=D13
Change Component Designator: OldDesignator=D2 NewDesignator=D14
Change Component Designator: OldDesignator=D3 NewDesignator=D15
Change Component Designator: OldDesignator=D4 NewDesignator=D16
Change Component Designator: OldDesignator=D5 NewDesignator=D17
Change Component Designator: OldDesignator=D6 NewDesignator=D18
Change Component Designator: OldDesignator=D7 NewDesignator=D11
Change Component Designator: OldDesignator=D8 NewDesignator=D12
Change Component Designator: OldDesignator=D9 NewDesignator=D1
Change Component Designator: OldDesignator=D10 NewDesignator=D2
Change Component Designator: OldDesignator=D11 NewDesignator=D3
Change Component Designator: OldDesignator=D12 NewDesignator=D4
Change Component Designator: OldDesignator=D13 NewDesignator=D5
Change Component Designator: OldDesignator=D14 NewDesignator=D6
Change Component Designator: OldDesignator=D15 NewDesignator=D7
Change Component Designator: OldDesignator=D16 NewDesignator=D8
Change Component Designator: OldDesignator=D17 NewDesignator=D9
Change Component Designator: OldDesignator=D18 NewDesignator=D10
Change Component Designator: OldDesignator=FB1 NewDesignator=FB6
Change Component Designator: OldDesignator=FB2 NewDesignator=FB1
Change Component Designator: OldDesignator=FB3 NewDesignator=FB2
Change Component Designator: OldDesignator=FB4 NewDesignator=FB3
Change Component Designator: OldDesignator=FB5 NewDesignator=FB4
Change Component Designator: OldDesignator=FB6 NewDesignator=FB5
Change Component Designator: OldDesignator=J1 NewDesignator=J7
Change Component Designator: OldDesignator=J2 NewDesignator=J8
Change Component Designator: OldDesignator=J3 NewDesignator=J9
Change Component Designator: OldDesignator=J4 NewDesignator=J2
Change Component Designator: OldDesignator=J5 NewDesignator=J3
Change Component Designator: OldDesignator=J6 NewDesignator=J4
Change Component Designator: OldDesignator=J7 NewDesignator=J5
Change Component Designator: OldDesignator=J8 NewDesignator=J6
Change Component Designator: OldDesignator=J9 NewDesignator=J1
Change Component Designator: OldDesignator=J11 NewDesignator=J10
Change Component Designator: OldDesignator=R1 NewDesignator=R38
Change Component Designator: OldDesignator=R2 NewDesignator=R39
Change Component Designator: OldDesignator=R3 NewDesignator=R40
Change Component Designator: OldDesignator=R4 NewDesignator=R41
Change Component Designator: OldDesignator=R5 NewDesignator=R42
Change Component Designator: OldDesignator=R6 NewDesignator=R43
Change Component Designator: OldDesignator=R7 NewDesignator=R44
Change Component Designator: OldDesignator=R8 NewDesignator=R45
Change Component Designator: OldDesignator=R9 NewDesignator=R46
Change Component Designator: OldDesignator=R10 NewDesignator=R47
Change Component Designator: OldDesignator=R11 NewDesignator=R48
Change Component Designator: OldDesignator=R12 NewDesignator=R49
Change Component Designator: OldDesignator=R13 NewDesignator=R50
Change Component Designator: OldDesignator=R14 NewDesignator=R63
Change Component Designator: OldDesignator=R15 NewDesignator=R64
Change Component Designator: OldDesignator=R16 NewDesignator=R65
Change Component Designator: OldDesignator=R17 NewDesignator=R66
Change Component Designator: OldDesignator=R18 NewDesignator=R67
Change Component Designator: OldDesignator=R19 NewDesignator=R68
Change Component Designator: OldDesignator=R20 NewDesignator=R69
Change Component Designator: OldDesignator=R21_DDS1 NewDesignator=R108
Change Component Designator: OldDesignator=R21_DDS2 NewDesignator=R111
Change Component Designator: OldDesignator=R22_DDS1 NewDesignator=R109
Change Component Designator: OldDesignator=R22_DDS2 NewDesignator=R112
Change Component Designator: OldDesignator=R23_DDS1 NewDesignator=R110
Change Component Designator: OldDesignator=R23_DDS2 NewDesignator=R113
Change Component Designator: OldDesignator=R24_Conversor_Diff_A_Simple1 NewDesignator=R51
Change Component Designator: OldDesignator=R24_Conversor_Diff_A_Simple2 NewDesignator=R55
Change Component Designator: OldDesignator=R25_Conversor_Diff_A_Simple1 NewDesignator=R52
Change Component Designator: OldDesignator=R25_Conversor_Diff_A_Simple2 NewDesignator=R56
Change Component Designator: OldDesignator=R26_Conversor_Diff_A_Simple1 NewDesignator=R53
Change Component Designator: OldDesignator=R26_Conversor_Diff_A_Simple2 NewDesignator=R57
Change Component Designator: OldDesignator=R27_Conversor_Diff_A_Simple1 NewDesignator=R54
Change Component Designator: OldDesignator=R27_Conversor_Diff_A_Simple2 NewDesignator=R58
Change Component Designator: OldDesignator=R28_DDS_CANAL1 NewDesignator=R22
Change Component Designator: OldDesignator=R28_DDS_CANAL2 NewDesignator=R25
Change Component Designator: OldDesignator=R29_DDS_CANAL1 NewDesignator=R23
Change Component Designator: OldDesignator=R29_DDS_CANAL2 NewDesignator=R26
Change Component Designator: OldDesignator=R30_DDS_CANAL1 NewDesignator=R24
Change Component Designator: OldDesignator=R30_DDS_CANAL2 NewDesignator=R27
Change Component Designator: OldDesignator=R31_Atenuador_Digital_Pasos1 NewDesignator=R90
Change Component Designator: OldDesignator=R31_Atenuador_Digital_Pasos2 NewDesignator=R99
Change Component Designator: OldDesignator=R32_Atenuador_Digital_Pasos1 NewDesignator=R91
Change Component Designator: OldDesignator=R32_Atenuador_Digital_Pasos2 NewDesignator=R100
Change Component Designator: OldDesignator=R33_Atenuador_Digital_Pasos1 NewDesignator=R92
Change Component Designator: OldDesignator=R33_Atenuador_Digital_Pasos2 NewDesignator=R101
Change Component Designator: OldDesignator=R34_Atenuador_Digital_Pasos1 NewDesignator=R93
Change Component Designator: OldDesignator=R34_Atenuador_Digital_Pasos2 NewDesignator=R102
Change Component Designator: OldDesignator=R35_Atenuador_Digital_Pasos1 NewDesignator=R94
Change Component Designator: OldDesignator=R35_Atenuador_Digital_Pasos2 NewDesignator=R103
Change Component Designator: OldDesignator=R36_Atenuador_Digital_Pasos1 NewDesignator=R95
Change Component Designator: OldDesignator=R36_Atenuador_Digital_Pasos2 NewDesignator=R104
Change Component Designator: OldDesignator=R37_Atenuador_Digital_Pasos1 NewDesignator=R96
Change Component Designator: OldDesignator=R37_Atenuador_Digital_Pasos2 NewDesignator=R105
Change Component Designator: OldDesignator=R38_Atenuador_Digital_Pasos1 NewDesignator=R97
Change Component Designator: OldDesignator=R38_Atenuador_Digital_Pasos2 NewDesignator=R106
Change Component Designator: OldDesignator=R39_Atenuador_Digital_Pasos1 NewDesignator=R98
Change Component Designator: OldDesignator=R39_Atenuador_Digital_Pasos2 NewDesignator=R107
Change Component Designator: OldDesignator=R40 NewDesignator=R114
Change Component Designator: OldDesignator=R41 NewDesignator=R115
Change Component Designator: OldDesignator=R42 NewDesignator=R116
Change Component Designator: OldDesignator=R43 NewDesignator=R117
Change Component Designator: OldDesignator=R44 NewDesignator=R118
Change Component Designator: OldDesignator=R45 NewDesignator=R119
Change Component Designator: OldDesignator=R46 NewDesignator=R120
Change Component Designator: OldDesignator=R47 NewDesignator=R121
Change Component Designator: OldDesignator=R48 NewDesignator=R122
Change Component Designator: OldDesignator=R49 NewDesignator=R123
Change Component Designator: OldDesignator=R50_DAC_OFFSET_CANAL1 NewDesignator=R59
Change Component Designator: OldDesignator=R50_DAC_OFFSET_CANAL2 NewDesignator=R61
Change Component Designator: OldDesignator=R51_DAC_OFFSET_CANAL1 NewDesignator=R60
Change Component Designator: OldDesignator=R51_DAC_OFFSET_CANAL2 NewDesignator=R62
Change Component Designator: OldDesignator=R52 NewDesignator=R80
Change Component Designator: OldDesignator=R53 NewDesignator=R81
Change Component Designator: OldDesignator=R54 NewDesignator=R82
Change Component Designator: OldDesignator=R55 NewDesignator=R83
Change Component Designator: OldDesignator=R56 NewDesignator=R84
Change Component Designator: OldDesignator=R57 NewDesignator=R85
Change Component Designator: OldDesignator=R58 NewDesignator=R86
Change Component Designator: OldDesignator=R59 NewDesignator=R87
Change Component Designator: OldDesignator=R60 NewDesignator=R88
Change Component Designator: OldDesignator=R61 NewDesignator=R89
Change Component Designator: OldDesignator=R62_Offset1 NewDesignator=R70
Change Component Designator: OldDesignator=R62_Offset2 NewDesignator=R75
Change Component Designator: OldDesignator=R63_Offset1 NewDesignator=R71
Change Component Designator: OldDesignator=R63_Offset2 NewDesignator=R76
Change Component Designator: OldDesignator=R64_Offset1 NewDesignator=R72
Change Component Designator: OldDesignator=R64_Offset2 NewDesignator=R77
Change Component Designator: OldDesignator=R65_Offset1 NewDesignator=R73
Change Component Designator: OldDesignator=R65_Offset2 NewDesignator=R78
Change Component Designator: OldDesignator=R66_Offset1 NewDesignator=R74
Change Component Designator: OldDesignator=R66_Offset2 NewDesignator=R79
Change Component Designator: OldDesignator=R67_Amplificador1 NewDesignator=R6
Change Component Designator: OldDesignator=R67_Amplificador2 NewDesignator=R12
Change Component Designator: OldDesignator=R68_Amplificador1 NewDesignator=R7
Change Component Designator: OldDesignator=R68_Amplificador2 NewDesignator=R13
Change Component Designator: OldDesignator=R69_Amplificador1 NewDesignator=R8
Change Component Designator: OldDesignator=R69_Amplificador2 NewDesignator=R14
Change Component Designator: OldDesignator=R70_Amplificador1 NewDesignator=R9
Change Component Designator: OldDesignator=R70_Amplificador2 NewDesignator=R15
Change Component Designator: OldDesignator=R71_Amplificador1 NewDesignator=R10
Change Component Designator: OldDesignator=R71_Amplificador2 NewDesignator=R16
Change Component Designator: OldDesignator=R72_Amplificador1 NewDesignator=R11
Change Component Designator: OldDesignator=R72_Amplificador2 NewDesignator=R17
Change Component Designator: OldDesignator=R73 NewDesignator=R18
Change Component Designator: OldDesignator=R74 NewDesignator=R19
Change Component Designator: OldDesignator=R75 NewDesignator=R20
Change Component Designator: OldDesignator=R76 NewDesignator=R21
Change Component Designator: OldDesignator=R77 NewDesignator=R28
Change Component Designator: OldDesignator=R78 NewDesignator=R29
Change Component Designator: OldDesignator=R79 NewDesignator=R30
Change Component Designator: OldDesignator=R80 NewDesignator=R31
Change Component Designator: OldDesignator=R81 NewDesignator=R32
Change Component Designator: OldDesignator=R82 NewDesignator=R33
Change Component Designator: OldDesignator=R83 NewDesignator=R34
Change Component Designator: OldDesignator=R84 NewDesignator=R35
Change Component Designator: OldDesignator=R85 NewDesignator=R36
Change Component Designator: OldDesignator=R86 NewDesignator=R37
Change Component Designator: OldDesignator=R87 NewDesignator=R1
Change Component Designator: OldDesignator=R88 NewDesignator=R2
Change Component Designator: OldDesignator=R89 NewDesignator=R3
Change Component Designator: OldDesignator=R90 NewDesignator=R4
Change Component Designator: OldDesignator=R91 NewDesignator=R5
Change Component Designator: OldDesignator=R92 NewDesignator=R124
Change Component Designator: OldDesignator=R93 NewDesignator=R125
Change Component Designator: OldDesignator=R94 NewDesignator=R126
Change Component Designator: OldDesignator=R95 NewDesignator=R127
Change Component Designator: OldDesignator=R96 NewDesignator=R128
Change Component Designator: OldDesignator=R97 NewDesignator=R129
Change Component Designator: OldDesignator=R98 NewDesignator=R130
Change Component Designator: OldDesignator=R99 NewDesignator=R131
Change Component Designator: OldDesignator=R100 NewDesignator=R132
Change Component Designator: OldDesignator=R101 NewDesignator=R133
Change Component Designator: OldDesignator=R102 NewDesignator=R134
Change Component Designator: OldDesignator=R103 NewDesignator=R135
Change Component Designator: OldDesignator=R104 NewDesignator=R136
Change Component Designator: OldDesignator=R105 NewDesignator=R137
Change Component Designator: OldDesignator=R106 NewDesignator=R138
Change Component Designator: OldDesignator=R107 NewDesignator=R139
Change Component Designator: OldDesignator=R108 NewDesignator=R140
Change Component Designator: OldDesignator=R109 NewDesignator=R141
Change Component Designator: OldDesignator=R110 NewDesignator=R142
Change Component Designator: OldDesignator=R111 NewDesignator=R143
Change Component Designator: OldDesignator=R112 NewDesignator=R144
Change Component Designator: OldDesignator=R113 NewDesignator=R145
Change Component Designator: OldDesignator=R114 NewDesignator=R146
Change Component Designator: OldDesignator=R115 NewDesignator=R147
Change Component Designator: OldDesignator=R116 NewDesignator=R148
Change Component Designator: OldDesignator=R117 NewDesignator=R149
Change Component Designator: OldDesignator=R118 NewDesignator=R150
Change Component Designator: OldDesignator=R119 NewDesignator=R151
Change Component Designator: OldDesignator=R120 NewDesignator=R152
Change Component Designator: OldDesignator=R121 NewDesignator=R153
Change Component Designator: OldDesignator=R122 NewDesignator=R154
Change Component Designator: OldDesignator=R123 NewDesignator=R155
Change Component Designator: OldDesignator=R124 NewDesignator=R156
Change Component Designator: OldDesignator=R125 NewDesignator=R157
Change Component Designator: OldDesignator=R126 NewDesignator=R158
Change Component Designator: OldDesignator=R127 NewDesignator=R159
Change Component Designator: OldDesignator=R128 NewDesignator=R160
Change Component Designator: OldDesignator=R129 NewDesignator=R161
Change Component Designator: OldDesignator=R130 NewDesignator=R162
Change Component Designator: OldDesignator=R131 NewDesignator=R163
Change Component Designator: OldDesignator=R132 NewDesignator=R164
Change Component Designator: OldDesignator=R133 NewDesignator=R165
Change Component Designator: OldDesignator=R134 NewDesignator=R166
Change Component Designator: OldDesignator=R135 NewDesignator=R167
Change Component Designator: OldDesignator=TP1 NewDesignator=TP24
Change Component Designator: OldDesignator=TP2 NewDesignator=TP25
Change Component Designator: OldDesignator=TP3 NewDesignator=TP26
Change Component Designator: OldDesignator=TP4 NewDesignator=TP27
Change Component Designator: OldDesignator=TP5 NewDesignator=TP28
Change Component Designator: OldDesignator=TP6 NewDesignator=TP29
Change Component Designator: OldDesignator=TP7 NewDesignator=TP30
Change Component Designator: OldDesignator=TP8 NewDesignator=TP31
Change Component Designator: OldDesignator=TP9 NewDesignator=TP32
Change Component Designator: OldDesignator=TP10 NewDesignator=TP33
Change Component Designator: OldDesignator=TP11 NewDesignator=TP34
Change Component Designator: OldDesignator=TP12 NewDesignator=TP35
Change Component Designator: OldDesignator=TP13 NewDesignator=TP36
Change Component Designator: OldDesignator=TP14 NewDesignator=TP37
Change Component Designator: OldDesignator=TP15 NewDesignator=TP38
Change Component Designator: OldDesignator=TP16 NewDesignator=TP39
Change Component Designator: OldDesignator=TP17 NewDesignator=TP40
Change Component Designator: OldDesignator=TP18 NewDesignator=TP41
Change Component Designator: OldDesignator=TP19 NewDesignator=TP42
Change Component Designator: OldDesignator=TP20 NewDesignator=TP43
Change Component Designator: OldDesignator=TP21 NewDesignator=TP44
Change Component Designator: OldDesignator=TP22 NewDesignator=TP45
Change Component Designator: OldDesignator=TP23 NewDesignator=TP52
Change Component Designator: OldDesignator=TP24 NewDesignator=TP53
Change Component Designator: OldDesignator=TP25 NewDesignator=TP54
Change Component Designator: OldDesignator=TP26 NewDesignator=TP55
Change Component Designator: OldDesignator=TP27 NewDesignator=TP56
Change Component Designator: OldDesignator=TP28 NewDesignator=TP57
Change Component Designator: OldDesignator=TP29 NewDesignator=TP58
Change Component Designator: OldDesignator=TP30_Conversor_Diff_A_Simple1 NewDesignator=TP46
Change Component Designator: OldDesignator=TP30_Conversor_Diff_A_Simple2 NewDesignator=TP48
Change Component Designator: OldDesignator=TP31_Conversor_Diff_A_Simple1 NewDesignator=TP47
Change Component Designator: OldDesignator=TP31_Conversor_Diff_A_Simple2 NewDesignator=TP49
Change Component Designator: OldDesignator=TP32_DDS_CANAL1 NewDesignator=TP22
Change Component Designator: OldDesignator=TP32_DDS_CANAL2 NewDesignator=TP23
Change Component Designator: OldDesignator=TP33_Atenuador_Digital_Pasos1 NewDesignator=TP73
Change Component Designator: OldDesignator=TP33_Atenuador_Digital_Pasos2 NewDesignator=TP77
Change Component Designator: OldDesignator=TP34_Atenuador_Digital_Pasos1 NewDesignator=TP74
Change Component Designator: OldDesignator=TP34_Atenuador_Digital_Pasos2 NewDesignator=TP78
Change Component Designator: OldDesignator=TP35_Atenuador_Digital_Pasos1 NewDesignator=TP75
Change Component Designator: OldDesignator=TP35_Atenuador_Digital_Pasos2 NewDesignator=TP79
Change Component Designator: OldDesignator=TP36_Atenuador_Digital_Pasos1 NewDesignator=TP76
Change Component Designator: OldDesignator=TP36_Atenuador_Digital_Pasos2 NewDesignator=TP80
Change Component Designator: OldDesignator=TP37_DAC_OFFSET_CANAL1 NewDesignator=TP50
Change Component Designator: OldDesignator=TP37_DAC_OFFSET_CANAL2 NewDesignator=TP51
Change Component Designator: OldDesignator=TP38 NewDesignator=TP69
Change Component Designator: OldDesignator=TP39 NewDesignator=TP70
Change Component Designator: OldDesignator=TP40 NewDesignator=TP71
Change Component Designator: OldDesignator=TP41 NewDesignator=TP72
Change Component Designator: OldDesignator=TP42_Offset1 NewDesignator=TP59
Change Component Designator: OldDesignator=TP42_Offset2 NewDesignator=TP64
Change Component Designator: OldDesignator=TP43_Offset1 NewDesignator=TP60
Change Component Designator: OldDesignator=TP43_Offset2 NewDesignator=TP65
Change Component Designator: OldDesignator=TP44_Offset1 NewDesignator=TP61
Change Component Designator: OldDesignator=TP44_Offset2 NewDesignator=TP66
Change Component Designator: OldDesignator=TP45_Offset1 NewDesignator=TP62
Change Component Designator: OldDesignator=TP45_Offset2 NewDesignator=TP67
Change Component Designator: OldDesignator=TP46_Offset1 NewDesignator=TP63
Change Component Designator: OldDesignator=TP46_Offset2 NewDesignator=TP68
Change Component Designator: OldDesignator=TP47_Amplificador1 NewDesignator=TP14
Change Component Designator: OldDesignator=TP47_Amplificador2 NewDesignator=TP18
Change Component Designator: OldDesignator=TP48_Amplificador1 NewDesignator=TP15
Change Component Designator: OldDesignator=TP48_Amplificador2 NewDesignator=TP19
Change Component Designator: OldDesignator=TP49_Amplificador1 NewDesignator=TP16
Change Component Designator: OldDesignator=TP49_Amplificador2 NewDesignator=TP20
Change Component Designator: OldDesignator=TP50_Amplificador1 NewDesignator=TP17
Change Component Designator: OldDesignator=TP50_Amplificador2 NewDesignator=TP21
Change Component Designator: OldDesignator=TP51 NewDesignator=TP1
Change Component Designator: OldDesignator=TP52 NewDesignator=TP2
Change Component Designator: OldDesignator=TP53 NewDesignator=TP3
Change Component Designator: OldDesignator=TP54 NewDesignator=TP4
Change Component Designator: OldDesignator=TP55 NewDesignator=TP5
Change Component Designator: OldDesignator=TP56 NewDesignator=TP6
Change Component Designator: OldDesignator=TP57 NewDesignator=TP7
Change Component Designator: OldDesignator=TP58 NewDesignator=TP8
Change Component Designator: OldDesignator=TP59 NewDesignator=TP9
Change Component Designator: OldDesignator=TP60 NewDesignator=TP10
Change Component Designator: OldDesignator=TP61 NewDesignator=TP11
Change Component Designator: OldDesignator=TP62 NewDesignator=TP12
Change Component Designator: OldDesignator=TP63 NewDesignator=TP13
Change Component Designator: OldDesignator=TP64 NewDesignator=TP81
Change Component Designator: OldDesignator=TP65 NewDesignator=TP82
Change Component Designator: OldDesignator=TP66 NewDesignator=TP83
Change Component Designator: OldDesignator=TP67 NewDesignator=TP84
Change Component Designator: OldDesignator=U1 NewDesignator=U7
Change Component Designator: OldDesignator=U2 NewDesignator=U8
Change Component Designator: OldDesignator=U3 NewDesignator=U9
Change Component Designator: OldDesignator=U4 NewDesignator=U10
Change Component Designator: OldDesignator=U5_DAC_OFFSET_CANAL1 NewDesignator=U5
Change Component Designator: OldDesignator=U5_DAC_OFFSET_CANAL2 NewDesignator=U6
Change Component Designator: OldDesignator=U6_Amplificador1 NewDesignator=U1
Change Component Designator: OldDesignator=U6_Amplificador2 NewDesignator=U3
Change Component Designator: OldDesignator=U7_Amplificador1 NewDesignator=U2
Change Component Designator: OldDesignator=U7_Amplificador2 NewDesignator=U4
Change Component Designator: OldDesignator=U8 NewDesignator=U11
Change Component Designator: OldDesignator=U9 NewDesignator=U12
Added Component: Designator=JMP1(JMP2_TH)
Change Net Name : Old Net Name=NetB3_DDS1_25 New Net Name=NetB16_25
Change Net Name : Old Net Name=NetB3_DDS2_25 New Net Name=NetB17_25
Change Net Name : Old Net Name=NetB3_DDS2_32 New Net Name=NetB17_32
Change Net Name : Old Net Name=NetB6_Atenuador_Digital_Pasos1_11 New Net Name=NetB13_11
Change Net Name : Old Net Name=NetB6_Atenuador_Digital_Pasos1_12 New Net Name=NetB13_12
Change Net Name : Old Net Name=NetB6_Atenuador_Digital_Pasos2_11 New Net Name=NetB14_11
Change Net Name : Old Net Name=NetB6_Atenuador_Digital_Pasos2_12 New Net Name=NetB14_12
Change Net Name : Old Net Name=NetB12_10 New Net Name=NetB18_10
Change Net Name : Old Net Name=NetB13_10 New Net Name=NetB19_10
Change Net Name : Old Net Name=NetC2_1 New Net Name=NetC71_1
Change Net Name : Old Net Name=NetC118_2 New Net Name=NetC173_2
Change Net Name : Old Net Name=NetC120_2 New Net Name=NetC175_2
Change Net Name : Old Net Name=NetC128_1 New Net Name=NetC183_1
Change Net Name : Old Net Name=NetC131_2 New Net Name=NetC186_2
Change Net Name : Old Net Name=NetD1_A New Net Name=NetD13_A
Change Net Name : Old Net Name=NetD2_A New Net Name=NetD14_A
Change Net Name : Old Net Name=NetD7_2 New Net Name=NetD11_2
Change Net Name : Old Net Name=NetD8_2 New Net Name=NetD12_2
Change Net Name : Old Net Name=NetD13_A New Net Name=NetD5_A
Change Net Name : Old Net Name=NetD14_A New Net Name=NetD6_A
Change Net Name : Old Net Name=NetD15_A New Net Name=NetD7_A
Change Net Name : Old Net Name=NetD16_K New Net Name=NetD8_K
Change Net Name : Old Net Name=NetD17_K New Net Name=NetD9_K
Change Net Name : Old Net Name=NetJ11_10 New Net Name=NetJ10_10
Change Net Name : Old Net Name=NetJ11_12 New Net Name=NetJ10_12
Change Net Name : Old Net Name=NetR92_1 New Net Name=NetR124_1
Change Net Name : Old Net Name=NetR94_1 New Net Name=NetR126_1
Change Net Name : Old Net Name=NetR96_1 New Net Name=NetR128_1
Change Net Name : Old Net Name=NetR98_1 New Net Name=NetR130_1
Change Net Name : Old Net Name=NetR100_1 New Net Name=NetR132_1
Change Net Name : Old Net Name=NetR101_1 New Net Name=NetR133_1
Change Net Name : Old Net Name=NetR102_1 New Net Name=NetR134_1
Change Net Name : Old Net Name=NetR103_1 New Net Name=NetR135_1
Change Net Name : Old Net Name=NetR134_2 New Net Name=NetR166_2
Added Member To Class: ClassName=Ethernet Member=Component JMP1 Jumper
