Removed Pin From Net: NetName=AGND Pin=B9-3
Removed Pin From Net: NetName=AGND Pin=B11-3
Removed Pin From Net: NetName=AGND Pin=C85-1
Removed Pin From Net: NetName=AGND Pin=C86-1
Removed Pin From Net: NetName=AGND Pin=C87-1
Removed Pin From Net: NetName=AGND Pin=C88-1
Removed Pin From Net: NetName=AGND Pin=C91-2
Removed Pin From Net: NetName=AGND Pin=C92-2
Removed Pin From Net: NetName=AGND Pin=C93-2
Removed Pin From Net: NetName=AGND Pin=C94-2
Removed Pin From Net: NetName=AGND Pin=C95-1
Removed Pin From Net: NetName=AGND Pin=C96-1
Removed Pin From Net: NetName=AGND Pin=C97-1
Removed Pin From Net: NetName=AGND Pin=C98-1
Removed Pin From Net: NetName=AGND Pin=C101-2
Removed Pin From Net: NetName=AGND Pin=C102-2
Removed Pin From Net: NetName=AGND Pin=C103-2
Removed Pin From Net: NetName=AGND Pin=C104-2
Removed Pin From Net: NetName=AGND Pin=R75-1
Removed Pin From Net: NetName=AGND Pin=R80-1
Added Pin To Net: NetName=GND Pin=B9-3
Added Pin To Net: NetName=GND Pin=B11-3
Added Pin To Net: NetName=GND Pin=C85-1
Added Pin To Net: NetName=GND Pin=C86-1
Added Pin To Net: NetName=GND Pin=C87-1
Added Pin To Net: NetName=GND Pin=C88-1
Added Pin To Net: NetName=GND Pin=C91-2
Added Pin To Net: NetName=GND Pin=C92-2
Added Pin To Net: NetName=GND Pin=C93-2
Added Pin To Net: NetName=GND Pin=C94-2
Added Pin To Net: NetName=GND Pin=C95-1
Added Pin To Net: NetName=GND Pin=C96-1
Added Pin To Net: NetName=GND Pin=C97-1
Added Pin To Net: NetName=GND Pin=C98-1
Added Pin To Net: NetName=GND Pin=C101-2
Added Pin To Net: NetName=GND Pin=C102-2
Added Pin To Net: NetName=GND Pin=C103-2
Added Pin To Net: NetName=GND Pin=C104-2
Added Pin To Net: NetName=GND Pin=R75-1
Added Pin To Net: NetName=GND Pin=R80-1
