Removed Member From Class: ClassName=RELOJ_SI5351 Member=B2
Removed Member From Class: ClassName=MICROCONTROLADOR RP2040 Member=B4_Conversor_Diff_A_Simple1
Removed Member From Class: ClassName=Ethernet Member=B6_Atenuador_Digital_Pasos1
Removed Member From Class: ClassName=ConexionesPanelFrontal/Perifericos Member=B10_Offset2
Removed Member From Class: ClassName=MICROCONTROLADOR RP2040 Member=B10_Offset2
Removed Member From Class: ClassName=Ethernet Member=C18_DDS1
Removed Member From Class: ClassName=Ethernet Member=C19_DDS1
Removed Member From Class: ClassName=Ethernet Member=C20_DDS1
Removed Member From Class: ClassName=Ethernet Member=C21_DDS1
Removed Member From Class: ClassName=Ethernet Member=C22_DDS1
Removed Member From Class: ClassName=Ethernet Member=C23_DDS1
Removed Member From Class: ClassName=Ethernet Member=C24_DDS1
Removed Member From Class: ClassName=Ethernet Member=C25_DDS1
Removed Member From Class: ClassName=Ethernet Member=C26_DDS1
Removed Member From Class: ClassName=RELOJ_SI5351 Member=C32_Conversor_Diff_A_Simple2
Removed Member From Class: ClassName=CONVERSOR_CMOS_A_LVPECL Member=C33_Conversor_Diff_A_Simple2
Removed Member From Class: ClassName=CONVERSOR_CMOS_A_LVPECL Member=C34_Conversor_Diff_A_Simple2
Removed Member From Class: ClassName=CONVERSOR_CMOS_A_LVPECL Member=C35_Conversor_Diff_A_Simple2
Removed Member From Class: ClassName=CONVERSOR_CMOS_A_LVPECL Member=C36_Conversor_Diff_A_Simple2
Removed Member From Class: ClassName=CONVERSOR_CMOS_A_LVPECL Member=C37_Conversor_Diff_A_Simple2
Removed Member From Class: ClassName=CONVERSOR_CMOS_A_LVPECL Member=C38_Conversor_Diff_A_Simple2
Removed Member From Class: ClassName=Ethernet Member=C41_Conversor_Diff_A_Simple1
Removed Member From Class: ClassName=RELOJ_SI5351 Member=C41_Conversor_Diff_A_Simple1
Removed Member From Class: ClassName=Alimentacion y Filtro Member=C42_Atenuador_Digital_Pasos1
Removed Member From Class: ClassName=Alimentacion y Filtro Member=C43_Atenuador_Digital_Pasos1
Removed Member From Class: ClassName=Memoria EEPROM Member=C43_Atenuador_Digital_Pasos2
Removed Member From Class: ClassName=Alimentacion y Filtro Member=C44_Atenuador_Digital_Pasos1
Removed Member From Class: ClassName=Memoria EEPROM Member=C44_Atenuador_Digital_Pasos2
Removed Member From Class: ClassName=Alimentacion y Filtro Member=C45_Atenuador_Digital_Pasos1
Removed Member From Class: ClassName=Ethernet Member=C45_Atenuador_Digital_Pasos2
Removed Member From Class: ClassName=Alimentacion y Filtro Member=C46_Atenuador_Digital_Pasos1
Removed Member From Class: ClassName=Ethernet Member=C46_Atenuador_Digital_Pasos2
Removed Member From Class: ClassName=Ethernet Member=C47_Atenuador_Digital_Pasos2
Removed Member From Class: ClassName=Ethernet Member=C48_Atenuador_Digital_Pasos2
Removed Member From Class: ClassName=Ethernet Member=C49_Atenuador_Digital_Pasos2
Removed Member From Class: ClassName=Ethernet Member=C50_Atenuador_Digital_Pasos2
Removed Member From Class: ClassName=Ethernet Member=C51_Atenuador_Digital_Pasos2
Removed Member From Class: ClassName=Ethernet Member=C52_Atenuador_Digital_Pasos2
Removed Member From Class: ClassName=Ethernet Member=C54
Removed Member From Class: ClassName=Alimentacion y Filtro Member=C62_DAC_OFFSET_CANAL1
Removed Member From Class: ClassName=Alimentacion y Filtro Member=C62_DAC_OFFSET_CANAL2
Removed Member From Class: ClassName=Alimentacion y Filtro Member=C63
Removed Member From Class: ClassName=MICROCONTROLADOR RP2040 Member=C63
Removed Member From Class: ClassName=Alimentacion y Filtro Member=C64
Removed Member From Class: ClassName=MICROCONTROLADOR RP2040 Member=C64
Removed Member From Class: ClassName=Alimentacion y Filtro Member=C66
Removed Member From Class: ClassName=Alimentacion y Filtro Member=C68
Removed Member From Class: ClassName=Alimentacion y Filtro Member=C70
Removed Member From Class: ClassName=Alimentacion y Filtro Member=C71_Offset2
Removed Member From Class: ClassName=MICROCONTROLADOR RP2040 Member=C71_Offset2
Removed Member From Class: ClassName=Alimentacion y Filtro Member=C72_Offset2
Removed Member From Class: ClassName=MICROCONTROLADOR RP2040 Member=C72_Offset2
Removed Member From Class: ClassName=Alimentacion y Filtro Member=C73_Offset2
Removed Member From Class: ClassName=MICROCONTROLADOR RP2040 Member=C73_Offset2
Removed Member From Class: ClassName=Alimentacion y Filtro Member=C74_Offset2
Removed Member From Class: ClassName=MICROCONTROLADOR RP2040 Member=C74_Offset2
Removed Member From Class: ClassName=ConexionesPanelFrontal/Perifericos Member=C75_Offset1
Removed Member From Class: ClassName=Alimentacion y Filtro Member=C75_Offset2
Removed Member From Class: ClassName=MICROCONTROLADOR RP2040 Member=C75_Offset2
Removed Member From Class: ClassName=ConexionesPanelFrontal/Perifericos Member=C76_Offset1
Removed Member From Class: ClassName=Alimentacion y Filtro Member=C76_Offset2
Removed Member From Class: ClassName=MICROCONTROLADOR RP2040 Member=C76_Offset2
Removed Member From Class: ClassName=Alimentacion y Filtro Member=C77_Offset1
Removed Member From Class: ClassName=Alimentacion y Filtro Member=C77_Offset2
Removed Member From Class: ClassName=MICROCONTROLADOR RP2040 Member=C77_Offset2
Removed Member From Class: ClassName=Alimentacion y Filtro Member=C78_Offset1
Removed Member From Class: ClassName=MICROCONTROLADOR RP2040 Member=C78_Offset1
Removed Member From Class: ClassName=Alimentacion y Filtro Member=C78_Offset2
Removed Member From Class: ClassName=MICROCONTROLADOR RP2040 Member=C78_Offset2
Removed Member From Class: ClassName=Alimentacion y Filtro Member=C79_Offset1
Removed Member From Class: ClassName=MICROCONTROLADOR RP2040 Member=C79_Offset1
Removed Member From Class: ClassName=Alimentacion y Filtro Member=C79_Offset2
Removed Member From Class: ClassName=MICROCONTROLADOR RP2040 Member=C79_Offset2
Removed Member From Class: ClassName=Alimentacion y Filtro Member=C80_Offset1
Removed Member From Class: ClassName=MICROCONTROLADOR RP2040 Member=C80_Offset1
Removed Member From Class: ClassName=Alimentacion y Filtro Member=C80_Offset2
Removed Member From Class: ClassName=MICROCONTROLADOR RP2040 Member=C80_Offset2
Removed Member From Class: ClassName=MICROCONTROLADOR RP2040 Member=C91
Removed Member From Class: ClassName=MICROCONTROLADOR RP2040 Member=C107
Removed Member From Class: ClassName=Alimentacion y Filtro Member=D1
Removed Member From Class: ClassName=Alimentacion y Filtro Member=D2
Removed Member From Class: ClassName=SALIDA_BNC Member=D3
Removed Member From Class: ClassName=SALIDA_BNC Member=D4
Removed Member From Class: ClassName=Control-Principal.V03.R00 Member=D5
Removed Member From Class: ClassName=Control-Principal.V03.R00 Member=D6
Removed Member From Class: ClassName=Alimentacion y Filtro Member=D7
Removed Member From Class: ClassName=MICROCONTROLADOR RP2040 Member=D7
Removed Member From Class: ClassName=Alimentacion y Filtro Member=D8
Removed Member From Class: ClassName=MICROCONTROLADOR RP2040 Member=D8
Removed Member From Class: ClassName=Ethernet Member=D19
Removed Member From Class: ClassName=Ethernet Member=D20
Removed Member From Class: ClassName=Alimentacion y Filtro Member=FB2
Removed Member From Class: ClassName=MICROCONTROLADOR RP2040 Member=FB2
Removed Member From Class: ClassName=Alimentacion y Filtro Member=FB4
Removed Member From Class: ClassName=Alimentacion y Filtro Member=FB6
Removed Member From Class: ClassName=Ethernet Member=FB7
Removed Member From Class: ClassName=ConexionesPanelFrontal/Perifericos Member=J2
Removed Member From Class: ClassName=MICROCONTROLADOR RP2040 Member=J2
Removed Member From Class: ClassName=ConexionesPanelFrontal/Perifericos Member=J8
Removed Member From Class: ClassName=MICROCONTROLADOR RP2040 Member=J8
Removed Member From Class: ClassName=SALIDA_BNC Member=J8
Removed Member From Class: ClassName=Ethernet Member=J11
Removed Member From Class: ClassName=CONVERSOR_CMOS_A_LVPECL Member=R10
Removed Member From Class: ClassName=Ethernet Member=R10
Removed Member From Class: ClassName=Ethernet Member=R21_DDS1
Removed Member From Class: ClassName=Ethernet Member=R21_DDS2
Removed Member From Class: ClassName=Ethernet Member=R22_DDS1
Removed Member From Class: ClassName=Ethernet Member=R22_DDS2
Removed Member From Class: ClassName=Ethernet Member=R23_DDS1
Removed Member From Class: ClassName=Ethernet Member=R23_DDS2
Removed Member From Class: ClassName=Alimentacion y Filtro Member=R26_Conversor_Diff_A_Simple2
Removed Member From Class: ClassName=Memoria EEPROM Member=R31_Atenuador_Digital_Pasos2
Removed Member From Class: ClassName=Memoria EEPROM Member=R32_Atenuador_Digital_Pasos2
Removed Member From Class: ClassName=Memoria EEPROM Member=R33_Atenuador_Digital_Pasos2
Removed Member From Class: ClassName=Memoria EEPROM Member=R34_Atenuador_Digital_Pasos2
Removed Member From Class: ClassName=Memoria EEPROM Member=R35_Atenuador_Digital_Pasos2
Removed Member From Class: ClassName=Memoria EEPROM Member=R36_Atenuador_Digital_Pasos2
Removed Member From Class: ClassName=Memoria EEPROM Member=R37_Atenuador_Digital_Pasos2
Removed Member From Class: ClassName=Ethernet Member=R38_Atenuador_Digital_Pasos2
Removed Member From Class: ClassName=Memoria EEPROM Member=R39_Atenuador_Digital_Pasos1
Removed Member From Class: ClassName=Ethernet Member=R39_Atenuador_Digital_Pasos2
Removed Member From Class: ClassName=Ethernet Member=R44
Removed Member From Class: ClassName=Ethernet Member=R46
Removed Member From Class: ClassName=Ethernet Member=R48
Removed Member From Class: ClassName=Alimentacion y Filtro Member=R50_DAC_OFFSET_CANAL1
Removed Member From Class: ClassName=Alimentacion y Filtro Member=R57
Removed Member From Class: ClassName=Control-Principal.V03.R00 Member=R57
Removed Member From Class: ClassName=Alimentacion y Filtro Member=R58
Removed Member From Class: ClassName=Control-Principal.V03.R00 Member=R58
Removed Member From Class: ClassName=Alimentacion y Filtro Member=R60
Removed Member From Class: ClassName=Control-Principal.V03.R00 Member=R60
Removed Member From Class: ClassName=CONVERSOR_CMOS_A_LVPECL Member=R60
Removed Member From Class: ClassName=ConexionesPanelFrontal/Perifericos Member=R62_Offset2
Removed Member From Class: ClassName=MICROCONTROLADOR RP2040 Member=R63_Offset1
Removed Member From Class: ClassName=SALIDA_BNC Member=R63_Offset1
Removed Member From Class: ClassName=ConexionesPanelFrontal/Perifericos Member=R63_Offset2
Removed Member From Class: ClassName=SALIDA_BNC Member=R64_Offset1
Removed Member From Class: ClassName=ConexionesPanelFrontal/Perifericos Member=R64_Offset2
Removed Member From Class: ClassName=MICROCONTROLADOR RP2040 Member=R65_Offset1
Removed Member From Class: ClassName=SALIDA_BNC Member=R65_Offset1
Removed Member From Class: ClassName=ConexionesPanelFrontal/Perifericos Member=R65_Offset2
Removed Member From Class: ClassName=SALIDA_BNC Member=R66_Offset1
Removed Member From Class: ClassName=ConexionesPanelFrontal/Perifericos Member=R66_Offset2
Removed Member From Class: ClassName=Control-Principal.V03.R00 Member=R67_Amplificador1
Removed Member From Class: ClassName=Control-Principal.V03.R00 Member=R67_Amplificador2
Removed Member From Class: ClassName=Control-Principal.V03.R00 Member=R68_Amplificador1
Removed Member From Class: ClassName=CONVERSOR_CMOS_A_LVPECL Member=R68_Amplificador1
Removed Member From Class: ClassName=Ethernet Member=R68_Amplificador1
Removed Member From Class: ClassName=Control-Principal.V03.R00 Member=R68_Amplificador2
Removed Member From Class: ClassName=Control-Principal.V03.R00 Member=R69_Amplificador1
Removed Member From Class: ClassName=MICROCONTROLADOR RP2040 Member=R69_Amplificador2
Removed Member From Class: ClassName=Control-Principal.V03.R00 Member=R70_Amplificador1
Removed Member From Class: ClassName=CONVERSOR_CMOS_A_LVPECL Member=R70_Amplificador1
Removed Member From Class: ClassName=MICROCONTROLADOR RP2040 Member=R70_Amplificador2
Removed Member From Class: ClassName=Control-Principal.V03.R00 Member=R71_Amplificador1
Removed Member From Class: ClassName=MICROCONTROLADOR RP2040 Member=R71_Amplificador2
Removed Member From Class: ClassName=Control-Principal.V03.R00 Member=R72_Amplificador1
Removed Member From Class: ClassName=MICROCONTROLADOR RP2040 Member=R72_Amplificador2
Removed Member From Class: ClassName=MICROCONTROLADOR RP2040 Member=R74
Removed Member From Class: ClassName=CONVERSOR_CMOS_A_LVPECL Member=R89
Removed Member From Class: ClassName=CONVERSOR_CMOS_A_LVPECL Member=R91
Removed Member From Class: ClassName=Ethernet Member=R91
Removed Member From Class: ClassName=Ethernet Member=R100
Removed Member From Class: ClassName=Ethernet Member=R101
Removed Member From Class: ClassName=MICROCONTROLADOR RP2040 Member=SW1
Removed Member From Class: ClassName=MICROCONTROLADOR RP2040 Member=SW2
Removed Member From Class: ClassName=Alimentacion y Filtro Member=TP1
Removed Member From Class: ClassName=Alimentacion y Filtro Member=TP3
Removed Member From Class: ClassName=Alimentacion y Filtro Member=TP5
Removed Member From Class: ClassName=Alimentacion y Filtro Member=TP6
Removed Member From Class: ClassName=Control-Principal.V03.R00 Member=TP23
Removed Member From Class: ClassName=Control-Principal.V03.R00 Member=TP25
Removed Member From Class: ClassName=Control-Principal.V03.R00 Member=TP27
Removed Member From Class: ClassName=Control-Principal.V03.R00 Member=TP32_DDS_CANAL1
Removed Member From Class: ClassName=MICROCONTROLADOR RP2040 Member=TP32_DDS_CANAL2
Removed Member From Class: ClassName=Alimentacion y Filtro Member=TP37_DAC_OFFSET_CANAL2
Removed Member From Class: ClassName=Alimentacion y Filtro Member=TP42_Offset1
Removed Member From Class: ClassName=Alimentacion y Filtro Member=TP43_Offset1
Removed Member From Class: ClassName=Alimentacion y Filtro Member=TP44_Offset1
Removed Member From Class: ClassName=Alimentacion y Filtro Member=TP45_Offset1
Removed Member From Class: ClassName=Control-Principal.V03.R00 Member=TP45_Offset1
Removed Member From Class: ClassName=Alimentacion y Filtro Member=TP46_Offset1
Removed Member From Class: ClassName=Control-Principal.V03.R00 Member=TP47_Amplificador1
Removed Member From Class: ClassName=Control-Principal.V03.R00 Member=TP47_Amplificador2
Removed Member From Class: ClassName=Control-Principal.V03.R00 Member=TP48_Amplificador1
Removed Member From Class: ClassName=Control-Principal.V03.R00 Member=TP48_Amplificador2
Removed Member From Class: ClassName=Control-Principal.V03.R00 Member=TP49_Amplificador1
Removed Member From Class: ClassName=Control-Principal.V03.R00 Member=TP49_Amplificador2
Removed Member From Class: ClassName=Control-Principal.V03.R00 Member=TP50_Amplificador1
Removed Member From Class: ClassName=Control-Principal.V03.R00 Member=TP50_Amplificador2
Removed Member From Class: ClassName=Memoria EEPROM Member=U3
Removed Member From Class: ClassName=MICROCONTROLADOR RP2040 Member=U6_Amplificador1
Removed Member From Class: ClassName=MICROCONTROLADOR RP2040 Member=U6_Amplificador2
Removed Member From Class: ClassName=MICROCONTROLADOR RP2040 Member=U7_Amplificador1
Removed Member From Class: ClassName=CONVERSOR_CMOS_A_LVPECL Member=U7_Amplificador2
Removed Member From Class: ClassName=MICROCONTROLADOR RP2040 Member=X1
Removed Member From Class: ClassName=Ethernet Member=Y2
Add Component: Footprint Not Found FP-MTLW-102-07-G-S-230-MFG
Add Pin To Net: Unknown Pin: Pin J10-1
Add Pin To Net: Unknown Pin: Pin J10-2
Change Class Name : Old Net Name=Alimentacion y Filtro New Net Name=MICROCONTROLADOR RP2040
Change Class Name : Old Net Name=ConexionesPanelFrontal/Perifericos New Net Name=DAC_BIPOLAR_CH1-CH2
Change Class Name : Old Net Name=Control-Principal.V03.R00 New Net Name=Alimentacion y Filtro
Change Class Name : Old Net Name=Ethernet New Net Name=Referencia Tension/Ajuste Fino Amplitud - DDS
Change Class Name : Old Net Name=MICROCONTROLADOR RP2040 New Net Name=Control-Principal.V03.R00
Added Class: Name=ConexionesPanelFrontal/Perifericos
Added Class: Name=Ethernet
Added Member To Class: ClassName=MICROCONTROLADOR RP2040 Member=Component B1 USBLC6-2SC6
Added Member To Class: ClassName=MICROCONTROLADOR RP2040 Member=Component B2 W25Q128JVSIM_TR
Added Member To Class: ClassName=RELOJ_SI5351 Member=Component B7 SI5351A-B-GTR
Added Member To Class: ClassName=DAC_BIPOLAR_CH1-CH2 Member=Component B8 OPA4197ID
Added Member To Class: ClassName=Referencia Tension/Ajuste Fino Amplitud - DDS Member=Component B12 DAC8562SDGSR
Added Member To Class: ClassName=MICROCONTROLADOR RP2040 Member=Component C1 10u
Added Member To Class: ClassName=MICROCONTROLADOR RP2040 Member=Component C3 2.2uF
Added Member To Class: ClassName=MICROCONTROLADOR RP2040 Member=Component C4 4.7uF
Added Member To Class: ClassName=MICROCONTROLADOR RP2040 Member=Component C5 100n
Added Member To Class: ClassName=MICROCONTROLADOR RP2040 Member=Component C6 100n
Added Member To Class: ClassName=MICROCONTROLADOR RP2040 Member=Component C7 100n
Added Member To Class: ClassName=MICROCONTROLADOR RP2040 Member=Component C8 100n
Added Member To Class: ClassName=MICROCONTROLADOR RP2040 Member=Component C9 100n
Added Member To Class: ClassName=MICROCONTROLADOR RP2040 Member=Component C10 100n
Added Member To Class: ClassName=MICROCONTROLADOR RP2040 Member=Component C11 100n
Added Member To Class: ClassName=MICROCONTROLADOR RP2040 Member=Component C12 100n
Added Member To Class: ClassName=MICROCONTROLADOR RP2040 Member=Component C13 100n
Added Member To Class: ClassName=MICROCONTROLADOR RP2040 Member=Component C14 1u
Added Member To Class: ClassName=MICROCONTROLADOR RP2040 Member=Component C15 100n
Added Member To Class: ClassName=MICROCONTROLADOR RP2040 Member=Component C16 15p
Added Member To Class: ClassName=MICROCONTROLADOR RP2040 Member=Component C17 15p
Added Member To Class: ClassName=RELOJ_SI5351 Member=Component C53 100n
Added Member To Class: ClassName=RELOJ_SI5351 Member=Component C54 100n
Added Member To Class: ClassName=CONVERSOR_CMOS_A_LVPECL Member=Component C55 100n
Added Member To Class: ClassName=CONVERSOR_CMOS_A_LVPECL Member=Component C56 100n
Added Member To Class: ClassName=CONVERSOR_CMOS_A_LVPECL Member=Component C57 100n
Added Member To Class: ClassName=CONVERSOR_CMOS_A_LVPECL Member=Component C58 100n
Added Member To Class: ClassName=CONVERSOR_CMOS_A_LVPECL Member=Component C59 100n
Added Member To Class: ClassName=CONVERSOR_CMOS_A_LVPECL Member=Component C60 100n
Added Member To Class: ClassName=DAC_BIPOLAR_CH1-CH2 Member=Component C63 0.1u
Added Member To Class: ClassName=DAC_BIPOLAR_CH1-CH2 Member=Component C64 0.1u
Added Member To Class: ClassName=DAC_BIPOLAR_CH1-CH2 Member=Component C65 C0805
Added Member To Class: ClassName=DAC_BIPOLAR_CH1-CH2 Member=Component C66 0.1u
Added Member To Class: ClassName=DAC_BIPOLAR_CH1-CH2 Member=Component C67 100n
Added Member To Class: ClassName=DAC_BIPOLAR_CH1-CH2 Member=Component C68 100n
Added Member To Class: ClassName=DAC_BIPOLAR_CH1-CH2 Member=Component C69 100n
Added Member To Class: ClassName=DAC_BIPOLAR_CH1-CH2 Member=Component C70 100n
Added Member To Class: ClassName=Alimentacion y Filtro Member=Component C91 100n
Added Member To Class: ClassName=Alimentacion y Filtro Member=Component C92 10u
Added Member To Class: ClassName=Alimentacion y Filtro Member=Component C93 10u
Added Member To Class: ClassName=Alimentacion y Filtro Member=Component C94 100n
Added Member To Class: ClassName=Alimentacion y Filtro Member=Component C95 100n
Added Member To Class: ClassName=Alimentacion y Filtro Member=Component C96 100n
Added Member To Class: ClassName=Alimentacion y Filtro Member=Component C97 10u
Added Member To Class: ClassName=Alimentacion y Filtro Member=Component C98 10u
Added Member To Class: ClassName=Alimentacion y Filtro Member=Component C99 100n
Added Member To Class: ClassName=Alimentacion y Filtro Member=Component C100 100n
Added Member To Class: ClassName=Alimentacion y Filtro Member=Component C101 100n
Added Member To Class: ClassName=Alimentacion y Filtro Member=Component C102 10u
Added Member To Class: ClassName=Alimentacion y Filtro Member=Component C103 10u
Added Member To Class: ClassName=Alimentacion y Filtro Member=Component C104 100n
Added Member To Class: ClassName=Alimentacion y Filtro Member=Component C105 100n
Added Member To Class: ClassName=Alimentacion y Filtro Member=Component C106 100n
Added Member To Class: ClassName=Alimentacion y Filtro Member=Component C107 10u
Added Member To Class: ClassName=Alimentacion y Filtro Member=Component C108 10u
Added Member To Class: ClassName=Alimentacion y Filtro Member=Component C109 100n
Added Member To Class: ClassName=Alimentacion y Filtro Member=Component C110 100n
Added Member To Class: ClassName=Alimentacion y Filtro Member=Component C111 100n
Added Member To Class: ClassName=Alimentacion y Filtro Member=Component C112 100n
Added Member To Class: ClassName=Alimentacion y Filtro Member=Component C113 10u
Added Member To Class: ClassName=Alimentacion y Filtro Member=Component C114 10u
Added Member To Class: ClassName=Alimentacion y Filtro Member=Component C115 100n
Added Member To Class: ClassName=Alimentacion y Filtro Member=Component C116 100n
Added Member To Class: ClassName=Alimentacion y Filtro Member=Component C117 100n
Added Member To Class: ClassName=Referencia Tension/Ajuste Fino Amplitud - DDS Member=Component C118 1u
Added Member To Class: ClassName=Referencia Tension/Ajuste Fino Amplitud - DDS Member=Component C119 150n
Added Member To Class: ClassName=Referencia Tension/Ajuste Fino Amplitud - DDS Member=Component C120 1u
Added Member To Class: ClassName=Referencia Tension/Ajuste Fino Amplitud - DDS Member=Component C121 100n
Added Member To Class: ClassName=Referencia Tension/Ajuste Fino Amplitud - DDS Member=Component C122 1u
Added Member To Class: ClassName=Referencia Tension/Ajuste Fino Amplitud - DDS Member=Component C123 100n
Added Member To Class: ClassName=Referencia Tension/Ajuste Fino Amplitud - DDS Member=Component C124 1u
Added Member To Class: ClassName=Memoria EEPROM Member=Component C125 100n
Added Member To Class: ClassName=Memoria EEPROM Member=Component C126 1u
Added Member To Class: ClassName=SALIDA_BNC Member=Component D7 1N4148WSF-7
Added Member To Class: ClassName=SALIDA_BNC Member=Component D8 1N4148WSF-7
Added Member To Class: ClassName=Alimentacion y Filtro Member=Component D9 ESD9B3.3ST5G
Added Member To Class: ClassName=Alimentacion y Filtro Member=Component D10 SMF5.0AT1G
Added Member To Class: ClassName=Alimentacion y Filtro Member=Component D11 SMF5.0AT1G
Added Member To Class: ClassName=Alimentacion y Filtro Member=Component D12 SMBJ15A
Added Member To Class: ClassName=Alimentacion y Filtro Member=Component D13 GREEN
Added Member To Class: ClassName=Alimentacion y Filtro Member=Component D14 GREEN
Added Member To Class: ClassName=Alimentacion y Filtro Member=Component D15 GREEN
Added Member To Class: ClassName=Alimentacion y Filtro Member=Component D16 GREEN
Added Member To Class: ClassName=Alimentacion y Filtro Member=Component D17 GREEN
Added Member To Class: ClassName=Alimentacion y Filtro Member=Component D18 SMBJ15A
Added Member To Class: ClassName=MICROCONTROLADOR RP2040 Member=Component FB1 MPZ1608S331ATA00
Added Member To Class: ClassName=Alimentacion y Filtro Member=Component FB2 FB0805
Added Member To Class: ClassName=Alimentacion y Filtro Member=Component FB3 FB0805
Added Member To Class: ClassName=Alimentacion y Filtro Member=Component FB4 FB0805
Added Member To Class: ClassName=Alimentacion y Filtro Member=Component FB5 FB0805
Added Member To Class: ClassName=Alimentacion y Filtro Member=Component FB6 FB0805
Added Member To Class: ClassName=MICROCONTROLADOR RP2040 Member=Component J1 USB4105-GF-A
Added Member To Class: ClassName=MICROCONTROLADOR RP2040 Member=Component J3 SSQ-103-01-T-S
Added Member To Class: ClassName=SALIDA_BNC Member=Component J4 5413879-2
Added Member To Class: ClassName=SALIDA_BNC Member=Component J5 5413879-2
Added Member To Class: ClassName=Alimentacion y Filtro Member=Component J9 SBH11-PBPC-D08-ST-BK
Added Member To Class: ClassName=Control-Principal.V03.R00 Member=Component R1 0R
Added Member To Class: ClassName=Control-Principal.V03.R00 Member=Component R2 0R
Added Member To Class: ClassName=Control-Principal.V03.R00 Member=Component R3 0R
Added Member To Class: ClassName=Control-Principal.V03.R00 Member=Component R4 0R
Added Member To Class: ClassName=Control-Principal.V03.R00 Member=Component R5 0R
Added Member To Class: ClassName=Control-Principal.V03.R00 Member=Component R6 0R
Added Member To Class: ClassName=Control-Principal.V03.R00 Member=Component R7 0R
Added Member To Class: ClassName=Control-Principal.V03.R00 Member=Component R8 0R
Added Member To Class: ClassName=Control-Principal.V03.R00 Member=Component R9 0R
Added Member To Class: ClassName=Control-Principal.V03.R00 Member=Component R10 10K
Added Member To Class: ClassName=Control-Principal.V03.R00 Member=Component R11 10K
Added Member To Class: ClassName=Control-Principal.V03.R00 Member=Component R12 1K
Added Member To Class: ClassName=Control-Principal.V03.R00 Member=Component R13 1K
Added Member To Class: ClassName=MICROCONTROLADOR RP2040 Member=Component R14 5K1 1%
Added Member To Class: ClassName=MICROCONTROLADOR RP2040 Member=Component R15 5K1 1%
Added Member To Class: ClassName=MICROCONTROLADOR RP2040 Member=Component R16 33 1%
Added Member To Class: ClassName=MICROCONTROLADOR RP2040 Member=Component R17 1K 1%
Added Member To Class: ClassName=MICROCONTROLADOR RP2040 Member=Component R18 33 1%
Added Member To Class: ClassName=MICROCONTROLADOR RP2040 Member=Component R19 DFN
Added Member To Class: ClassName=MICROCONTROLADOR RP2040 Member=Component R20 1K 1%
Added Member To Class: ClassName=CONVERSOR_CMOS_A_LVPECL Member=Component R40 120R
Added Member To Class: ClassName=CONVERSOR_CMOS_A_LVPECL Member=Component R41 120R
Added Member To Class: ClassName=CONVERSOR_CMOS_A_LVPECL Member=Component R42 120R
Added Member To Class: ClassName=CONVERSOR_CMOS_A_LVPECL Member=Component R43 120R
Added Member To Class: ClassName=CONVERSOR_CMOS_A_LVPECL Member=Component R44 R0805
Added Member To Class: ClassName=CONVERSOR_CMOS_A_LVPECL Member=Component R45 R0805
Added Member To Class: ClassName=CONVERSOR_CMOS_A_LVPECL Member=Component R46 82R
Added Member To Class: ClassName=CONVERSOR_CMOS_A_LVPECL Member=Component R47 82R
Added Member To Class: ClassName=CONVERSOR_CMOS_A_LVPECL Member=Component R48 82R
Added Member To Class: ClassName=CONVERSOR_CMOS_A_LVPECL Member=Component R49 82R
Added Member To Class: ClassName=DAC_BIPOLAR_CH1-CH2 Member=Component R57 R0805
Added Member To Class: ClassName=DAC_BIPOLAR_CH1-CH2 Member=Component R58 R0805
Added Member To Class: ClassName=DAC_BIPOLAR_CH1-CH2 Member=Component R59 R0805
Added Member To Class: ClassName=DAC_BIPOLAR_CH1-CH2 Member=Component R60 R0805
Added Member To Class: ClassName=DAC_BIPOLAR_CH1-CH2 Member=Component R61 R0805
Added Member To Class: ClassName=SALIDA_BNC Member=Component R73 1K 1%
Added Member To Class: ClassName=SALIDA_BNC Member=Component R74 50 Ohm
Added Member To Class: ClassName=SALIDA_BNC Member=Component R75 1K 1%
Added Member To Class: ClassName=SALIDA_BNC Member=Component R76 50 Ohm
Added Member To Class: ClassName=Alimentacion y Filtro Member=Component R87 1K
Added Member To Class: ClassName=Alimentacion y Filtro Member=Component R88 1K
Added Member To Class: ClassName=Alimentacion y Filtro Member=Component R90 1K
Added Member To Class: ClassName=Memoria EEPROM Member=Component R100 0R
Added Member To Class: ClassName=Memoria EEPROM Member=Component R101 0R
Added Member To Class: ClassName=Memoria EEPROM Member=Component R102 0R
Added Member To Class: ClassName=Memoria EEPROM Member=Component R103 0R
Added Member To Class: ClassName=Memoria EEPROM Member=Component R104 10K
Added Member To Class: ClassName=Memoria EEPROM Member=Component R105 0R
Added Member To Class: ClassName=Memoria EEPROM Member=Component R106 0R
Added Member To Class: ClassName=Memoria EEPROM Member=Component R107 0R
Added Member To Class: ClassName=MICROCONTROLADOR RP2040 Member=Component SW1 2-1977223-2
Added Member To Class: ClassName=MICROCONTROLADOR RP2040 Member=Component SW2 2-1977223-2
Added Member To Class: ClassName=Control-Principal.V03.R00 Member=Component TP7 TP_NOBOM
Added Member To Class: ClassName=Control-Principal.V03.R00 Member=Component TP8 TP_NOBOM
Added Member To Class: ClassName=Control-Principal.V03.R00 Member=Component TP9 TP_NOBOM
Added Member To Class: ClassName=Control-Principal.V03.R00 Member=Component TP10 TP_NOBOM
Added Member To Class: ClassName=Control-Principal.V03.R00 Member=Component TP11 TP_NOBOM
Added Member To Class: ClassName=Control-Principal.V03.R00 Member=Component TP12 TP_NOBOM
Added Member To Class: ClassName=Control-Principal.V03.R00 Member=Component TP13 TP_NOBOM
Added Member To Class: ClassName=Control-Principal.V03.R00 Member=Component TP14 TP_NOBOM
Added Member To Class: ClassName=Control-Principal.V03.R00 Member=Component TP15 TP_NOBOM
Added Member To Class: ClassName=Control-Principal.V03.R00 Member=Component TP16 TP_NOBOM
Added Member To Class: ClassName=Control-Principal.V03.R00 Member=Component TP17 TP_NOBOM
Added Member To Class: ClassName=Control-Principal.V03.R00 Member=Component TP18 TP_NOBOM
Added Member To Class: ClassName=Control-Principal.V03.R00 Member=Component TP19 TP_NOBOM
Added Member To Class: ClassName=Control-Principal.V03.R00 Member=Component TP20 TP_NOBOM
Added Member To Class: ClassName=Control-Principal.V03.R00 Member=Component TP21 TP_NOBOM
Added Member To Class: ClassName=Control-Principal.V03.R00 Member=Component TP22 TP_NOBOM
Added Member To Class: ClassName=MICROCONTROLADOR RP2040 Member=Component TP24 TP_NOBOM
Added Member To Class: ClassName=MICROCONTROLADOR RP2040 Member=Component TP26 TP_NOBOM
Added Member To Class: ClassName=MICROCONTROLADOR RP2040 Member=Component TP28 TP_NOBOM
Added Member To Class: ClassName=MICROCONTROLADOR RP2040 Member=Component TP29 TP_NOBOM
Added Member To Class: ClassName=DAC_BIPOLAR_CH1-CH2 Member=Component TP38 TP_NOBOM
Added Member To Class: ClassName=DAC_BIPOLAR_CH1-CH2 Member=Component TP39 TP_NOBOM
Added Member To Class: ClassName=DAC_BIPOLAR_CH1-CH2 Member=Component TP40 TP_NOBOM
Added Member To Class: ClassName=DAC_BIPOLAR_CH1-CH2 Member=Component TP41 TP_NOBOM
Added Member To Class: ClassName=Alimentacion y Filtro Member=Component TP52 TP_NOBOM
Added Member To Class: ClassName=Alimentacion y Filtro Member=Component TP54 TP_NOBOM
Added Member To Class: ClassName=Alimentacion y Filtro Member=Component TP56 TP_NOBOM
Added Member To Class: ClassName=Alimentacion y Filtro Member=Component TP62 TP_NOBOM
Added Member To Class: ClassName=Referencia Tension/Ajuste Fino Amplitud - DDS Member=Component TP64 TP_NOBOM
Added Member To Class: ClassName=Referencia Tension/Ajuste Fino Amplitud - DDS Member=Component TP65 TP_NOBOM
Added Member To Class: ClassName=Referencia Tension/Ajuste Fino Amplitud - DDS Member=Component TP66 TP_NOBOM
Added Member To Class: ClassName=Referencia Tension/Ajuste Fino Amplitud - DDS Member=Component TP67 TP_NOBOM
Added Member To Class: ClassName=MICROCONTROLADOR RP2040 Member=Component U1 NCP1117ST33T3G
Added Member To Class: ClassName=MICROCONTROLADOR RP2040 Member=Component U2 W25Q16JVUXIQ
Added Member To Class: ClassName=MICROCONTROLADOR RP2040 Member=Component U3 RP2040
Added Member To Class: ClassName=CONVERSOR_CMOS_A_LVPECL Member=Component U4 SY55857LKG
Added Member To Class: ClassName=Referencia Tension/Ajuste Fino Amplitud - DDS Member=Component U8 OPA2197IDR
Added Member To Class: ClassName=Memoria EEPROM Member=Component U9 24LC1025T-E/SN
Added Member To Class: ClassName=MICROCONTROLADOR RP2040 Member=Component X1 ABM8-272-T3
