Change Component Comment : Designator=R28 Old Comment=0 Ohm New Comment=0R
Change Component Comment : Designator=R29 Old Comment=0 Ohm New Comment=0R
Change Component Comment : Designator=R30 Old Comment=0 Ohm New Comment=0R
Change Component Comment : Designator=R31 Old Comment=0 Ohm New Comment=0R
Change Component Comment : Designator=R32 Old Comment=0 Ohm New Comment=0R
Change Component Comment : Designator=R33 Old Comment=0 Ohm New Comment=0R
Change Component Comment : Designator=R36 Old Comment=0 Ohm New Comment=0R
Change Component Comment : Designator=R37 Old Comment=0 Ohm New Comment=0R
Change Component Comment : Designator=R74 Old Comment=0 Ohm New Comment=0R
Change Component Comment : Designator=R79 Old Comment=0 Ohm New Comment=0R
Change Component Comment : Designator=R90 Old Comment=0 Ohm New Comment=0R
Change Component Comment : Designator=R91 Old Comment=0 Ohm New Comment=0R
Change Component Comment : Designator=R92 Old Comment=0 Ohm New Comment=0R
Change Component Comment : Designator=R93 Old Comment=0 Ohm New Comment=0R
Change Component Comment : Designator=R96 Old Comment=0 Ohm New Comment=0R
Change Component Comment : Designator=R97 Old Comment=0 Ohm New Comment=0R
Change Component Comment : Designator=R98 Old Comment=0 Ohm New Comment=0R
Change Component Comment : Designator=R99 Old Comment=0 Ohm New Comment=0R
Change Component Comment : Designator=R100 Old Comment=0 Ohm New Comment=0R
Change Component Comment : Designator=R101 Old Comment=0 Ohm New Comment=0R
Change Component Comment : Designator=R102 Old Comment=0 Ohm New Comment=0R
Change Component Comment : Designator=R105 Old Comment=0 Ohm New Comment=0R
Change Component Comment : Designator=R106 Old Comment=0 Ohm New Comment=0R
Change Component Comment : Designator=R107 Old Comment=0 Ohm New Comment=0R
Change Component Comment : Designator=C109 Old Comment=C0805 New Comment=0.1u
Change Component Comment : Designator=R59 Old Comment=R0805 New Comment=0R
Change Component Comment : Designator=R60 Old Comment=R0805 New Comment=0R
Change Component Comment : Designator=R61 Old Comment=R0805 New Comment=0R
Change Component Comment : Designator=R62 Old Comment=R0805 New Comment=0R
Change Component Comment : Designator=R118 Old Comment=R0805 New Comment=2K7
Change Component Comment : Designator=R119 Old Comment=R0805 New Comment=2K7
Change Component Comment : Designator=R80 Old Comment=R0805 New Comment=100K
Change Component Comment : Designator=R85 Old Comment=R0805 New Comment=100K
