Archive member included to satisfy reference by file (symbol)

app/libapp.a(ipc_thread.c.obj)
                              (--whole-archive)
app/libapp.a(ipc_master.c.obj)
                              (--whole-archive)
app/libapp.a(ipc_parser.c.obj)
                              (--whole-archive)
app/libapp.a(spi_ipc.c.obj)   (--whole-archive)
app/libapp.a(fsm.c.obj)       (--whole-archive)
app/libapp.a(fsm_actions.c.obj)
                              (--whole-archive)
app/libapp.a(signal_actions.c.obj)
                              (--whole-archive)
app/libapp.a(digit.c.obj)     (--whole-archive)
app/libapp.a(ipc_msg.c.obj)   (--whole-archive)
app/libapp.a(event_bus.c.obj)
                              (--whole-archive)
app/libapp.a(app_thread.c.obj)
                              (--whole-archive)
app/libapp.a(awg.c.obj)       (--whole-archive)
app/libapp.a(input_thread.c.obj)
                              (--whole-archive)
app/libapp.a(main.c.obj)      (--whole-archive)
app/libapp.a(msg_app_to_ipc.c.obj)
                              (--whole-archive)
zephyr/libzephyr.a(heap.c.obj)
                              (--whole-archive)
zephyr/libzephyr.a(cbprintf_packaged.c.obj)
                              (--whole-archive)
zephyr/libzephyr.a(clock.c.obj)
                              (--whole-archive)
zephyr/libzephyr.a(printk.c.obj)
                              (--whole-archive)
zephyr/libzephyr.a(sem.c.obj)
                              (--whole-archive)
zephyr/libzephyr.a(thread_entry.c.obj)
                              (--whole-archive)
zephyr/libzephyr.a(cbprintf_complete.c.obj)
                              (--whole-archive)
zephyr/libzephyr.a(assert.c.obj)
                              (--whole-archive)
zephyr/libzephyr.a(dec.c.obj)
                              (--whole-archive)
zephyr/libzephyr.a(hex.c.obj)
                              (--whole-archive)
zephyr/libzephyr.a(rb.c.obj)  (--whole-archive)
zephyr/libzephyr.a(timeutil.c.obj)
                              (--whole-archive)
zephyr/libzephyr.a(bitarray.c.obj)
                              (--whole-archive)
zephyr/libzephyr.a(ring_buffer.c.obj)
                              (--whole-archive)
zephyr/libzephyr.a(last_section_id.c.obj)
                              (--whole-archive)
zephyr/libzephyr.a(configs.c.obj)
                              (--whole-archive)
zephyr/libzephyr.a(stm32cube_hal.c.obj)
                              (--whole-archive)
zephyr/libzephyr.a(soc_config.c.obj)
                              (--whole-archive)
zephyr/libzephyr.a(stm32_cache.c.obj)
                              (--whole-archive)
zephyr/libzephyr.a(stm32_backup_domain.c.obj)
                              (--whole-archive)
zephyr/libzephyr.a(soc_m7.c.obj)
                              (--whole-archive)
zephyr/libzephyr.a(mpu_regions.c.obj)
                              (--whole-archive)
zephyr/libzephyr.a(log_core.c.obj)
                              (--whole-archive)
zephyr/libzephyr.a(log_mgmt.c.obj)
                              (--whole-archive)
zephyr/libzephyr.a(log_cache.c.obj)
                              (--whole-archive)
zephyr/libzephyr.a(log_msg.c.obj)
                              (--whole-archive)
zephyr/libzephyr.a(log_output.c.obj)
                              (--whole-archive)
zephyr/libzephyr.a(log_backend_uart.c.obj)
                              (--whole-archive)
zephyr/libzephyr.a(mem_attr.c.obj)
                              (--whole-archive)
zephyr/libzephyr.a(tracing_none.c.obj)
                              (--whole-archive)
zephyr/arch/common/libarch__common.a(sw_isr_common.c.obj)
                              (--whole-archive)
zephyr/arch/arch/arm/core/libarch__arm__core.a(fatal.c.obj)
                              (--whole-archive)
zephyr/arch/arch/arm/core/libarch__arm__core.a(nmi.c.obj)
                              (--whole-archive)
zephyr/arch/arch/arm/core/libarch__arm__core.a(nmi_on_reset.S.obj)
                              (--whole-archive)
zephyr/arch/arch/arm/core/libarch__arm__core.a(tls.c.obj)
                              (--whole-archive)
zephyr/arch/arch/arm/core/cortex_m/libarch__arm__core__cortex_m.a(exc_exit.c.obj)
                              (--whole-archive)
zephyr/arch/arch/arm/core/cortex_m/libarch__arm__core__cortex_m.a(fault.c.obj)
                              (--whole-archive)
zephyr/arch/arch/arm/core/cortex_m/libarch__arm__core__cortex_m.a(fault_s.S.obj)
                              (--whole-archive)
zephyr/arch/arch/arm/core/cortex_m/libarch__arm__core__cortex_m.a(fpu.c.obj)
                              (--whole-archive)
zephyr/arch/arch/arm/core/cortex_m/libarch__arm__core__cortex_m.a(reset.S.obj)
                              (--whole-archive)
zephyr/arch/arch/arm/core/cortex_m/libarch__arm__core__cortex_m.a(scb.c.obj)
                              (--whole-archive)
zephyr/arch/arch/arm/core/cortex_m/libarch__arm__core__cortex_m.a(thread_abort.c.obj)
[...]
Memory Configuration

Name             Origin             Length             Attributes
FLASH            0x0000000008000000 0x0000000000100000 xr
RAM              0x0000000024000000 0x0000000000080000 xw
EXTMEM           0x0000000090000000 0x0000000010000000 rw
SRAM1            0x0000000030000000 0x0000000000020000 rw
SRAM2            0x0000000030020000 0x0000000000020000 rw
SRAM3            0x0000000030040000 0x0000000000008000 rw
SRAM4            0x0000000038000000 0x0000000000010000 rw
DTCM             0x0000000020000000 0x0000000000020000 rw
IDT_LIST         0x00000000ffff7fff 0x0000000000008000 xw
*default*        0x0000000000000000 0xffffffffffffffff

Linker script and memory map

                0x0000000008007820                vfprintf = __l_vfprintf
                0x0000000000000000                vfscanf = __l_vfscanf
LOAD zephyr/CMakeFiles/zephyr_pre0.dir/misc/empty_file.c.obj
LOAD zephyr/CMakeFiles/offsets.dir/./arch/arm/core/offsets/offsets.c.obj
LOAD app/libapp.a
LOAD zephyr/libzephyr.a
LOAD zephyr/arch/common/libarch__common.a
LOAD zephyr/arch/arch/arm/core/libarch__arm__core.a
LOAD zephyr/arch/arch/arm/core/cortex_m/libarch__arm__core__cortex_m.a
LOAD zephyr/arch/arch/arm/core/mpu/libarch__arm__core__mpu.a
LOAD zephyr/lib/libc/picolibc/liblib__libc__picolibc.a
LOAD zephyr/lib/libc/common/liblib__libc__common.a
LOAD zephyr/subsys/input/libsubsys__input.a
LOAD zephyr/drivers/interrupt_controller/libdrivers__interrupt_controller.a
LOAD zephyr/drivers/clock_control/libdrivers__clock_control.a
LOAD zephyr/drivers/console/libdrivers__console.a
LOAD zephyr/drivers/gpio/libdrivers__gpio.a
LOAD zephyr/drivers/input/libdrivers__input.a
LOAD zephyr/drivers/pinctrl/libdrivers__pinctrl.a
LOAD zephyr/drivers/reset/libdrivers__reset.a
LOAD zephyr/drivers/serial/libdrivers__serial.a
LOAD zephyr/drivers/spi/libdrivers__spi.a
LOAD zephyr/drivers/timer/libdrivers__timer.a
LOAD modules/hal_stm32/stm32cube/lib..__modules__hal__stm32__stm32cube.a
LOAD zephyr/kernel/libkernel.a
LOAD zephyr/arch/common/libisr_tables.a
LOAD d:\aguat\documents\zephyr-sdk-0.17.4\arm-zephyr-eabi\bin\../lib/gcc/../../picolibc/arm-zephyr-eabi/lib/thumb/v7e-m/nofp\libc.a
LOAD d:/aguat/documents/zephyr-sdk-0.17.4/arm-zephyr-eabi/bin/../lib/gcc/arm-zephyr-eabi/12.2.0/thumb/v7e-m/nofp\libgcc.a
                0x0000000000000020                _region_min_align = 0x20

.rel.plt        0x0000000008000000        0x0
 *(SORT_BY_ALIGNMENT(.rel.plt))
                [!provide]                        PROVIDE (__rel_iplt_start = .)
 *(SORT_BY_ALIGNMENT(.rel.iplt))
 .rel.iplt      0x0000000008000000        0x0 app/libapp.a(ipc_thread.c.obj)
                [!provide]                        PROVIDE (__rel_iplt_end = .)

.rela.plt       0x0000000000000000        0x0
 *(SORT_BY_ALIGNMENT(.rela.plt))
                [!provide]                        PROVIDE (__rela_iplt_start = .)
 *(SORT_BY_ALIGNMENT(.rela.iplt))
                [!provide]                        PROVIDE (__rela_iplt_end = .)

.rel.dyn
 *(SORT_BY_ALIGNMENT(.rel.*))

.rela.dyn
 *(SORT_BY_ALIGNMENT(.rela.*))

/DISCARD/
 *(SORT_BY_ALIGNMENT(.plt))

/DISCARD/
 *(SORT_BY_ALIGNMENT(.iplt))
                0x0000000008000000                __rom_region_start = 0x8000000

rom_start       0x0000000008000000      0x298
                0x0000000008000000                __rom_start_address = .
 FILL mask 0x00
                0x0000000008000000                . = (. + (0x0 - (. - __rom_start_address)))
                0x0000000008000000                . = ALIGN (0x4)
                0x0000000008000000                . = ALIGN (0x80)
                0x0000000008000000                . = ALIGN (0x400)
                0x0000000008000000                _vector_start = .
 *(SORT_BY_ALIGNMENT(.exc_vector_table))
 *(SORT_BY_ALIGNMENT(.exc_vector_table.*))
 .exc_vector_table._vector_table_section
                0x0000000008000000       0x40 zephyr/arch/arch/arm/core/cortex_m/libarch__arm__core__cortex_m.a(vector_table.S.obj)
                0x0000000008000000                _vector_table
 *(SORT_BY_ALIGNMENT(.vectors))
                0x0000000008000298                _vector_end = .
                0x0000000008000040                . = ALIGN (0x4)
 *(SORT_BY_ALIGNMENT(.gnu.linkonce.irq_vector_table*))
 .gnu.linkonce.irq_vector_table
                0x0000000008000040      0x258 zephyr/arch/common/libisr_tables.a(isr_tables.c.obj)
                0x0000000008000040                _irq_vector_table
                0x0000000008000298                _vector_end = .

text            0x0000000008000298     0x9064
                0x0000000008000298                __text_region_start = .
 *(SORT_BY_ALIGNMENT(.text))
 .text          0x0000000008000298      0x378 d:/aguat/documents/zephyr-sdk-0.17.4/arm-zephyr-eabi/bin/../lib/gcc/arm-zephyr-eabi/12.2.0/thumb/v7e-m/nofp\libgcc.a(_arm_addsubdf3.o)
                0x0000000008000298                __aeabi_drsub
                0x00000000080002a0                __aeabi_dsub
                0x00000000080002a0                __subdf3
                0x00000000080002a4                __aeabi_dadd
                0x00000000080002a4                __adddf3
                0x000000000800051c                __floatunsidf
                0x000000000800051c                __aeabi_ui2d
                0x000000000800053c                __floatsidf
                0x000000000800053c                __aeabi_i2d
                0x0000000008000560                __aeabi_f2d
                0x0000000008000560                __extendsfdf2
                0x00000000080005a4                __floatundidf
                0x00000000080005a4                __aeabi_ul2d
                0x00000000080005b4                __floatdidf
                0x00000000080005b4                __aeabi_l2d
 .text          0x0000000008000610      0x424 d:/aguat/documents/zephyr-sdk-0.17.4/arm-zephyr-eabi/bin/../lib/gcc/arm-zephyr-eabi/12.2.0/thumb/v7e-m/nofp\libgcc.a(_arm_muldivdf3.o)
                0x0000000008000610                __aeabi_dmul
                0x0000000008000610                __muldf3
                0x0000000008000864                __divdf3
                0x0000000008000864                __aeabi_ddiv
 .text          0x0000000008000a34      0x110 d:/aguat/documents/zephyr-sdk-0.17.4/arm-zephyr-eabi/bin/../lib/gcc/arm-zephyr-eabi/12.2.0/thumb/v7e-m/nofp\libgcc.a(_arm_cmpdf2.o)
                0x0000000008000a34                __gtdf2
                0x0000000008000a34                __gedf2
                0x0000000008000a3c                __ltdf2
                0x0000000008000a3c                __ledf2
                0x0000000008000a44                __nedf2
                0x0000000008000a44                __eqdf2
                0x0000000008000a44                __cmpdf2
                0x0000000008000ac0                __aeabi_cdrcmple
                0x0000000008000ad0                __aeabi_cdcmpeq
                0x0000000008000ad0                __aeabi_cdcmple
                0x0000000008000ae0                __aeabi_dcmpeq
                0x0000000008000af4                __aeabi_dcmplt
                0x0000000008000b08                __aeabi_dcmple
                0x0000000008000b1c                __aeabi_dcmpge
                0x0000000008000b30                __aeabi_dcmpgt
 .text          0x0000000008000b44       0x50 d:/aguat/documents/zephyr-sdk-0.17.4/arm-zephyr-eabi/bin/../lib/gcc/arm-zephyr-eabi/12.2.0/thumb/v7e-m/nofp\libgcc.a(_arm_fixdfsi.o)
                0x0000000008000b44                __aeabi_d2iz
                0x0000000008000b44                __fixdfsi
 .text          0x0000000008000b94       0x40 d:/aguat/documents/zephyr-sdk-0.17.4/arm-zephyr-eabi/bin/../lib/gcc/arm-zephyr-eabi/12.2.0/thumb/v7e-m/nofp\libgcc.a(_arm_fixunsdfsi.o)
                0x0000000008000b94                __aeabi_d2uiz
                0x0000000008000b94                __fixunsdfsi
 .text          0x0000000008000bd4       0x30 d:/aguat/documents/zephyr-sdk-0.17.4/arm-zephyr-eabi/bin/../lib/gcc/arm-zephyr-eabi/12.2.0/thumb/v7e-m/nofp\libgcc.a(_aeabi_uldivmod.o)
                0x0000000008000bd4                __aeabi_uldivmod
 .text          0x0000000008000c04        0x4 d:/aguat/documents/zephyr-sdk-0.17.4/arm-zephyr-eabi/bin/../lib/gcc/arm-zephyr-eabi/12.2.0/thumb/v7e-m/nofp\libgcc.a(_dvmd_tls.o)
                0x0000000008000c04                __aeabi_idiv0
                0x0000000008000c04                __aeabi_ldiv0
 .text          0x0000000008000c08       0x10 d:\aguat\documents\zephyr-sdk-0.17.4\arm-zephyr-eabi\bin\../lib/gcc/../../picolibc/arm-zephyr-eabi/lib/thumb/v7e-m/nofp\libc.a(strlen.S.o)
                0x0000000008000c08                strlen
 .text          0x0000000008000c18      0x2a0 d:/aguat/documents/zephyr-sdk-0.17.4/arm-zephyr-eabi/bin/../lib/gcc/arm-zephyr-eabi/12.2.0/thumb/v7e-m/nofp\libgcc.a(_udivmoddi4.o)
                0x0000000008000c18                __udivmoddi4
 *(SORT_BY_ALIGNMENT(.text.*))
 .text.pow      0x0000000008000eb8      0xae4 d:\aguat\documents\zephyr-sdk-0.17.4\arm-zephyr-eabi\bin\../lib/gcc/../../picolibc/arm-zephyr-eabi/lib/thumb/v7e-m/nofp\libc.a(libm_math_s_pow.c.o)
                0x0000000008000eb8                _pow
                0x0000000008000eb8                powl
                0x0000000008000eb8                pow
 .text.ipc_master_send
                0x000000000800199c       0x7c app/libapp.a(ipc_master.c.obj)
                0x000000000800199c                ipc_master_send
 .text.ipc_response_valid
                0x0000000008001a18       0x48 app/libapp.a(ipc_parser.c.obj)
                0x0000000008001a18                ipc_response_valid
 .text.z_log_msg_runtime_create.constprop.0
                0x0000000008001a60       0x24 app/libapp.a(spi_ipc.c.obj)
 .text.spi_ipc_transfer
                0x0000000008001a84       0x6c app/libapp.a(spi_ipc.c.obj)
                0x0000000008001a84                spi_ipc_transfer
 .text.z_log_msg_runtime_create.constprop.0
                0x0000000008001af0       0x28 app/libapp.a(fsm.c.obj)
 .text.fsm_init
                0x0000000008001b18       0x24 app/libapp.a(fsm.c.obj)
                0x0000000008001b18                fsm_init
 .text.fsm_dispatch
                0x0000000008001b3c       0x98 app/libapp.a(fsm.c.obj)
                0x0000000008001b3c                fsm_dispatch
 .text.fsm_get  0x0000000008001bd4        0x8 app/libapp.a(fsm.c.obj)
                0x0000000008001bd4                fsm_get
 .text.entry_reset
                0x0000000008001bdc       0x30 app/libapp.a(fsm_actions.c.obj)
                0x0000000008001bdc                entry_reset
 .text.entry_init_preset
                0x0000000008001c0c       0x30 app/libapp.a(fsm_actions.c.obj)
                0x0000000008001c0c                entry_init_preset
 .text.entry_idle
                0x0000000008001c3c       0x30 app/libapp.a(fsm_actions.c.obj)
                0x0000000008001c3c                entry_idle
 .text.exit_idle
                0x0000000008001c6c       0x48 app/libapp.a(fsm_actions.c.obj)
                0x0000000008001c6c                exit_idle
 .text.entry_set_freq
                0x0000000008001cb4       0x3c app/libapp.a(fsm_actions.c.obj)
                0x0000000008001cb4                entry_set_freq
 .text.entry_set_ampl
                0x0000000008001cf0       0x38 app/libapp.a(fsm_actions.c.obj)
                0x0000000008001cf0                entry_set_ampl
 .text.entry_set_offs
                0x0000000008001d28       0x38 app/libapp.a(fsm_actions.c.obj)
                0x0000000008001d28                entry_set_offs
 .text.entry_set_duty
                0x0000000008001d60       0x38 app/libapp.a(fsm_actions.c.obj)
                0x0000000008001d60                entry_set_duty
 .text.entry_set_phas
                0x0000000008001d98       0x38 app/libapp.a(fsm_actions.c.obj)
                0x0000000008001d98                entry_set_phas
 .text.entry_set_wave
                0x0000000008001dd0       0x38 app/libapp.a(fsm_actions.c.obj)
                0x0000000008001dd0                entry_set_wave
 .text.exit_signal
                0x0000000008001e08       0x50 app/libapp.a(fsm_actions.c.obj)
                0x0000000008001e08                exit_signal
 .text.action_reset
                0x0000000008001e58       0x30 app/libapp.a(fsm_actions.c.obj)
                0x0000000008001e58                action_reset
 .text.action_init_preset
                0x0000000008001e88       0x30 app/libapp.a(fsm_actions.c.obj)
                0x0000000008001e88                action_init_preset
 .text.action_select_ch1
                0x0000000008001eb8       0x34 app/libapp.a(fsm_actions.c.obj)
                0x0000000008001eb8                action_select_ch1
 .text.action_select_ch2
                0x0000000008001eec       0x34 app/libapp.a(fsm_actions.c.obj)
                0x0000000008001eec                action_select_ch2
 .text.action_cursor_left
                0x0000000008001f20       0x38 app/libapp.a(fsm_actions.c.obj)
                0x0000000008001f20                action_cursor_left
 .text.action_cursor_right
                0x0000000008001f58       0x34 app/libapp.a(fsm_actions.c.obj)
                0x0000000008001f58                action_cursor_right
 .text.action_st_freq_increment
                0x0000000008001f8c       0x34 app/libapp.a(fsm_actions.c.obj)
                0x0000000008001f8c                action_st_freq_increment
 .text.action_st_freq_decrement
                0x0000000008001fc0       0x34 app/libapp.a(fsm_actions.c.obj)
                0x0000000008001fc0                action_st_freq_decrement
 .text.action_st_ampl_increment
                0x0000000008001ff4       0x34 app/libapp.a(fsm_actions.c.obj)
                0x0000000008001ff4                action_st_ampl_increment
 .text.action_st_ampl_decrement
                0x0000000008002028       0x34 app/libapp.a(fsm_actions.c.obj)
                0x0000000008002028                action_st_ampl_decrement
 .text.action_st_offs_increment
                0x000000000800205c       0x34 app/libapp.a(fsm_actions.c.obj)
                0x000000000800205c                action_st_offs_increment
 .text.action_st_offs_decrement
                0x0000000008002090       0x34 app/libapp.a(fsm_actions.c.obj)
                0x0000000008002090                action_st_offs_decrement
 .text.action_st_duty_increment
                0x00000000080020c4       0x34 app/libapp.a(fsm_actions.c.obj)
                0x00000000080020c4                action_st_duty_increment
 .text.action_st_duty_decrement
                0x00000000080020f8       0x34 app/libapp.a(fsm_actions.c.obj)
                0x00000000080020f8                action_st_duty_decrement
 .text.action_st_phas_increment
                0x000000000800212c       0x34 app/libapp.a(fsm_actions.c.obj)
                0x000000000800212c                action_st_phas_increment
 .text.action_st_phas_decrement
                0x0000000008002160       0x34 app/libapp.a(fsm_actions.c.obj)
                0x0000000008002160                action_st_phas_decrement
 .text.action_st_wave_increment
                0x0000000008002194       0x30 app/libapp.a(fsm_actions.c.obj)
                0x0000000008002194                action_st_wave_increment
 .text.action_st_wave_decrement
                0x00000000080021c4       0x30 app/libapp.a(fsm_actions.c.obj)
                0x00000000080021c4                action_st_wave_decrement
 .text.action_send_ipc
                0x00000000080021f4       0x30 app/libapp.a(fsm_actions.c.obj)
                0x00000000080021f4                action_send_ipc
 .text.action_apply
                0x0000000008002224       0x30 app/libapp.a(fsm_actions.c.obj)
                0x0000000008002224                action_apply
 .text.action_show_error
                0x0000000008002254       0x30 app/libapp.a(fsm_actions.c.obj)
                0x0000000008002254                action_show_error
 .text.action_cancel
                0x0000000008002284       0x30 app/libapp.a(fsm_actions.c.obj)
                0x0000000008002284                action_cancel
 .text.z_log_msg_runtime_create.constprop.0
                0x00000000080022b4       0x24 app/libapp.a(signal_actions.c.obj)
 .text.signal_set_actual_param
                0x00000000080022d8       0x38 app/libapp.a(signal_actions.c.obj)
                0x00000000080022d8                signal_set_actual_param
 .text.signal_action_freq_increment
                0x0000000008002310       0x74 app/libapp.a(signal_actions.c.obj)
                0x0000000008002310                signal_action_freq_increment
 .text.signal_action_freq_decrement
                0x0000000008002384       0x78 app/libapp.a(signal_actions.c.obj)
                0x0000000008002384                signal_action_freq_decrement
 .text.signal_action_ampl_increment
                0x00000000080023fc       0x74 app/libapp.a(signal_actions.c.obj)
                0x00000000080023fc                signal_action_ampl_increment
 .text.signal_action_ampl_decrement
                0x0000000008002470       0x78 app/libapp.a(signal_actions.c.obj)
                0x0000000008002470                signal_action_ampl_decrement
 .text.signal_action_offs_increment
                0x00000000080024e8       0x78 app/libapp.a(signal_actions.c.obj)
                0x00000000080024e8                signal_action_offs_increment
 .text.signal_action_offs_decrement
                0x0000000008002560       0x7c app/libapp.a(signal_actions.c.obj)
                0x0000000008002560                signal_action_offs_decrement
 .text.signal_action_phas_increment
                0x00000000080025dc       0x78 app/libapp.a(signal_actions.c.obj)
                0x00000000080025dc                signal_action_phas_increment
 .text.signal_action_phas_decrement
                0x0000000008002654       0x7c app/libapp.a(signal_actions.c.obj)
                0x0000000008002654                signal_action_phas_decrement
 .text.signal_action_duty_increment
                0x00000000080026d0       0x78 app/libapp.a(signal_actions.c.obj)
                0x00000000080026d0                signal_action_duty_increment
 .text.signal_action_duty_decrement
                0x0000000008002748       0x7c app/libapp.a(signal_actions.c.obj)
                0x0000000008002748                signal_action_duty_decrement
 .text.signal_action_mov_cursor
                0x00000000080027c4       0x2c app/libapp.a(signal_actions.c.obj)
                0x00000000080027c4                signal_action_mov_cursor
 .text.digit_verf
                0x00000000080027f0       0x40 app/libapp.a(digit.c.obj)
                0x00000000080027f0                digit_verf
 .text.digit_inc
                0x0000000008002830       0x2c app/libapp.a(digit.c.obj)
                0x0000000008002830                digit_inc
 .text.digit_dec
                0x000000000800285c       0x28 app/libapp.a(digit.c.obj)
                0x000000000800285c                digit_dec
 .text.digit_move_right
                0x0000000008002884       0x28 app/libapp.a(digit.c.obj)
                0x0000000008002884                digit_move_right
 .text.digit_move_left
                0x00000000080028ac       0x30 app/libapp.a(digit.c.obj)
                0x00000000080028ac                digit_move_left
 .text.digit_get_cursor
                0x00000000080028dc       0x24 app/libapp.a(digit.c.obj)
                0x00000000080028dc                digit_get_cursor
 .text.digit_get_count
                0x0000000008002900       0x24 app/libapp.a(digit.c.obj)
                0x0000000008002900                digit_get_count
 .text.event_bus_get_input_to_app
                0x0000000008002924        0x8 app/libapp.a(event_bus.c.obj)
                0x0000000008002924                event_bus_get_input_to_app
 .text.event_bus_get_app_to_ipc
                0x000000000800292c        0x8 app/libapp.a(event_bus.c.obj)
                0x000000000800292c                event_bus_get_app_to_ipc
 .text.event_bus_get_ipc_to_app
                0x0000000008002934        0x8 app/libapp.a(event_bus.c.obj)
                0x0000000008002934                event_bus_get_ipc_to_app
 .text.z_log_msg_runtime_create.constprop.0
                0x000000000800293c       0x28 app/libapp.a(app_thread.c.obj)
 .text.app_thread
                0x0000000008002964       0x7c app/libapp.a(app_thread.c.obj)
 .text.awg_set_freq
                0x00000000080029e0       0x4c app/libapp.a(awg.c.obj)
                0x00000000080029e0                awg_set_freq
 .text.awg_set_ampl
                0x0000000008002a2c       0x70 app/libapp.a(awg.c.obj)
                0x0000000008002a2c                awg_set_ampl
 .text.awg_set_offs
                0x0000000008002a9c       0x60 app/libapp.a(awg.c.obj)
                0x0000000008002a9c                awg_set_offs
 .text.awg_set_phas
                0x0000000008002afc       0x50 app/libapp.a(awg.c.obj)
                0x0000000008002afc                awg_set_phas
 .text.awg_set_duty
                0x0000000008002b4c       0x48 app/libapp.a(awg.c.obj)
                0x0000000008002b4c                awg_set_duty
 .text.awg_set_channel
                0x0000000008002b94       0x34 app/libapp.a(awg.c.obj)
                0x0000000008002b94                awg_set_channel
 .text.awg_get_channel
                0x0000000008002bc8        0xc app/libapp.a(awg.c.obj)
                0x0000000008002bc8                awg_get_channel
 .text.awg_get_freq
                0x0000000008002bd4       0x14 app/libapp.a(awg.c.obj)
                0x0000000008002bd4                awg_get_freq
 .text.awg_get_ampl
                0x0000000008002be8       0x18 app/libapp.a(awg.c.obj)
                0x0000000008002be8                awg_get_ampl
 .text.awg_get_offs
                0x0000000008002c00       0x18 app/libapp.a(awg.c.obj)
                0x0000000008002c00                awg_get_offs
 .text.awg_get_phas
                0x0000000008002c18       0x18 app/libapp.a(awg.c.obj)
                0x0000000008002c18                awg_get_phas
 .text.awg_get_duty
                0x0000000008002c30       0x18 app/libapp.a(awg.c.obj)
                0x0000000008002c30                awg_get_duty
 .text.debounce_timer_cb
                0x0000000008002c48       0x1c app/libapp.a(input_thread.c.obj)
 .text.input_thread
                0x0000000008002c64      0x120 app/libapp.a(input_thread.c.obj)
 .text.main     0x0000000008002d84       0xe8 app/libapp.a(main.c.obj)
                0x0000000008002d84                main
 .text.cbvprintf_package
                0x0000000008002e6c      0x3a4 zephyr/libzephyr.a(cbprintf_packaged.c.obj)
                0x0000000008002e6c                cbvprintf_package
 .text.__printk_hook_install
                0x0000000008003210        0xc zephyr/libzephyr.a(printk.c.obj)
                0x0000000008003210                __printk_hook_install
 .text.z_thread_entry
                0x000000000800321c       0x34 zephyr/libzephyr.a(thread_entry.c.obj)
                0x000000000800321c                z_thread_entry
 .text.st_stm32_common_config
                0x0000000008003250       0x1c zephyr/libzephyr.a(soc_config.c.obj)
 .text.stm32h7_m4_wakeup
                0x000000000800326c       0x64 zephyr/libzephyr.a(soc_m7.c.obj)
 .text.soc_early_init_hook
                0x00000000080032d0       0x48 zephyr/libzephyr.a(soc_m7.c.obj)
                0x00000000080032d0                soc_early_init_hook
 .text.z_log_init.isra.0
                0x0000000008003318       0xd4 zephyr/libzephyr.a(log_core.c.obj)
 .text.log_format_func_t_get
                0x00000000080033ec        0xc zephyr/libzephyr.a(log_core.c.obj)
                0x00000000080033ec                log_format_func_t_get
 .text.log_set_timestamp_func
                0x00000000080033f8       0x20 zephyr/libzephyr.a(log_core.c.obj)
                0x00000000080033f8                log_set_timestamp_func
 .text.log_core_init
                0x0000000008003418       0x4c zephyr/libzephyr.a(log_core.c.obj)
                0x0000000008003418                log_core_init
 .text.z_impl_log_panic
                0x0000000008003464       0x3c zephyr/libzephyr.a(log_core.c.obj)
                0x0000000008003464                z_impl_log_panic
 .text.z_log_dropped
                0x00000000080034a0       0x30 zephyr/libzephyr.a(log_core.c.obj)
                0x00000000080034a0                z_log_dropped
 .text.z_log_msg_commit
                0x00000000080034d0       0x38 zephyr/libzephyr.a(log_core.c.obj)
                0x00000000080034d0                z_log_msg_commit
 .text.log_source_name_get
                0x0000000008003508       0x1c zephyr/libzephyr.a(log_mgmt.c.obj)
                0x0000000008003508                log_source_name_get
 .text.z_log_msg_runtime_vcreate
                0x0000000008003524       0xac zephyr/libzephyr.a(log_msg.c.obj)
                0x0000000008003524                z_log_msg_runtime_vcreate
 .text.log_msg_get_source_id
                0x00000000080035d0       0x18 zephyr/libzephyr.a(log_msg.c.obj)
                0x00000000080035d0                log_msg_get_source_id
 .text.print_formatted
                0x00000000080035e8       0x24 zephyr/libzephyr.a(log_output.c.obj)
 .text.newline_print
                0x000000000800360c       0x1c zephyr/libzephyr.a(log_output.c.obj)
 .text.log_output_process
                0x0000000008003628      0x2e0 zephyr/libzephyr.a(log_output.c.obj)
                0x0000000008003628                log_output_process
 .text.log_output_timestamp_freq_set
                0x0000000008003908       0x2c zephyr/libzephyr.a(log_output.c.obj)
                0x0000000008003908                log_output_timestamp_freq_set
 .text.char_out
                0x0000000008003934       0x24 zephyr/libzephyr.a(log_backend_uart.c.obj)
 .text.mem_attr_get_regions
                0x0000000008003958        0xc zephyr/libzephyr.a(mem_attr.c.obj)
                0x0000000008003958                mem_attr_get_regions
 .text.z_arm_fatal_error
                0x0000000008003964       0xc4 zephyr/arch/arch/arm/core/libarch__arm__core.a(fatal.c.obj)
                0x0000000008003964                z_arm_fatal_error
 .text.z_SysNmiOnReset
                0x0000000008003a28        0x8 zephyr/arch/arch/arm/core/libarch__arm__core.a(nmi_on_reset.S.obj)
                0x0000000008003a28                z_SysNmiOnReset
 .text.arch_tls_stack_setup
                0x0000000008003a30       0x40 zephyr/arch/arch/arm/core/libarch__arm__core.a(tls.c.obj)
                0x0000000008003a30                arch_tls_stack_setup
 .text._HandlerModeExit
                0x0000000008003a70       0x20 zephyr/arch/arch/arm/core/cortex_m/libarch__arm__core__cortex_m.a(exc_exit.c.obj)
                0x0000000008003a70                z_arm_int_exit
                0x0000000008003a70                z_arm_exc_exit
 .text.bus_fault.constprop.0
                0x0000000008003a90      0x13c zephyr/arch/arch/arm/core/cortex_m/libarch__arm__core__cortex_m.a(fault.c.obj)
 .text.usage_fault.constprop.0
                0x0000000008003bcc      0x108 zephyr/arch/arch/arm/core/cortex_m/libarch__arm__core__cortex_m.a(fault.c.obj)
 .text.mem_manage_fault
                0x0000000008003cd4      0x164 zephyr/arch/arch/arm/core/cortex_m/libarch__arm__core__cortex_m.a(fault.c.obj)
 .text.z_arm_fault
                0x0000000008003e38      0x210 zephyr/arch/arch/arm/core/cortex_m/libarch__arm__core__cortex_m.a(fault.c.obj)
                0x0000000008003e38                z_arm_fault
 .text.z_arm_fault_init
                0x0000000008004048       0x18 zephyr/arch/arch/arm/core/cortex_m/libarch__arm__core__cortex_m.a(fault.c.obj)
                0x0000000008004048                z_arm_fault_init
 .text.__fault  0x0000000008004060       0x14 zephyr/arch/arch/arm/core/cortex_m/libarch__arm__core__cortex_m.a(fault_s.S.obj)
                0x0000000008004060                z_arm_usage_fault
                0x0000000008004060                z_arm_mpu_fault
                0x0000000008004060                z_arm_exc_spurious
                0x0000000008004060                z_arm_debug_monitor
                0x0000000008004060                z_arm_hard_fault
                0x0000000008004060                z_arm_bus_fault
 .text._reset_section
                0x0000000008004074       0x34 zephyr/arch/arch/arm/core/cortex_m/libarch__arm__core__cortex_m.a(reset.S.obj)
                0x0000000008004074                __start
                0x0000000008004074                z_arm_reset
 .text.z_impl_k_thread_abort
                0x00000000080040a8       0x2c zephyr/arch/arch/arm/core/cortex_m/libarch__arm__core__cortex_m.a(thread_abort.c.obj)
                0x00000000080040a8                z_impl_k_thread_abort
 .text.z_arm_pendsv
                0x00000000080040d4       0x60 zephyr/arch/arch/arm/core/cortex_m/libarch__arm__core__cortex_m.a(swap_helper.S.obj)
                0x00000000080040d4                z_arm_pendsv
 .text.z_arm_svc
                0x0000000008004134       0x24 zephyr/arch/arch/arm/core/cortex_m/libarch__arm__core__cortex_m.a(swap_helper.S.obj)
                0x0000000008004134                z_arm_svc
 .text.arm_irq_enable
                0x0000000008004158       0x1c zephyr/arch/arch/arm/core/cortex_m/libarch__arm__core__cortex_m.a(irq_manage.c.obj)
                0x0000000008004158                arm_irq_enable
 .text.arm_irq_priority_set
                0x0000000008004174       0x2c zephyr/arch/arch/arm/core/cortex_m/libarch__arm__core__cortex_m.a(irq_manage.c.obj)
                0x0000000008004174                arm_irq_priority_set
 .text.relocate_vector_table
                0x00000000080041a0       0x1c zephyr/arch/arch/arm/core/cortex_m/libarch__arm__core__cortex_m.a(prep_c.c.obj)
                0x00000000080041a0                relocate_vector_table
 .text.z_prep_c
                0x00000000080041bc       0x38 zephyr/arch/arch/arm/core/cortex_m/libarch__arm__core__cortex_m.a(prep_c.c.obj)
                0x00000000080041bc                z_prep_c
 .text.arch_new_thread
                0x00000000080041f4       0x2c zephyr/arch/arch/arm/core/cortex_m/libarch__arm__core__cortex_m.a(thread.c.obj)
                0x00000000080041f4                arch_new_thread
 .text.z_check_thread_stack_fail
                0x0000000008004220       0x2c zephyr/arch/arch/arm/core/cortex_m/libarch__arm__core__cortex_m.a(thread.c.obj)
                0x0000000008004220                z_check_thread_stack_fail
 .text.arch_switch_to_main_thread
                0x000000000800424c       0x3c zephyr/arch/arch/arm/core/cortex_m/libarch__arm__core__cortex_m.a(thread.c.obj)
                0x000000000800424c                arch_switch_to_main_thread
 .text.z_arm_cpu_idle_init
                0x0000000008004288        0xc zephyr/arch/arch/arm/core/cortex_m/libarch__arm__core__cortex_m.a(cpu_idle.c.obj)
                0x0000000008004288                z_arm_cpu_idle_init
 .text.z_arm_interrupt_init
                0x0000000008004294       0x18 zephyr/arch/arch/arm/core/cortex_m/libarch__arm__core__cortex_m.a(irq_init.c.obj)
                0x0000000008004294                z_arm_interrupt_init
 .text._isr_wrapper
                0x00000000080042ac       0x24 zephyr/arch/arch/arm/core/cortex_m/libarch__arm__core__cortex_m.a(isr_wrapper.c.obj)
                0x00000000080042ac                _isr_wrapper
 .text.z_arm_configure_static_mpu_regions
                0x00000000080042d0       0x18 zephyr/arch/arch/arm/core/mpu/libarch__arm__core__mpu.a(arm_core_mpu.c.obj)
                0x00000000080042d0                z_arm_configure_static_mpu_regions
 .text.z_arm_configure_dynamic_mpu_regions
                0x00000000080042e8       0x20 zephyr/arch/arch/arm/core/mpu/libarch__arm__core__mpu.a(arm_core_mpu.c.obj)
                0x00000000080042e8                z_arm_configure_dynamic_mpu_regions
 .text.region_allocate_and_init
                0x0000000008004308       0x60 zephyr/arch/arch/arm/core/mpu/libarch__arm__core__mpu.a(arm_mpu.c.obj)
 .text.mpu_configure_regions
                0x0000000008004368       0x74 zephyr/arch/arch/arm/core/mpu/libarch__arm__core__mpu.a(arm_mpu.c.obj)
 .text.arm_core_mpu_enable
                0x00000000080043dc       0x18 zephyr/arch/arch/arm/core/mpu/libarch__arm__core__mpu.a(arm_mpu.c.obj)
                0x00000000080043dc                arm_core_mpu_enable
 .text.arm_core_mpu_disable
                0x00000000080043f4       0x14 zephyr/arch/arch/arm/core/mpu/libarch__arm__core__mpu.a(arm_mpu.c.obj)
                0x00000000080043f4                arm_core_mpu_disable
 .text.arm_core_mpu_configure_static_mpu_regions
                0x0000000008004408       0x14 zephyr/arch/arch/arm/core/mpu/libarch__arm__core__mpu.a(arm_mpu.c.obj)
                0x0000000008004408                arm_core_mpu_configure_static_mpu_regions
 .text.arm_core_mpu_configure_dynamic_mpu_regions
                0x000000000800441c       0x38 zephyr/arch/arch/arm/core/mpu/libarch__arm__core__mpu.a(arm_mpu.c.obj)
                0x000000000800441c                arm_core_mpu_configure_dynamic_mpu_regions
 .text.z_arm_mpu_init
                0x0000000008004454      0x17c zephyr/arch/arch/arm/core/mpu/libarch__arm__core__mpu.a(arm_mpu.c.obj)
                0x0000000008004454                z_arm_mpu_init
 .text.cbvprintf
                0x00000000080045d0       0x38 zephyr/lib/libc/picolibc/liblib__libc__picolibc.a(cbprintf.c.obj)
                0x00000000080045d0                cbvprintf
 .text.z_impl_zephyr_fputc
                0x0000000008004608       0x10 zephyr/lib/libc/picolibc/liblib__libc__picolibc.a(stdio.c.obj)
                0x0000000008004608                z_impl_zephyr_fputc
 .text.__stdout_hook_install
                0x0000000008004618       0x18 zephyr/lib/libc/picolibc/liblib__libc__picolibc.a(stdio.c.obj)
                0x0000000008004618                __stdout_hook_install
 .text.malloc_prepare
                0x0000000008004630       0x24 zephyr/lib/libc/common/liblib__libc__common.a(malloc.c.obj)
 .text.input_thread
                0x0000000008004654       0x64 zephyr/subsys/input/libsubsys__input.a(input.c.obj)
 .text.input_report
                0x00000000080046b8       0x80 zephyr/subsys/input/libsubsys__input.a(input.c.obj)
                0x00000000080046b8                input_report
 .text.stm32_exti_isr
                0x0000000008004738       0x50 zephyr/drivers/interrupt_controller/libdrivers__interrupt_controller.a(intc_exti_stm32.c.obj)
 .text.stm32_fill_irq_table
                0x0000000008004788       0x18 zephyr/drivers/interrupt_controller/libdrivers__interrupt_controller.a(intc_exti_stm32.c.obj)
 .text.z_stm32_hsem_lock.constprop.0
                0x00000000080047a0       0x34 zephyr/drivers/interrupt_controller/libdrivers__interrupt_controller.a(intc_exti_stm32.c.obj)
 .text.stm32_exti_init
                0x00000000080047d4       0xb4 zephyr/drivers/interrupt_controller/libdrivers__interrupt_controller.a(intc_exti_stm32.c.obj)
 .text.stm32_gpio_intc_enable_line
                0x0000000008004888       0x30 zephyr/drivers/interrupt_controller/libdrivers__interrupt_controller.a(intc_exti_stm32.c.obj)
                0x0000000008004888                stm32_gpio_intc_enable_line
 .text.stm32_gpio_intc_select_line_trigger
                0x00000000080048b8       0x68 zephyr/drivers/interrupt_controller/libdrivers__interrupt_controller.a(intc_exti_stm32.c.obj)
                0x00000000080048b8                stm32_gpio_intc_select_line_trigger
 .text.stm32_gpio_intc_set_irq_callback
                0x0000000008004920       0x40 zephyr/drivers/interrupt_controller/libdrivers__interrupt_controller.a(intc_exti_stm32.c.obj)
                0x0000000008004920                stm32_gpio_intc_set_irq_callback
 .text.stm32_gpio_intc_remove_irq_callback
                0x0000000008004960       0x24 zephyr/drivers/interrupt_controller/libdrivers__interrupt_controller.a(intc_exti_stm32.c.obj)
                0x0000000008004960                stm32_gpio_intc_remove_irq_callback
 .text.stm32_exti_set_line_src_port
                0x0000000008004984       0x50 zephyr/drivers/interrupt_controller/libdrivers__interrupt_controller.a(intc_exti_stm32.c.obj)
                0x0000000008004984                stm32_exti_set_line_src_port
 .text.stm32_exti_get_line_src_port
                0x00000000080049d4       0x38 zephyr/drivers/interrupt_controller/libdrivers__interrupt_controller.a(intc_exti_stm32.c.obj)
                0x00000000080049d4                stm32_exti_get_line_src_port
 .text.get_hclk_frequency
                0x0000000008004a0c       0x28 zephyr/drivers/clock_control/libdrivers__clock_control.a(clock_stm32_ll_h7.c.obj)
 .text.stm32_clock_control_get_subsys_rate
                0x0000000008004a34       0xd0 zephyr/drivers/clock_control/libdrivers__clock_control.a(clock_stm32_ll_h7.c.obj)
 .text.z_stm32_hsem_lock.constprop.0
                0x0000000008004b04       0x34 zephyr/drivers/clock_control/libdrivers__clock_control.a(clock_stm32_ll_h7.c.obj)
 .text.stm32_clock_control_off
                0x0000000008004b38       0x44 zephyr/drivers/clock_control/libdrivers__clock_control.a(clock_stm32_ll_h7.c.obj)
 .text.stm32_clock_control_on
                0x0000000008004b7c       0x58 zephyr/drivers/clock_control/libdrivers__clock_control.a(clock_stm32_ll_h7.c.obj)
 .text.stm32_clock_control_init
                0x0000000008004bd4      0x278 zephyr/drivers/clock_control/libdrivers__clock_control.a(clock_stm32_ll_h7.c.obj)
                0x0000000008004bd4                stm32_clock_control_init
 .text.stm32_clock_control_configure
                0x0000000008004e4c       0x68 zephyr/drivers/clock_control/libdrivers__clock_control.a(clock_stm32_ll_h7.c.obj)
 .text.uart_console_init
                0x0000000008004eb4       0x28 zephyr/drivers/console/libdrivers__console.a(uart_console.c.obj)
 .text.console_out
                0x0000000008004edc       0x28 zephyr/drivers/console/libdrivers__console.a(uart_console.c.obj)
 .text.gpio_stm32_pin_interrupt_configure
                0x0000000008004f04       0xb0 zephyr/drivers/gpio/libdrivers__gpio.a(gpio_stm32.c.obj)
 .text.z_stm32_hsem_lock.constprop.0
                0x0000000008004fb4       0x34 zephyr/drivers/gpio/libdrivers__gpio.a(gpio_stm32.c.obj)
 .text.gpio_stm32_port_toggle_bits
                0x0000000008004fe8       0x24 zephyr/drivers/gpio/libdrivers__gpio.a(gpio_stm32.c.obj)
 .text.gpio_stm32_port_set_masked_raw
                0x000000000800500c       0x28 zephyr/drivers/gpio/libdrivers__gpio.a(gpio_stm32.c.obj)
 .text.gpio_stm32_configure_raw.isra.0
                0x0000000008005034       0xc0 zephyr/drivers/gpio/libdrivers__gpio.a(gpio_stm32.c.obj)
 .text.gpio_stm32_init
                0x00000000080050f4       0x38 zephyr/drivers/gpio/libdrivers__gpio.a(gpio_stm32.c.obj)
 .text.gpio_keys_init
                0x000000000800512c      0x194 zephyr/drivers/input/libdrivers__input.a(input_gpio_keys.c.obj)
 .text.gpio_keys_change_deferred
                0x00000000080052c0       0x80 zephyr/drivers/input/libdrivers__input.a(input_gpio_keys.c.obj)
 .text.pinctrl_configure_pins
                0x0000000008005340       0x84 zephyr/drivers/pinctrl/libdrivers__pinctrl.a(pinctrl_stm32.c.obj)
                0x0000000008005340                pinctrl_configure_pins
 .text.uart_stm32_cfg2ll_stopbits
                0x00000000080053c4       0x38 zephyr/drivers/serial/libdrivers__serial.a(uart_stm32.c.obj)
 .text.lpuartdiv_calc
                0x00000000080053fc       0x30 zephyr/drivers/serial/libdrivers__serial.a(uart_stm32.c.obj)
                0x00000000080053fc                lpuartdiv_calc
 .text.uart_stm32_set_baudrate
                0x000000000800542c       0xf8 zephyr/drivers/serial/libdrivers__serial.a(uart_stm32.c.obj)
 .text.uart_stm32_configure
                0x0000000008005524      0x11c zephyr/drivers/serial/libdrivers__serial.a(uart_stm32.c.obj)
 .text.uart_stm32_init
                0x0000000008005640      0x1d0 zephyr/drivers/serial/libdrivers__serial.a(uart_stm32.c.obj)
 .text.spi_stm32_init
                0x0000000008005810      0x160 zephyr/drivers/spi/libdrivers__spi.a(spi_ll_stm32.c.obj)
 .text.spi_stm32_transceive
                0x0000000008005970      0x6d0 zephyr/drivers/spi/libdrivers__spi.a(spi_ll_stm32.c.obj)
 .text.elapsed  0x0000000008006040       0x4c zephyr/drivers/timer/libdrivers__timer.a(cortex_m_systick.c.obj)
 .text.sys_clock_driver_init
                0x000000000800608c       0x38 zephyr/drivers/timer/libdrivers__timer.a(cortex_m_systick.c.obj)
 .text.sys_clock_isr
                0x00000000080060c4       0x60 zephyr/drivers/timer/libdrivers__timer.a(cortex_m_systick.c.obj)
                0x00000000080060c4                sys_clock_isr
 .text.sys_clock_set_timeout
                0x0000000008006124       0xfc zephyr/drivers/timer/libdrivers__timer.a(cortex_m_systick.c.obj)
                0x0000000008006124                sys_clock_set_timeout
 .text.sys_clock_elapsed
                0x0000000008006220       0x3c zephyr/drivers/timer/libdrivers__timer.a(cortex_m_systick.c.obj)
                0x0000000008006220                sys_clock_elapsed
 .text.sys_clock_cycle_get_32
                0x000000000800625c       0x28 zephyr/drivers/timer/libdrivers__timer.a(cortex_m_systick.c.obj)
                0x000000000800625c                sys_clock_cycle_get_32
 .text.LL_SetFlashLatency
                0x0000000008006284       0xf4 modules/hal_stm32/stm32cube/lib..__modules__hal__stm32__stm32cube.a(stm32h7xx_ll_utils.c.obj)
                0x0000000008006284                LL_SetFlashLatency
 .text.k_sys_fatal_error_handler
                0x0000000008006378       0x2c zephyr/kernel/libkernel.a(fatal.c.obj)
                0x0000000008006378                k_sys_fatal_error_handler
 .text.z_fatal_error
                0x00000000080063a4       0xd0 zephyr/kernel/libkernel.a(fatal.c.obj)
                0x00000000080063a4                z_fatal_error
 .text.z_sys_init_run_level
                0x0000000008006474       0x30 zephyr/kernel/libkernel.a(init.c.obj)
 .text.bg_thread_main
                0x00000000080064a4       0xc0 zephyr/kernel/libkernel.a(init.c.obj)
 .text.z_bss_zero
                0x0000000008006564       0x2c zephyr/kernel/libkernel.a(init.c.obj)
                0x0000000008006564                z_bss_zero
 .text.z_init_cpu
                0x0000000008006590       0x70 zephyr/kernel/libkernel.a(init.c.obj)
                0x0000000008006590                z_init_cpu
 .text.z_cstart
                0x0000000008006600       0xcc zephyr/kernel/libkernel.a(init.c.obj)
                0x0000000008006600                z_cstart
 .text.z_impl_k_msgq_put
                0x00000000080066cc       0xb0 zephyr/kernel/libkernel.a(msg_q.c.obj)
                0x00000000080066cc                z_impl_k_msgq_put
 .text.z_impl_k_msgq_get
                0x000000000800677c       0xc4 zephyr/kernel/libkernel.a(msg_q.c.obj)
                0x000000000800677c                z_impl_k_msgq_get
 .text.z_impl_k_sem_give
                0x0000000008006840       0x68 zephyr/kernel/libkernel.a(sem.c.obj)
                0x0000000008006840                z_impl_k_sem_give
 .text.z_impl_k_sem_take
                0x00000000080068a8       0x4c zephyr/kernel/libkernel.a(sem.c.obj)
                0x00000000080068a8                z_impl_k_sem_take
 .text.k_sys_work_q_init
                0x00000000080068f4       0x2c zephyr/kernel/libkernel.a(system_work_q.c.obj)
 .text.work_queue_main
                0x0000000008006920      0x14c zephyr/kernel/libkernel.a(work.c.obj)
 .text.submit_to_queue_locked
                0x0000000008006a6c       0xb4 zephyr/kernel/libkernel.a(work.c.obj)
 .text.k_work_queue_start
                0x0000000008006b20       0x80 zephyr/kernel/libkernel.a(work.c.obj)
                0x0000000008006b20                k_work_queue_start
 .text.k_work_reschedule_for_queue
                0x0000000008006ba0       0x5c zephyr/kernel/libkernel.a(work.c.obj)
                0x0000000008006ba0                k_work_reschedule_for_queue
 .text.k_work_reschedule
                0x0000000008006bfc        0xc zephyr/kernel/libkernel.a(work.c.obj)
                0x0000000008006bfc                k_work_reschedule
 .text.z_setup_new_thread
                0x0000000008006c08       0x9c zephyr/kernel/libkernel.a(thread.c.obj)
                0x0000000008006c08                z_setup_new_thread
 .text.z_impl_k_thread_create
                0x0000000008006ca4       0x58 zephyr/kernel/libkernel.a(thread.c.obj)
                0x0000000008006ca4                z_impl_k_thread_create
 .text.z_dummy_thread_init
                0x0000000008006cfc       0x18 zephyr/kernel/libkernel.a(thread.c.obj)
                0x0000000008006cfc                z_dummy_thread_init
 .text.z_swap_irqlock
                0x0000000008006d14       0x30 zephyr/kernel/libkernel.a(sched.c.obj)
 .text.ready_thread
                0x0000000008006d44       0x84 zephyr/kernel/libkernel.a(sched.c.obj)
 .text.unready_thread
                0x0000000008006dc8       0x54 zephyr/kernel/libkernel.a(sched.c.obj)
 .text.add_thread_timeout
                0x0000000008006e1c       0x1c zephyr/kernel/libkernel.a(sched.c.obj)
 .text.move_thread_to_end_of_prio_q
                0x0000000008006e38       0x90 zephyr/kernel/libkernel.a(sched.c.obj)
                0x0000000008006e38                move_thread_to_end_of_prio_q
 .text.z_pend_curr
                0x0000000008006ec8       0x44 zephyr/kernel/libkernel.a(sched.c.obj)
                0x0000000008006ec8                z_pend_curr
 .text.z_reschedule
                0x0000000008006f0c       0x24 zephyr/kernel/libkernel.a(sched.c.obj)
                0x0000000008006f0c                z_reschedule
 .text.z_reschedule_irqlock
                0x0000000008006f30       0x28 zephyr/kernel/libkernel.a(sched.c.obj)
                0x0000000008006f30                z_reschedule_irqlock
 .text.k_sched_lock
                0x0000000008006f58       0x28 zephyr/kernel/libkernel.a(sched.c.obj)
                0x0000000008006f58                k_sched_lock
 .text.k_sched_unlock
                0x0000000008006f80       0x68 zephyr/kernel/libkernel.a(sched.c.obj)
                0x0000000008006f80                k_sched_unlock
 .text.z_sched_init
                0x0000000008006fe8       0x10 zephyr/kernel/libkernel.a(sched.c.obj)
                0x0000000008006fe8                z_sched_init
 .text.z_impl_k_yield
                0x0000000008006ff8       0x88 zephyr/kernel/libkernel.a(sched.c.obj)
                0x0000000008006ff8                z_impl_k_yield
 .text.z_tick_sleep
                0x0000000008007080       0x78 zephyr/kernel/libkernel.a(sched.c.obj)
 .text.z_impl_k_wakeup
                0x00000000080070f8       0x48 zephyr/kernel/libkernel.a(sched.c.obj)
                0x00000000080070f8                z_impl_k_wakeup
 .text.z_impl_k_sched_current_thread_query
                0x0000000008007140        0xc zephyr/kernel/libkernel.a(sched.c.obj)
                0x0000000008007140                z_impl_k_sched_current_thread_query
 .text.z_thread_abort
                0x000000000800714c      0x138 zephyr/kernel/libkernel.a(sched.c.obj)
                0x000000000800714c                z_thread_abort
 .text.z_sched_wait
                0x0000000008007284       0x24 zephyr/kernel/libkernel.a(sched.c.obj)
                0x0000000008007284                z_sched_wait
 .text.slice_timeout
                0x00000000080072a8       0x20 zephyr/kernel/libkernel.a(timeslicing.c.obj)
 .text.thread_is_sliceable
                0x00000000080072c8       0x3c zephyr/kernel/libkernel.a(timeslicing.c.obj)
                0x00000000080072c8                thread_is_sliceable
 .text.z_reset_time_slice
                0x0000000008007304       0x50 zephyr/kernel/libkernel.a(timeslicing.c.obj)
                0x0000000008007304                z_reset_time_slice
 .text.z_time_slice
                0x0000000008007354       0x60 zephyr/kernel/libkernel.a(timeslicing.c.obj)
                0x0000000008007354                z_time_slice
 .text.z_data_copy
                0x00000000080073b4       0x50 zephyr/kernel/libkernel.a(xip.c.obj)
                0x00000000080073b4                z_data_copy
 .text.first    0x0000000008007404       0x10 zephyr/kernel/libkernel.a(timeout.c.obj)
 .text.elapsed  0x0000000008007414       0x14 zephyr/kernel/libkernel.a(timeout.c.obj)
 .text.remove_timeout
                0x0000000008007428       0x38 zephyr/kernel/libkernel.a(timeout.c.obj)
 .text.z_add_timeout
                0x0000000008007460      0x120 zephyr/kernel/libkernel.a(timeout.c.obj)
                0x0000000008007460                z_add_timeout
 .text.sys_clock_announce
                0x0000000008007580       0xc0 zephyr/kernel/libkernel.a(timeout.c.obj)
                0x0000000008007580                sys_clock_announce
 .text.sys_clock_tick_get
                0x0000000008007640       0x30 zephyr/kernel/libkernel.a(timeout.c.obj)
                0x0000000008007640                sys_clock_tick_get
 .text.z_timer_expiration_handler
                0x0000000008007670      0x110 zephyr/kernel/libkernel.a(timer.c.obj)
                0x0000000008007670                z_timer_expiration_handler
 .text.z_impl_k_timer_start
                0x0000000008007780       0x70 zephyr/kernel/libkernel.a(timer.c.obj)
                0x0000000008007780                z_impl_k_timer_start
 .text.boot_banner
                0x00000000080077f0        0xc zephyr/kernel/libkernel.a(banner.c.obj)
                0x00000000080077f0                boot_banner
 .text.statics_init
                0x00000000080077fc       0x24 zephyr/kernel/libkernel.a(kheap.c.obj)
 .text.__l_vfprintf
                0x0000000008007820      0x4b8 d:\aguat\documents\zephyr-sdk-0.17.4\arm-zephyr-eabi\bin\../lib/gcc/../../picolibc/arm-zephyr-eabi/lib/thumb/v7e-m/nofp\libc.a(libc_tinystdio_vflprintf.c.o)
                0x0000000008007820                __l_vfprintf
 .text.scalbn   0x0000000008007cd8       0xb8 d:\aguat\documents\zephyr-sdk-0.17.4\arm-zephyr-eabi\bin\../lib/gcc/../../picolibc/arm-zephyr-eabi/lib/thumb/v7e-m/nofp\libc.a(libm_common_s_scalbn.c.o)
                0x0000000008007cd8                scalbnl
                0x0000000008007cd8                scalbn
                0x0000000008007cd8                ldexpl
                0x0000000008007cd8                ldexp
 .text.__math_oflow
                0x0000000008007d90       0x18 d:\aguat\documents\zephyr-sdk-0.17.4\arm-zephyr-eabi\bin\../lib/gcc/../../picolibc/arm-zephyr-eabi/lib/thumb/v7e-m/nofp\libc.a(libm_common_math_err_oflow.c.o)
                0x0000000008007d90                __math_oflow
 .text.__math_divzero
                0x0000000008007da8       0x18 d:\aguat\documents\zephyr-sdk-0.17.4\arm-zephyr-eabi\bin\../lib/gcc/../../picolibc/arm-zephyr-eabi/lib/thumb/v7e-m/nofp\libc.a(libm_common_math_err_divzero.c.o)
                0x0000000008007da8                __math_divzero
 .text.__math_invalid
                0x0000000008007dc0       0x10 d:\aguat\documents\zephyr-sdk-0.17.4\arm-zephyr-eabi\bin\../lib/gcc/../../picolibc/arm-zephyr-eabi/lib/thumb/v7e-m/nofp\libc.a(libm_common_math_err_invalid.c.o)
                0x0000000008007dc0                __math_invalid
 .text.sqrt     0x0000000008007dd0      0x170 d:\aguat\documents\zephyr-sdk-0.17.4\arm-zephyr-eabi\bin\../lib/gcc/../../picolibc/arm-zephyr-eabi/lib/thumb/v7e-m/nofp\libc.a(libm_machine_arm_s_sqrt.c.o)
                0x0000000008007dd0                sqrtl
                0x0000000008007dd0                sqrt
 .text._OffsetAbsSyms
                0x0000000008007f40        0x2 zephyr/CMakeFiles/offsets.dir/./arch/arm/core/offsets/offsets.c.obj
                0x0000000008007f40                _OffsetAbsSyms
 .text.ipc_thread_fn
                0x0000000008007f42       0x38 app/libapp.a(ipc_thread.c.obj)
                0x0000000008007f42                ipc_thread_fn
 .text.ipc_master_init
                0x0000000008007f7a        0xa app/libapp.a(ipc_master.c.obj)
                0x0000000008007f7a                ipc_master_init
 .text.z_log_msg_runtime_create.constprop.0
                0x0000000008007f84       0x20 app/libapp.a(ipc_parser.c.obj)
 .text.ipc_crc16
                0x0000000008007fa4       0x30 app/libapp.a(ipc_parser.c.obj)
                0x0000000008007fa4                ipc_crc16
 .text.spi_ipc_init
                0x0000000008007fd4        0x4 app/libapp.a(spi_ipc.c.obj)
                0x0000000008007fd4                spi_ipc_init
 .text.z_log_msg_runtime_create.constprop.0
                0x0000000008007fd8       0x22 app/libapp.a(fsm_actions.c.obj)
 .text.signal_entry_set_freq
                0x0000000008007ffa        0x2 app/libapp.a(signal_actions.c.obj)
                0x0000000008007ffa                signal_entry_set_freq
 .text.signal_entry_set_ampl
                0x0000000008007ffc        0x2 app/libapp.a(signal_actions.c.obj)
                0x0000000008007ffc                signal_entry_set_ampl
 .text.signal_entry_set_offs
                0x0000000008007ffe        0x2 app/libapp.a(signal_actions.c.obj)
                0x0000000008007ffe                signal_entry_set_offs
 .text.signal_entry_set_duty
                0x0000000008008000        0x2 app/libapp.a(signal_actions.c.obj)
                0x0000000008008000                signal_entry_set_duty
 .text.signal_entry_set_phas
                0x0000000008008002        0x2 app/libapp.a(signal_actions.c.obj)
                0x0000000008008002                signal_entry_set_phas
 .text.signal_entry_set_wave
                0x0000000008008004        0x2 app/libapp.a(signal_actions.c.obj)
                0x0000000008008004                signal_entry_set_wave
 .text.signal_exit
                0x0000000008008006        0x2 app/libapp.a(signal_actions.c.obj)
                0x0000000008008006                signal_exit
 .text.signal_action_sel_ch1
                0x0000000008008008        0x6 app/libapp.a(signal_actions.c.obj)
                0x0000000008008008                signal_action_sel_ch1
 .text.signal_action_sel_ch2
                0x000000000800800e        0x6 app/libapp.a(signal_actions.c.obj)
                0x000000000800800e                signal_action_sel_ch2
 .text.z_log_msg_runtime_create.constprop.0
                0x0000000008008014       0x20 app/libapp.a(digit.c.obj)
 .text.z_log_msg_runtime_create.constprop.0
                0x0000000008008034       0x20 app/libapp.a(awg.c.obj)
 .text.z_log_msg_runtime_create.constprop.0
                0x0000000008008054       0x20 app/libapp.a(input_thread.c.obj)
 .text.z_log_msg_runtime_create.constprop.0
                0x0000000008008074       0x20 app/libapp.a(main.c.obj)
 .text.chunk_field
                0x0000000008008094       0x16 zephyr/libzephyr.a(heap.c.obj)
 .text.chunk_set
                0x00000000080080aa       0x16 zephyr/libzephyr.a(heap.c.obj)
 .text.chunk_size
                0x00000000080080c0        0xc zephyr/libzephyr.a(heap.c.obj)
 .text.set_chunk_used
                0x00000000080080cc       0x30 zephyr/libzephyr.a(heap.c.obj)
 .text.set_chunk_size
                0x00000000080080fc        0x8 zephyr/libzephyr.a(heap.c.obj)
 .text.bucket_idx.isra.0
                0x0000000008008104       0x1e zephyr/libzephyr.a(heap.c.obj)
 .text.free_list_add
                0x0000000008008122       0x84 zephyr/libzephyr.a(heap.c.obj)
 .text.sys_heap_init
                0x00000000080081a6       0xb0 zephyr/libzephyr.a(heap.c.obj)
                0x00000000080081a6                sys_heap_init
 .text.cbpprintf_external
                0x0000000008008256       0x62 zephyr/libzephyr.a(cbprintf_packaged.c.obj)
                0x0000000008008256                cbpprintf_external
 .text.arch_printk_char_out
                0x00000000080082b8        0x4 zephyr/libzephyr.a(printk.c.obj)
                0x00000000080082b8                arch_printk_char_out
 .text.printk   0x00000000080082bc       0x1a zephyr/libzephyr.a(printk.c.obj)
                0x00000000080082bc                printk
 .text._ConfigAbsSyms
                0x00000000080082d6        0x2 zephyr/libzephyr.a(configs.c.obj)
                0x00000000080082d6                _ConfigAbsSyms
 .text.dummy_timestamp
                0x00000000080082d8        0x4 zephyr/libzephyr.a(log_core.c.obj)
 .text.default_lf_get_timestamp
                0x00000000080082dc       0x10 zephyr/libzephyr.a(log_core.c.obj)
 .text.atomic_inc
                0x00000000080082ec       0x1a zephyr/libzephyr.a(log_core.c.obj)
 .text.enable_logger
                0x0000000008008306        0xe zephyr/libzephyr.a(log_core.c.obj)
 .text.z_log_vprintk
                0x0000000008008314       0x1c zephyr/libzephyr.a(log_core.c.obj)
                0x0000000008008314                z_log_vprintk
 .text.z_log_notify_backend_enabled
                0x0000000008008330        0x2 zephyr/libzephyr.a(log_core.c.obj)
                0x0000000008008330                z_log_notify_backend_enabled
 .text.z_log_get_tag
                0x0000000008008332        0x4 zephyr/libzephyr.a(log_core.c.obj)
                0x0000000008008332                z_log_get_tag
 .text.log_backend_enable
                0x0000000008008336       0x12 zephyr/libzephyr.a(log_mgmt.c.obj)
                0x0000000008008336                log_backend_enable
 .text.z_log_msg_finalize
                0x0000000008008348       0x32 zephyr/libzephyr.a(log_msg.c.obj)
                0x0000000008008348                z_log_msg_finalize
 .text.z_log_msg_runtime_create.constprop.0
                0x000000000800837a       0x20 zephyr/libzephyr.a(log_msg.c.obj)
 .text.log_output_write
                0x000000000800839a       0x1c zephyr/libzephyr.a(log_output.c.obj)
 .text.out_func
                0x00000000080083b6       0x1c zephyr/libzephyr.a(log_output.c.obj)
 .text.cr_out_func
                0x00000000080083d2       0x1c zephyr/libzephyr.a(log_output.c.obj)
 .text.log_output_msg_process
                0x00000000080083ee       0x6c zephyr/libzephyr.a(log_output.c.obj)
                0x00000000080083ee                log_output_msg_process
 .text.format_set
                0x000000000800845a        0xc zephyr/libzephyr.a(log_backend_uart.c.obj)
 .text.log_backend_uart_init
                0x0000000008008466        0xc zephyr/libzephyr.a(log_backend_uart.c.obj)
 .text.panic    0x0000000008008472       0x32 zephyr/libzephyr.a(log_backend_uart.c.obj)
 .text.process  0x00000000080084a4       0x1e zephyr/libzephyr.a(log_backend_uart.c.obj)
 .text.z_log_msg_runtime_create.constprop.0
                0x00000000080084c2       0x20 zephyr/arch/arch/arm/core/libarch__arm__core.a(fatal.c.obj)
 .text.z_do_kernel_oops
                0x00000000080084e2        0x8 zephyr/arch/arch/arm/core/libarch__arm__core.a(fatal.c.obj)
                0x00000000080084e2                z_do_kernel_oops
 .text.z_arm_nmi
                0x00000000080084ea        0xe zephyr/arch/arch/arm/core/libarch__arm__core.a(nmi.c.obj)
                0x00000000080084ea                z_arm_nmi
 .text.z_log_msg_runtime_create.constprop.0
                0x00000000080084f8       0x20 zephyr/arch/arch/arm/core/cortex_m/libarch__arm__core__cortex_m.a(fault.c.obj)
 .text.z_irq_spurious
                0x0000000008008518        0x8 zephyr/arch/arch/arm/core/cortex_m/libarch__arm__core__cortex_m.a(irq_manage.c.obj)
                0x0000000008008518                z_irq_spurious
 .text.arch_irq_unlock_outlined
                0x0000000008008520        0xe zephyr/arch/arch/arm/core/cortex_m/libarch__arm__core__cortex_m.a(thread.c.obj)
                0x0000000008008520                arch_irq_unlock_outlined
 .text.arch_cpu_idle
                0x000000000800852e       0x1a zephyr/arch/arch/arm/core/cortex_m/libarch__arm__core__cortex_m.a(cpu_idle.c.obj)
                0x000000000800852e                arch_cpu_idle
 .text.size_to_mpu_rasr_size
                0x0000000008008548       0x20 zephyr/arch/arch/arm/core/mpu/libarch__arm__core__mpu.a(arm_mpu.c.obj)
 .text.z_log_msg_runtime_create.constprop.0
                0x0000000008008568       0x20 zephyr/arch/arch/arm/core/mpu/libarch__arm__core__mpu.a(arm_mpu.c.obj)
 .text.cbputc   0x0000000008008588        0xc zephyr/lib/libc/picolibc/liblib__libc__picolibc.a(cbprintf.c.obj)
 .text.picolibc_put
                0x0000000008008594        0xa zephyr/lib/libc/picolibc/liblib__libc__picolibc.a(stdio.c.obj)
 .text.z_log_msg_runtime_create.constprop.0
                0x000000000800859e       0x1e zephyr/subsys/input/libsubsys__input.a(input.c.obj)
 .text.stm32_gpio_intc_get_pin_irq_line
                0x00000000080085bc        0x6 zephyr/drivers/interrupt_controller/libdrivers__interrupt_controller.a(intc_exti_stm32.c.obj)
                0x00000000080085bc                stm32_gpio_intc_get_pin_irq_line
 .text.stm32_gpio_intc_disable_line
                0x00000000080085c2       0x12 zephyr/drivers/interrupt_controller/libdrivers__interrupt_controller.a(intc_exti_stm32.c.obj)
                0x00000000080085c2                stm32_gpio_intc_disable_line
 .text.enabled_clock
                0x00000000080085d4       0x1e zephyr/drivers/clock_control/libdrivers__clock_control.a(clock_stm32_ll_h7.c.obj)
                0x00000000080085d4                enabled_clock
 .text.gpio_stm32_port_get_raw
                0x00000000080085f2        0xc zephyr/drivers/gpio/libdrivers__gpio.a(gpio_stm32.c.obj)
 .text.gpio_stm32_port_set_bits_raw
                0x00000000080085fe        0xa zephyr/drivers/gpio/libdrivers__gpio.a(gpio_stm32.c.obj)
 .text.gpio_stm32_port_clear_bits_raw
                0x0000000008008608        0xc zephyr/drivers/gpio/libdrivers__gpio.a(gpio_stm32.c.obj)
 .text.gpio_stm32_manage_callback
                0x0000000008008614       0x52 zephyr/drivers/gpio/libdrivers__gpio.a(gpio_stm32.c.obj)
 .text.gpio_stm32_config
                0x0000000008008666       0xd8 zephyr/drivers/gpio/libdrivers__gpio.a(gpio_stm32.c.obj)
 .text.gpio_stm32_isr
                0x000000000800873e       0x2c zephyr/drivers/gpio/libdrivers__gpio.a(gpio_stm32.c.obj)
 .text.gpio_stm32_configure
                0x000000000800876a       0x30 zephyr/drivers/gpio/libdrivers__gpio.a(gpio_stm32.c.obj)
                0x000000000800876a                gpio_stm32_configure
 .text.gpio_pin_get
                0x000000000800879a       0x28 zephyr/drivers/input/libdrivers__input.a(input_gpio_keys.c.obj)
 .text.gpio_keys_interrupt
                0x00000000080087c2       0x16 zephyr/drivers/input/libdrivers__input.a(input_gpio_keys.c.obj)
 .text.z_log_msg_runtime_create.constprop.0
                0x00000000080087d8       0x20 zephyr/drivers/input/libdrivers__input.a(input_gpio_keys.c.obj)
 .text.pinctrl_lookup_state
                0x00000000080087f8       0x26 zephyr/drivers/pinctrl/libdrivers__pinctrl.a(common.c.obj)
                0x00000000080087f8                pinctrl_lookup_state
 .text.reset_stm32_status
                0x000000000800881e       0x22 zephyr/drivers/reset/libdrivers__reset.a(reset_stm32.c.obj)
 .text.reset_stm32_line_assert
                0x0000000008008840       0x1c zephyr/drivers/reset/libdrivers__reset.a(reset_stm32.c.obj)
 .text.reset_stm32_line_deassert
                0x000000000800885c       0x1e zephyr/drivers/reset/libdrivers__reset.a(reset_stm32.c.obj)
 .text.reset_stm32_line_toggle
                0x000000000800887a       0x16 zephyr/drivers/reset/libdrivers__reset.a(reset_stm32.c.obj)
 .text.uart_stm32_ll2cfg_databits
                0x0000000008008890       0x2a zephyr/drivers/serial/libdrivers__serial.a(uart_stm32.c.obj)
 .text.uart_stm32_err_check
                0x00000000080088ba       0x5a zephyr/drivers/serial/libdrivers__serial.a(uart_stm32.c.obj)
 .text.z_log_msg_runtime_create.constprop.0
                0x0000000008008914       0x20 zephyr/drivers/serial/libdrivers__serial.a(uart_stm32.c.obj)
 .text.uart_stm32_poll_out
                0x0000000008008934       0x36 zephyr/drivers/serial/libdrivers__serial.a(uart_stm32.c.obj)
 .text.uart_stm32_poll_in
                0x000000000800896a       0x22 zephyr/drivers/serial/libdrivers__serial.a(uart_stm32.c.obj)
 .text.uart_stm32_config_get
                0x000000000800898c       0x92 zephyr/drivers/serial/libdrivers__serial.a(uart_stm32.c.obj)
 .text.uart_stm32_parameters_set
                0x0000000008008a1e      0x136 zephyr/drivers/serial/libdrivers__serial.a(uart_stm32.c.obj)
 .text.LL_SPI_SetTransferDirection
                0x0000000008008b54       0x1e zephyr/drivers/spi/libdrivers__spi.a(spi_ll_stm32.c.obj)
 .text.spi_context_get_next_buf
                0x0000000008008b72       0x2c zephyr/drivers/spi/libdrivers__spi.a(spi_ll_stm32.c.obj)
 .text.spi_context_buffers_setup
                0x0000000008008b9e       0x5e zephyr/drivers/spi/libdrivers__spi.a(spi_ll_stm32.c.obj)
 .text.ll_func_disable_spi
                0x0000000008008bfc       0x1c zephyr/drivers/spi/libdrivers__spi.a(spi_ll_stm32.c.obj)
 .text.spi_stm32_send_next_frame
                0x0000000008008c18       0x92 zephyr/drivers/spi/libdrivers__spi.a(spi_ll_stm32.c.obj)
 .text.spi_stm32_read_next_frame
                0x0000000008008caa       0x88 zephyr/drivers/spi/libdrivers__spi.a(spi_ll_stm32.c.obj)
 .text.ll_func_spi_is_busy
                0x0000000008008d32       0x1c zephyr/drivers/spi/libdrivers__spi.a(spi_ll_stm32.c.obj)
 .text.spi_stm32_count_bufset_frames
                0x0000000008008d4e       0x44 zephyr/drivers/spi/libdrivers__spi.a(spi_ll_stm32.c.obj)
 .text.z_log_msg_runtime_create.constprop.0
                0x0000000008008d92       0x20 zephyr/drivers/spi/libdrivers__spi.a(spi_ll_stm32.c.obj)
 .text.gpio_pin_set_dt.isra.0
                0x0000000008008db2       0x28 zephyr/drivers/spi/libdrivers__spi.a(spi_ll_stm32.c.obj)
 .text.spi_context_unlock_unconditionally
                0x0000000008008dda       0x30 zephyr/drivers/spi/libdrivers__spi.a(spi_ll_stm32.c.obj)
 .text.spi_stm32_release
                0x0000000008008e0a       0x14 zephyr/drivers/spi/libdrivers__spi.a(spi_ll_stm32.c.obj)
 .text.z_impl_k_busy_wait
                0x0000000008008e1e       0x1e zephyr/kernel/libkernel.a(busy_wait.c.obj)
                0x0000000008008e1e                z_impl_k_busy_wait
 .text.z_device_state_init
                0x0000000008008e3c        0x2 zephyr/kernel/libkernel.a(device.c.obj)
                0x0000000008008e3c                z_device_state_init
 .text.z_impl_device_is_ready
                0x0000000008008e3e       0x16 zephyr/kernel/libkernel.a(device.c.obj)
                0x0000000008008e3e                z_impl_device_is_ready
 .text.z_log_msg_runtime_create.constprop.0
                0x0000000008008e54       0x20 zephyr/kernel/libkernel.a(fatal.c.obj)
 .text.arch_system_halt
                0x0000000008008e74       0x10 zephyr/kernel/libkernel.a(fatal.c.obj)
                0x0000000008008e74                arch_system_halt
 .text.do_device_init
                0x0000000008008e84       0x2e zephyr/kernel/libkernel.a(init.c.obj)
 .text.z_early_memset
                0x0000000008008eb2        0x4 zephyr/kernel/libkernel.a(init.c.obj)
                0x0000000008008eb2                z_early_memset
 .text.z_early_memcpy
                0x0000000008008eb6        0x4 zephyr/kernel/libkernel.a(init.c.obj)
                0x0000000008008eb6                z_early_memcpy
 .text.idle     0x0000000008008eba       0x16 zephyr/kernel/libkernel.a(idle.c.obj)
                0x0000000008008eba                idle
 .text.unpend_thread_no_timeout
                0x0000000008008ed0       0x1a zephyr/kernel/libkernel.a(msg_q.c.obj)
 .text.flag_test_and_clear
                0x0000000008008eea       0x16 zephyr/kernel/libkernel.a(work.c.obj)
 .text.unschedule_locked
                0x0000000008008f00       0x1e zephyr/kernel/libkernel.a(work.c.obj)
 .text.notify_queue_locked.isra.0
                0x0000000008008f1e        0xe zephyr/kernel/libkernel.a(work.c.obj)
 .text.work_timeout
                0x0000000008008f2c       0x3c zephyr/kernel/libkernel.a(work.c.obj)
 .text.k_work_init_delayable
                0x0000000008008f68       0x18 zephyr/kernel/libkernel.a(work.c.obj)
                0x0000000008008f68                k_work_init_delayable
 .text.k_is_in_isr
                0x0000000008008f80        0xc zephyr/kernel/libkernel.a(thread.c.obj)
                0x0000000008008f80                k_is_in_isr
 .text.z_impl_k_thread_name_set
                0x0000000008008f8c        0x6 zephyr/kernel/libkernel.a(thread.c.obj)
                0x0000000008008f8c                z_impl_k_thread_name_set
 .text.k_thread_name_get
                0x0000000008008f92        0x4 zephyr/kernel/libkernel.a(thread.c.obj)
                0x0000000008008f92                k_thread_name_get
 .text.sys_dlist_remove
                0x0000000008008f96       0x10 zephyr/kernel/libkernel.a(sched.c.obj)
 .text.unpend_thread_no_timeout
                0x0000000008008fa6       0x14 zephyr/kernel/libkernel.a(sched.c.obj)
 .text.add_to_waitq_locked
                0x0000000008008fba       0x50 zephyr/kernel/libkernel.a(sched.c.obj)
 .text.z_ready_thread
                0x000000000800900a       0x1e zephyr/kernel/libkernel.a(sched.c.obj)
                0x000000000800900a                z_ready_thread
 .text.z_unpend_thread_no_timeout
                0x0000000008009028       0x22 zephyr/kernel/libkernel.a(sched.c.obj)
                0x0000000008009028                z_unpend_thread_no_timeout
 .text.z_sched_wake_thread
                0x000000000800904a       0x3a zephyr/kernel/libkernel.a(sched.c.obj)
                0x000000000800904a                z_sched_wake_thread
 .text.z_thread_timeout
                0x0000000008009084        0x8 zephyr/kernel/libkernel.a(sched.c.obj)
                0x0000000008009084                z_thread_timeout
 .text.z_impl_k_sleep
                0x000000000800908c       0x50 zephyr/kernel/libkernel.a(sched.c.obj)
                0x000000000800908c                z_impl_k_sleep
 .text.z_sched_wake
                0x00000000080090dc       0x44 zephyr/kernel/libkernel.a(sched.c.obj)
                0x00000000080090dc                z_sched_wake
 .text.next_timeout
                0x0000000008009120       0x2e zephyr/kernel/libkernel.a(timeout.c.obj)
 .text.z_abort_timeout
                0x000000000800914e       0x50 zephyr/kernel/libkernel.a(timeout.c.obj)
                0x000000000800914e                z_abort_timeout
 .text.sys_clock_tick_get_32
                0x000000000800919e        0x8 zephyr/kernel/libkernel.a(timeout.c.obj)
                0x000000000800919e                sys_clock_tick_get_32
 .text.z_impl_k_uptime_ticks
                0x00000000080091a6        0x4 zephyr/kernel/libkernel.a(timeout.c.obj)
                0x00000000080091a6                z_impl_k_uptime_ticks
 .text.k_timer_init
                0x00000000080091aa       0x18 zephyr/kernel/libkernel.a(timer.c.obj)
                0x00000000080091aa                k_timer_init
 .text.k_heap_init
                0x00000000080091c2       0x10 zephyr/kernel/libkernel.a(kheap.c.obj)
                0x00000000080091c2                k_heap_init
 .text.memcpy   0x00000000080091d2       0x1c d:\aguat\documents\zephyr-sdk-0.17.4\arm-zephyr-eabi\bin\../lib/gcc/../../picolibc/arm-zephyr-eabi/lib/thumb/v7e-m/nofp\libc.a(memcpy.c.o)
                0x00000000080091d2                __aeabi_memcpy
                0x00000000080091d2                __aeabi_memcpy4
                0x00000000080091d2                __aeabi_memcpy8
                0x00000000080091d2                memcpy
 .text.memset   0x00000000080091ee       0x10 d:\aguat\documents\zephyr-sdk-0.17.4\arm-zephyr-eabi\bin\../lib/gcc/../../picolibc/arm-zephyr-eabi/lib/thumb/v7e-m/nofp\libc.a(memset.c.o)
                0x00000000080091ee                memset
 .text.strnlen  0x00000000080091fe       0x18 d:\aguat\documents\zephyr-sdk-0.17.4\arm-zephyr-eabi\bin\../lib/gcc/../../picolibc/arm-zephyr-eabi/lib/thumb/v7e-m/nofp\libc.a(libc_string_strnlen.c.o)
                0x00000000080091fe                strnlen
 .text.__ultoa_invert
                0x0000000008009216       0xae d:\aguat\documents\zephyr-sdk-0.17.4\arm-zephyr-eabi\bin\../lib/gcc/../../picolibc/arm-zephyr-eabi/lib/thumb/v7e-m/nofp\libc.a(libc_tinystdio_vflprintf.c.o)
 .text.__math_uflow
                0x00000000080092c4       0x10 d:\aguat\documents\zephyr-sdk-0.17.4\arm-zephyr-eabi\bin\../lib/gcc/../../picolibc/arm-zephyr-eabi/lib/thumb/v7e-m/nofp\libc.a(libm_common_math_err_uflow.c.o)
                0x00000000080092c4                __math_uflow
 .text.isnan    0x00000000080092d4       0x1a d:\aguat\documents\zephyr-sdk-0.17.4\arm-zephyr-eabi\bin\../lib/gcc/../../picolibc/arm-zephyr-eabi/lib/thumb/v7e-m/nofp\libc.a(libm_common_s_isnan.c.o)
                0x00000000080092d4                isnan
                0x00000000080092d4                isnanl
                0x00000000080092d4                __isnand
                0x00000000080092d4                __isnanl
 *(SORT_BY_ALIGNMENT(.TEXT.*))
 *fill*         0x00000000080092ee        0x2 
 .TEXT.__aeabi_read_tp
                0x00000000080092f0        0xc zephyr/arch/arch/arm/core/cortex_m/libarch__arm__core__cortex_m.a(__aeabi_read_tp.S.obj)
                0x00000000080092f0                __aeabi_read_tp
 *(SORT_BY_ALIGNMENT(.gnu.linkonce.t.*))
 *(SORT_BY_ALIGNMENT(.glue_7t))
 .glue_7t       0x00000000080092fc        0x0 linker stubs
 *(SORT_BY_ALIGNMENT(.glue_7))
 .glue_7        0x00000000080092fc        0x0 linker stubs
 *(SORT_BY_ALIGNMENT(.vfp11_veneer))
 .vfp11_veneer  0x00000000080092fc        0x0 linker stubs
 *(SORT_BY_ALIGNMENT(.v4_bx))
 .v4_bx         0x00000000080092fc        0x0 linker stubs
                0x00000000080092fc                . = ALIGN (0x4)
                0x00000000080092fc                __text_region_end = .

.ARM.exidx      0x00000000080092fc        0x8
                0x00000000080092fc                __exidx_start = .
 *(SORT_BY_ALIGNMENT(.ARM.exidx*) SORT_BY_ALIGNMENT(gnu.linkonce.armexidx.*))
 .ARM.exidx     0x00000000080092fc        0x8 d:/aguat/documents/zephyr-sdk-0.17.4/arm-zephyr-eabi/bin/../lib/gcc/arm-zephyr-eabi/12.2.0/thumb/v7e-m/nofp\libgcc.a(_udivmoddi4.o)
                0x0000000008009304                __exidx_end = .
                0x0000000008009304                __rodata_region_start = .

initlevel       0x0000000008009304       0xd8
                0x0000000008009304                __init_start = .
                0x0000000008009304                __init_EARLY_start = .
 *(SORT_BY_NAME(SORT_BY_ALIGNMENT(.z_init_EARLY_P_?_*)))
 *(SORT_BY_NAME(SORT_BY_ALIGNMENT(.z_init_EARLY_P_??_*)))
 *(SORT_BY_NAME(SORT_BY_ALIGNMENT(.z_init_EARLY_P_???_*)))
                0x0000000008009304                __init_PRE_KERNEL_1_start = .
 *(SORT_BY_NAME(SORT_BY_ALIGNMENT(.z_init_PRE_KERNEL_1_P_?_*)))
 .z_init_PRE_KERNEL_1_P_1_SUB_00009_
                0x0000000008009304        0x8 zephyr/drivers/clock_control/libdrivers__clock_control.a(clock_stm32_ll_h7.c.obj)
 .z_init_PRE_KERNEL_1_P_1_SUB_0_
                0x000000000800930c        0x8 zephyr/libzephyr.a(soc_config.c.obj)
 *(SORT_BY_NAME(SORT_BY_ALIGNMENT(.z_init_PRE_KERNEL_1_P_??_*)))
 .z_init_PRE_KERNEL_1_P_30_SUB_0_
                0x0000000008009314        0x8 zephyr/kernel/libkernel.a(kheap.c.obj)
 .z_init_PRE_KERNEL_1_P_35_SUB_00062_
                0x000000000800931c        0x8 zephyr/drivers/reset/libdrivers__reset.a(reset_stm32.c.obj)
 .z_init_PRE_KERNEL_1_P_40_SUB_00032_
                0x0000000008009324        0x8 zephyr/drivers/gpio/libdrivers__gpio.a(gpio_stm32.c.obj)
 .z_init_PRE_KERNEL_1_P_40_SUB_00033_
                0x000000000800932c        0x8 zephyr/drivers/gpio/libdrivers__gpio.a(gpio_stm32.c.obj)
 .z_init_PRE_KERNEL_1_P_40_SUB_00034_
                0x0000000008009334        0x8 zephyr/drivers/gpio/libdrivers__gpio.a(gpio_stm32.c.obj)
 .z_init_PRE_KERNEL_1_P_40_SUB_00054_
                0x000000000800933c        0x8 zephyr/drivers/gpio/libdrivers__gpio.a(gpio_stm32.c.obj)
 .z_init_PRE_KERNEL_1_P_40_SUB_00088_
                0x0000000008009344        0x8 zephyr/drivers/interrupt_controller/libdrivers__interrupt_controller.a(intc_exti_stm32.c.obj)
 .z_init_PRE_KERNEL_1_P_40_SUB_00109_
                0x000000000800934c        0x8 zephyr/drivers/gpio/libdrivers__gpio.a(gpio_stm32.c.obj)
 .z_init_PRE_KERNEL_1_P_40_SUB_00144_
                0x0000000008009354        0x8 zephyr/drivers/gpio/libdrivers__gpio.a(gpio_stm32.c.obj)
 .z_init_PRE_KERNEL_1_P_40_SUB_00145_
                0x000000000800935c        0x8 zephyr/drivers/gpio/libdrivers__gpio.a(gpio_stm32.c.obj)
 .z_init_PRE_KERNEL_1_P_40_SUB_00146_
                0x0000000008009364        0x8 zephyr/drivers/gpio/libdrivers__gpio.a(gpio_stm32.c.obj)
 .z_init_PRE_KERNEL_1_P_40_SUB_00147_
                0x000000000800936c        0x8 zephyr/drivers/gpio/libdrivers__gpio.a(gpio_stm32.c.obj)
 .z_init_PRE_KERNEL_1_P_40_SUB_00148_
                0x0000000008009374        0x8 zephyr/drivers/gpio/libdrivers__gpio.a(gpio_stm32.c.obj)
 .z_init_PRE_KERNEL_1_P_40_SUB_00149_
                0x000000000800937c        0x8 zephyr/drivers/gpio/libdrivers__gpio.a(gpio_stm32.c.obj)
 .z_init_PRE_KERNEL_1_P_50_SUB_00097_
                0x0000000008009384        0x8 zephyr/drivers/serial/libdrivers__serial.a(uart_stm32.c.obj)
 .z_init_PRE_KERNEL_1_P_50_SUB_00106_
                0x000000000800938c        0x8 zephyr/drivers/serial/libdrivers__serial.a(uart_stm32.c.obj)
 .z_init_PRE_KERNEL_1_P_60_SUB_0_
                0x0000000008009394        0x8 zephyr/drivers/console/libdrivers__console.a(uart_console.c.obj)
 *(SORT_BY_NAME(SORT_BY_ALIGNMENT(.z_init_PRE_KERNEL_1_P_???_*)))
                0x000000000800939c                __init_PRE_KERNEL_2_start = .
 *(SORT_BY_NAME(SORT_BY_ALIGNMENT(.z_init_PRE_KERNEL_2_P_?_*)))
 .z_init_PRE_KERNEL_2_P_0_SUB_0_
                0x000000000800939c        0x8 zephyr/drivers/timer/libdrivers__timer.a(cortex_m_systick.c.obj)
 *(SORT_BY_NAME(SORT_BY_ALIGNMENT(.z_init_PRE_KERNEL_2_P_??_*)))
 *(SORT_BY_NAME(SORT_BY_ALIGNMENT(.z_init_PRE_KERNEL_2_P_???_*)))
                0x00000000080093a4                __init_POST_KERNEL_start = .
 *(SORT_BY_NAME(SORT_BY_ALIGNMENT(.z_init_POST_KERNEL_P_?_*)))
 .z_init_POST_KERNEL_P_0_SUB_0_
                0x00000000080093a4        0x8 zephyr/libzephyr.a(log_core.c.obj)
 *(SORT_BY_NAME(SORT_BY_ALIGNMENT(.z_init_POST_KERNEL_P_??_*)))
 .z_init_POST_KERNEL_P_35_SUB_0_
                0x00000000080093ac        0x8 zephyr/lib/libc/common/liblib__libc__common.a(malloc.c.obj)
 .z_init_POST_KERNEL_P_40_SUB_0_
                0x00000000080093b4        0x8 zephyr/kernel/libkernel.a(system_work_q.c.obj)
 .z_init_POST_KERNEL_P_50_SUB_00113_
                0x00000000080093bc        0x8 zephyr/drivers/spi/libdrivers__spi.a(spi_ll_stm32.c.obj)
 .z_init_POST_KERNEL_P_90_SUB_00035_
                0x00000000080093c4        0x8 zephyr/drivers/input/libdrivers__input.a(input_gpio_keys.c.obj)
 .z_init_POST_KERNEL_P_90_SUB_00052_
                0x00000000080093cc        0x8 zephyr/drivers/input/libdrivers__input.a(input_gpio_keys.c.obj)
 .z_init_POST_KERNEL_P_90_SUB_0_
                0x00000000080093d4        0x8 zephyr/libzephyr.a(soc_m7.c.obj)
 *(SORT_BY_NAME(SORT_BY_ALIGNMENT(.z_init_POST_KERNEL_P_???_*)))
                0x00000000080093dc                __init_APPLICATION_start = .
 *(SORT_BY_NAME(SORT_BY_ALIGNMENT(.z_init_APPLICATION_P_?_*)))
 *(SORT_BY_NAME(SORT_BY_ALIGNMENT(.z_init_APPLICATION_P_??_*)))
 *(SORT_BY_NAME(SORT_BY_ALIGNMENT(.z_init_APPLICATION_P_???_*)))
                0x00000000080093dc                __init_SMP_start = .
 *(SORT_BY_NAME(SORT_BY_ALIGNMENT(.z_init_SMP_P_?_*)))
 *(SORT_BY_NAME(SORT_BY_ALIGNMENT(.z_init_SMP_P_??_*)))
 *(SORT_BY_NAME(SORT_BY_ALIGNMENT(.z_init_SMP_P_???_*)))
                0x00000000080093dc                __init_end = .

device_area     0x00000000080093dc      0x260
                0x00000000080093dc                _device_list_start = .
 *(SORT_BY_NAME(SORT_BY_ALIGNMENT(._device.static.*_?_*)))
 ._device.static.1_1_
                0x00000000080093dc       0x20 zephyr/drivers/clock_control/libdrivers__clock_control.a(clock_stm32_ll_h7.c.obj)
                0x00000000080093dc                __device_dts_ord_9
 *(SORT_BY_NAME(SORT_BY_ALIGNMENT(._device.static.*_??_*)))
 ._device.static.1_35_
                0x00000000080093fc       0x20 zephyr/drivers/reset/libdrivers__reset.a(reset_stm32.c.obj)
                0x00000000080093fc                __device_dts_ord_62
 ._device.static.1_40_
                0x000000000800941c       0x20 zephyr/drivers/interrupt_controller/libdrivers__interrupt_controller.a(intc_exti_stm32.c.obj)
                0x000000000800941c                __device_dts_ord_88
 ._device.static.1_40_
                0x000000000800943c      0x160 zephyr/drivers/gpio/libdrivers__gpio.a(gpio_stm32.c.obj)
                0x000000000800943c                __device_dts_ord_149
                0x000000000800945c                __device_dts_ord_148
                0x000000000800947c                __device_dts_ord_147
                0x000000000800949c                __device_dts_ord_146
                0x00000000080094bc                __device_dts_ord_34
                0x00000000080094dc                __device_dts_ord_145
                0x00000000080094fc                __device_dts_ord_33
                0x000000000800951c                __device_dts_ord_109
                0x000000000800953c                __device_dts_ord_32
                0x000000000800955c                __device_dts_ord_54
                0x000000000800957c                __device_dts_ord_144
 ._device.static.1_50_
                0x000000000800959c       0x40 zephyr/drivers/serial/libdrivers__serial.a(uart_stm32.c.obj)
                0x000000000800959c                __device_dts_ord_106
                0x00000000080095bc                __device_dts_ord_97
 ._device.static.3_50_
                0x00000000080095dc       0x20 zephyr/drivers/spi/libdrivers__spi.a(spi_ll_stm32.c.obj)
                0x00000000080095dc                __device_dts_ord_113
 ._device.static.3_90_
                0x00000000080095fc       0x40 zephyr/drivers/input/libdrivers__input.a(input_gpio_keys.c.obj)
                0x00000000080095fc                __device_dts_ord_35
                0x000000000800961c                __device_dts_ord_52
 *(SORT_BY_NAME(SORT_BY_ALIGNMENT(._device.static.*_???_*)))
 *(SORT_BY_NAME(SORT_BY_ALIGNMENT(._device.static.*_????_*)))
 *(SORT_BY_NAME(SORT_BY_ALIGNMENT(._device.static.*_?????_*)))
                0x000000000800963c                _device_list_end = .

sw_isr_table    0x000000000800963c      0x4b0
                0x000000000800963c                . = ALIGN (0x4)
 *(SORT_BY_ALIGNMENT(.gnu.linkonce.sw_isr_table*))
 .gnu.linkonce.sw_isr_table
                0x000000000800963c      0x4b0 zephyr/arch/common/libisr_tables.a(isr_tables.c.obj)
                0x000000000800963c                _sw_isr_table

initlevel_error
                0x0000000008009304        0x0
 *(SORT_BY_NAME(SORT_BY_ALIGNMENT(.z_init_*)))
                0x0000000000000001                ASSERT ((SIZEOF (initlevel_error) == 0x0), Undefined initialization levels used.)

app_shmem_regions
                0x0000000008009aec        0x0
                0x0000000008009aec                __app_shmem_regions_start = .
 *(SORT_BY_NAME(SORT_BY_ALIGNMENT(.app_regions.*)))
                0x0000000008009aec                __app_shmem_regions_end = .

k_p4wq_initparam_area
                0x0000000008009aec        0x0
                0x0000000008009aec                _k_p4wq_initparam_list_start = .
 *(SORT_BY_NAME(SORT_BY_ALIGNMENT(._k_p4wq_initparam.static.*)))
                0x0000000008009aec                _k_p4wq_initparam_list_end = .

_static_thread_data_area
                0x0000000008009af0       0xc0
                0x0000000008009af0                __static_thread_data_list_start = .
 *(SORT_BY_NAME(SORT_BY_ALIGNMENT(.__static_thread_data.static.*)))
 .__static_thread_data.static._k_thread_data_app_thread_id_
                0x0000000008009af0       0x30 app/libapp.a(app_thread.c.obj)
                0x0000000008009af0                _k_thread_data_app_thread_id
 .__static_thread_data.static._k_thread_data_input_
                0x0000000008009b20       0x30 zephyr/subsys/input/libsubsys__input.a(input.c.obj)
                0x0000000008009b20                _k_thread_data_input
 .__static_thread_data.static._k_thread_data_input_thread_id_
                0x0000000008009b50       0x30 app/libapp.a(input_thread.c.obj)
                0x0000000008009b50                _k_thread_data_input_thread_id
 .__static_thread_data.static._k_thread_data_ipc_thread_id_
                0x0000000008009b80       0x30 app/libapp.a(ipc_thread.c.obj)
                0x0000000008009b80                _k_thread_data_ipc_thread_id
                0x0000000008009bb0                __static_thread_data_list_end = .

device_deps     0x0000000008009bb0        0x0
                0x0000000008009bb0                __device_deps_start = .
 *(SORT_BY_NAME(SORT_BY_ALIGNMENT(.__device_deps_pass2*)))
                0x0000000008009bb0                __device_deps_end = .

gpio_driver_api_area
                0x0000000008009bb0       0x24
                0x0000000008009bb0                _gpio_driver_api_list_start = .
 *(SORT_BY_NAME(SORT_BY_ALIGNMENT(._gpio_driver_api.static.*)))
 ._gpio_driver_api.static.gpio_stm32_driver_
                0x0000000008009bb0       0x24 zephyr/drivers/gpio/libdrivers__gpio.a(gpio_stm32.c.obj)
                0x0000000008009bd4                _gpio_driver_api_list_end = .

reset_driver_api_area
                0x0000000008009bd4       0x10
                0x0000000008009bd4                _reset_driver_api_list_start = .
 *(SORT_BY_NAME(SORT_BY_ALIGNMENT(._reset_driver_api.static.*)))
 ._reset_driver_api.static.reset_stm32_driver_api_
                0x0000000008009bd4       0x10 zephyr/drivers/reset/libdrivers__reset.a(reset_stm32.c.obj)
                0x0000000008009be4                _reset_driver_api_list_end = .

spi_driver_api_area
                0x0000000008009be4        0x8
                0x0000000008009be4                _spi_driver_api_list_start = .
 *(SORT_BY_NAME(SORT_BY_ALIGNMENT(._spi_driver_api.static.*)))
 ._spi_driver_api.static.api_funcs_
                0x0000000008009be4        0x8 zephyr/drivers/spi/libdrivers__spi.a(spi_ll_stm32.c.obj)
                0x0000000008009bec                _spi_driver_api_list_end = .

shared_irq_driver_api_area
                0x0000000008009bec        0x0
                0x0000000008009bec                _shared_irq_driver_api_list_start = .
 *(SORT_BY_NAME(SORT_BY_ALIGNMENT(._shared_irq_driver_api.static.*)))
                0x0000000008009bec                _shared_irq_driver_api_list_end = .

crypto_driver_api_area
                0x0000000008009bec        0x0
                0x0000000008009bec                _crypto_driver_api_list_start = .
 *(SORT_BY_NAME(SORT_BY_ALIGNMENT(._crypto_driver_api.static.*)))
                0x0000000008009bec                _crypto_driver_api_list_end = .

adc_driver_api_area
                0x0000000008009bec        0x0
                0x0000000008009bec                _adc_driver_api_list_start = .
 *(SORT_BY_NAME(SORT_BY_ALIGNMENT(._adc_driver_api.static.*)))
                0x0000000008009bec                _adc_driver_api_list_end = .

auxdisplay_driver_api_area
                0x0000000008009bec        0x0
                0x0000000008009bec                _auxdisplay_driver_api_list_start = .
 *(SORT_BY_NAME(SORT_BY_ALIGNMENT(._auxdisplay_driver_api.static.*)))
                0x0000000008009bec                _auxdisplay_driver_api_list_end = .

bbram_driver_api_area
                0x0000000008009bec        0x0
                0x0000000008009bec                _bbram_driver_api_list_start = .
 *(SORT_BY_NAME(SORT_BY_ALIGNMENT(._bbram_driver_api.static.*)))
                0x0000000008009bec                _bbram_driver_api_list_end = .

bt_hci_driver_api_area
                0x0000000008009bec        0x0
                0x0000000008009bec                _bt_hci_driver_api_list_start = .
 *(SORT_BY_NAME(SORT_BY_ALIGNMENT(._bt_hci_driver_api.static.*)))
                0x0000000008009bec                _bt_hci_driver_api_list_end = .

can_driver_api_area
                0x0000000008009bec        0x0
                0x0000000008009bec                _can_driver_api_list_start = .
 *(SORT_BY_NAME(SORT_BY_ALIGNMENT(._can_driver_api.static.*)))
                0x0000000008009bec                _can_driver_api_list_end = .

cellular_driver_api_area
                0x0000000008009bec        0x0
                0x0000000008009bec                _cellular_driver_api_list_start = .
 *(SORT_BY_NAME(SORT_BY_ALIGNMENT(._cellular_driver_api.static.*)))
                0x0000000008009bec                _cellular_driver_api_list_end = .

charger_driver_api_area
                0x0000000008009bec        0x0
                0x0000000008009bec                _charger_driver_api_list_start = .
 *(SORT_BY_NAME(SORT_BY_ALIGNMENT(._charger_driver_api.static.*)))
                0x0000000008009bec                _charger_driver_api_list_end = .

clock_control_driver_api_area
                0x0000000008009bec       0x1c
                0x0000000008009bec                _clock_control_driver_api_list_start = .
 *(SORT_BY_NAME(SORT_BY_ALIGNMENT(._clock_control_driver_api.static.*)))
 ._clock_control_driver_api.static.stm32_clock_control_api_
                0x0000000008009bec       0x1c zephyr/drivers/clock_control/libdrivers__clock_control.a(clock_stm32_ll_h7.c.obj)
                0x0000000008009c08                _clock_control_driver_api_list_end = .

comparator_driver_api_area
                0x0000000008009c08        0x0
                0x0000000008009c08                _comparator_driver_api_list_start = .
 *(SORT_BY_NAME(SORT_BY_ALIGNMENT(._comparator_driver_api.static.*)))
                0x0000000008009c08                _comparator_driver_api_list_end = .

coredump_driver_api_area
                0x0000000008009c08        0x0
                0x0000000008009c08                _coredump_driver_api_list_start = .
 *(SORT_BY_NAME(SORT_BY_ALIGNMENT(._coredump_driver_api.static.*)))
                0x0000000008009c08                _coredump_driver_api_list_end = .

counter_driver_api_area
                0x0000000008009c08        0x0
                0x0000000008009c08                _counter_driver_api_list_start = .
 *(SORT_BY_NAME(SORT_BY_ALIGNMENT(._counter_driver_api.static.*)))
                0x0000000008009c08                _counter_driver_api_list_end = .

dac_driver_api_area
                0x0000000008009c08        0x0
                0x0000000008009c08                _dac_driver_api_list_start = .
 *(SORT_BY_NAME(SORT_BY_ALIGNMENT(._dac_driver_api.static.*)))
                0x0000000008009c08                _dac_driver_api_list_end = .

dai_driver_api_area
                0x0000000008009c08        0x0
                0x0000000008009c08                _dai_driver_api_list_start = .
 *(SORT_BY_NAME(SORT_BY_ALIGNMENT(._dai_driver_api.static.*)))
                0x0000000008009c08                _dai_driver_api_list_end = .

display_driver_api_area
                0x0000000008009c08        0x0
                0x0000000008009c08                _display_driver_api_list_start = .
 *(SORT_BY_NAME(SORT_BY_ALIGNMENT(._display_driver_api.static.*)))
                0x0000000008009c08                _display_driver_api_list_end = .

dma_driver_api_area
                0x0000000008009c08        0x0
                0x0000000008009c08                _dma_driver_api_list_start = .
 *(SORT_BY_NAME(SORT_BY_ALIGNMENT(._dma_driver_api.static.*)))
                0x0000000008009c08                _dma_driver_api_list_end = .

edac_driver_api_area
                0x0000000008009c08        0x0
                0x0000000008009c08                _edac_driver_api_list_start = .
 *(SORT_BY_NAME(SORT_BY_ALIGNMENT(._edac_driver_api.static.*)))
                0x0000000008009c08                _edac_driver_api_list_end = .

eeprom_driver_api_area
                0x0000000008009c08        0x0
                0x0000000008009c08                _eeprom_driver_api_list_start = .
 *(SORT_BY_NAME(SORT_BY_ALIGNMENT(._eeprom_driver_api.static.*)))
                0x0000000008009c08                _eeprom_driver_api_list_end = .

emul_bbram_driver_api_area
                0x0000000008009c08        0x0
                0x0000000008009c08                _emul_bbram_driver_api_list_start = .
 *(SORT_BY_NAME(SORT_BY_ALIGNMENT(._emul_bbram_driver_api.static.*)))
                0x0000000008009c08                _emul_bbram_driver_api_list_end = .

fuel_gauge_emul_driver_api_area
                0x0000000008009c08        0x0
                0x0000000008009c08                _fuel_gauge_emul_driver_api_list_start = .
 *(SORT_BY_NAME(SORT_BY_ALIGNMENT(._fuel_gauge_emul_driver_api.static.*)))
                0x0000000008009c08                _fuel_gauge_emul_driver_api_list_end = .

emul_sensor_driver_api_area
                0x0000000008009c08        0x0
                0x0000000008009c08                _emul_sensor_driver_api_list_start = .
 *(SORT_BY_NAME(SORT_BY_ALIGNMENT(._emul_sensor_driver_api.static.*)))
                0x0000000008009c08                _emul_sensor_driver_api_list_end = .

entropy_driver_api_area
                0x0000000008009c08        0x0
                0x0000000008009c08                _entropy_driver_api_list_start = .
 *(SORT_BY_NAME(SORT_BY_ALIGNMENT(._entropy_driver_api.static.*)))
                0x0000000008009c08                _entropy_driver_api_list_end = .

espi_driver_api_area
                0x0000000008009c08        0x0
                0x0000000008009c08                _espi_driver_api_list_start = .
 *(SORT_BY_NAME(SORT_BY_ALIGNMENT(._espi_driver_api.static.*)))
                0x0000000008009c08                _espi_driver_api_list_end = .

espi_saf_driver_api_area
                0x0000000008009c08        0x0
                0x0000000008009c08                _espi_saf_driver_api_list_start = .